[0.008s] Invoking command in '/home/jade/Desktop/eYRC_26-27_Hole-The_Explorer/eYRC_26-27_Hola-The-Explorer/build/task_1b': CMAKE_PREFIX_PATH=/opt/ros/humble /usr/bin/cmake /home/jade/Desktop/eYRC_26-27_Hole-The_Explorer/eYRC_26-27_Hola-The-Explorer/Software/workspace/src/task_1b -DCMAKE_INSTALL_PREFIX=/home/jade/Desktop/eYRC_26-27_Hole-The_Explorer/eYRC_26-27_Hola-The-Explorer/install/task_1b
[0.099s] -- The C compiler identification is GNU 11.4.0
[0.177s] -- The CXX compiler identification is GNU 11.4.0
[0.186s] -- Detecting C compiler ABI info
[0.268s] -- Detecting C compiler ABI info - done
[0.274s] -- Check for working C compiler: /usr/bin/cc - skipped
[0.275s] -- Detecting C compile features
[0.275s] -- Detecting C compile features - done
[0.278s] -- Detecting CXX compiler ABI info
[0.358s] -- Detecting CXX compiler ABI info - done
[0.365s] -- Check for working CXX compiler: /usr/bin/c++ - skipped
[0.365s] -- Detecting CXX compile features
[0.365s] -- Detecting CXX compile features - done
[0.371s] -- Found ament_cmake: 1.3.14 (/opt/ros/humble/share/ament_cmake/cmake)
[0.510s] -- Found Python3: /usr/bin/python3 (found version "3.10.12") found components: Interpreter 
[0.748s] -- Configuring done
[0.752s] -- Generating done
[0.754s] -- Build files have been written to: /home/jade/Desktop/eYRC_26-27_Hole-The_Explorer/eYRC_26-27_Hola-The-Explorer/build/task_1b
[0.759s] Invoked command in '/home/jade/Desktop/eYRC_26-27_Hole-The_Explorer/eYRC_26-27_Hola-The-Explorer/build/task_1b' returned '0': CMAKE_PREFIX_PATH=/opt/ros/humble /usr/bin/cmake /home/jade/Desktop/eYRC_26-27_Hole-The_Explorer/eYRC_26-27_Hola-The-Explorer/Software/workspace/src/task_1b -DCMAKE_INSTALL_PREFIX=/home/jade/Desktop/eYRC_26-27_Hole-The_Explorer/eYRC_26-27_Hola-The-Explorer/install/task_1b
[0.760s] Invoking command in '/home/jade/Desktop/eYRC_26-27_Hole-The_Explorer/eYRC_26-27_Hola-The-Explorer/build/task_1b': CMAKE_PREFIX_PATH=/opt/ros/humble /usr/bin/cmake --build /home/jade/Desktop/eYRC_26-27_Hole-The_Explorer/eYRC_26-27_Hola-The-Explorer/build/task_1b -- -j12 -l12
[0.816s] Built target ament_cmake_python_copy_task_1b
[1.046s] running egg_info
[1.047s] creating task_1b.egg-info
[1.047s] writing task_1b.egg-info/PKG-INFO
[1.047s] writing dependency_links to task_1b.egg-info/dependency_links.txt
[1.047s] writing top-level names to task_1b.egg-info/top_level.txt
[1.048s] writing manifest file 'task_1b.egg-info/SOURCES.txt'
[1.049s] reading manifest file 'task_1b.egg-info/SOURCES.txt'
[1.050s] writing manifest file 'task_1b.egg-info/SOURCES.txt'
[1.076s] Built target ament_cmake_python_build_task_1b_egg
[1.087s] Invoked command in '/home/jade/Desktop/eYRC_26-27_Hole-The_Explorer/eYRC_26-27_Hola-The-Explorer/build/task_1b' returned '0': CMAKE_PREFIX_PATH=/opt/ros/humble /usr/bin/cmake --build /home/jade/Desktop/eYRC_26-27_Hole-The_Explorer/eYRC_26-27_Hola-The-Explorer/build/task_1b -- -j12 -l12
[1.097s] Invoking command in '/home/jade/Desktop/eYRC_26-27_Hole-The_Explorer/eYRC_26-27_Hola-The-Explorer/build/task_1b': CMAKE_PREFIX_PATH=/opt/ros/humble /usr/bin/cmake --install /home/jade/Desktop/eYRC_26-27_Hole-The_Explorer/eYRC_26-27_Hola-The-Explorer/build/task_1b
[1.104s] -- Install configuration: ""
[1.104s] -- Installing: /home/jade/Desktop/eYRC_26-27_Hole-The_Explorer/eYRC_26-27_Hola-The-Explorer/install/task_1b/share/task_1b/environment/pythonpath.sh
[1.104s] -- Installing: /home/jade/Desktop/eYRC_26-27_Hole-The_Explorer/eYRC_26-27_Hola-The-Explorer/install/task_1b/share/task_1b/environment/pythonpath.dsv
[1.104s] -- Installing: /home/jade/Desktop/eYRC_26-27_Hole-The_Explorer/eYRC_26-27_Hola-The-Explorer/install/task_1b/local/lib/python3.10/dist-packages/task_1b-0.0.1-py3.10.egg-info
[1.104s] -- Installing: /home/jade/Desktop/eYRC_26-27_Hole-The_Explorer/eYRC_26-27_Hola-The-Explorer/install/task_1b/local/lib/python3.10/dist-packages/task_1b-0.0.1-py3.10.egg-info/top_level.txt
[1.104s] -- Installing: /home/jade/Desktop/eYRC_26-27_Hole-The_Explorer/eYRC_26-27_Hola-The-Explorer/install/task_1b/local/lib/python3.10/dist-packages/task_1b-0.0.1-py3.10.egg-info/SOURCES.txt
[1.105s] -- Installing: /home/jade/Desktop/eYRC_26-27_Hole-The_Explorer/eYRC_26-27_Hola-The-Explorer/install/task_1b/local/lib/python3.10/dist-packages/task_1b-0.0.1-py3.10.egg-info/PKG-INFO
[1.105s] -- Installing: /home/jade/Desktop/eYRC_26-27_Hole-The_Explorer/eYRC_26-27_Hola-The-Explorer/install/task_1b/local/lib/python3.10/dist-packages/task_1b-0.0.1-py3.10.egg-info/dependency_links.txt
[1.105s] -- Installing: /home/jade/Desktop/eYRC_26-27_Hole-The_Explorer/eYRC_26-27_Hola-The-Explorer/install/task_1b/local/lib/python3.10/dist-packages/task_1b
[1.105s] -- Installing: /home/jade/Desktop/eYRC_26-27_Hole-The_Explorer/eYRC_26-27_Hola-The-Explorer/install/task_1b/local/lib/python3.10/dist-packages/task_1b/inverse_kinematics.py
[1.105s] -- Installing: /home/jade/Desktop/eYRC_26-27_Hole-The_Explorer/eYRC_26-27_Hola-The-Explorer/install/task_1b/local/lib/python3.10/dist-packages/task_1b/__init__.py
[1.134s] Listing '/home/jade/Desktop/eYRC_26-27_Hole-The_Explorer/eYRC_26-27_Hola-The-Explorer/install/task_1b/local/lib/python3.10/dist-packages/task_1b'...
[1.134s] Compiling '/home/jade/Desktop/eYRC_26-27_Hole-The_Explorer/eYRC_26-27_Hola-The-Explorer/install/task_1b/local/lib/python3.10/dist-packages/task_1b/__init__.py'...
[1.134s] Compiling '/home/jade/Desktop/eYRC_26-27_Hole-The_Explorer/eYRC_26-27_Hola-The-Explorer/install/task_1b/local/lib/python3.10/dist-packages/task_1b/inverse_kinematics.py'...
[1.139s] -- Installing: /home/jade/Desktop/eYRC_26-27_Hole-The_Explorer/eYRC_26-27_Hola-The-Explorer/install/task_1b/lib/task_1b/inverse_kinematics
[1.139s] -- Installing: /home/jade/Desktop/eYRC_26-27_Hole-The_Explorer/eYRC_26-27_Hola-The-Explorer/install/task_1b/lib/task_1b/cmd_vel_publisher
[1.140s] -- Installing: /home/jade/Desktop/eYRC_26-27_Hole-The_Explorer/eYRC_26-27_Hola-The-Explorer/install/task_1b/share/ament_index/resource_index/package_run_dependencies/task_1b
[1.140s] -- Installing: /home/jade/Desktop/eYRC_26-27_Hole-The_Explorer/eYRC_26-27_Hola-The-Explorer/install/task_1b/share/ament_index/resource_index/parent_prefix_path/task_1b
[1.140s] -- Installing: /home/jade/Desktop/eYRC_26-27_Hole-The_Explorer/eYRC_26-27_Hola-The-Explorer/install/task_1b/share/task_1b/environment/ament_prefix_path.sh
[1.140s] -- Installing: /home/jade/Desktop/eYRC_26-27_Hole-The_Explorer/eYRC_26-27_Hola-The-Explorer/install/task_1b/share/task_1b/environment/ament_prefix_path.dsv
[1.140s] -- Installing: /home/jade/Desktop/eYRC_26-27_Hole-The_Explorer/eYRC_26-27_Hola-The-Explorer/install/task_1b/share/task_1b/environment/path.sh
[1.141s] -- Installing: /home/jade/Desktop/eYRC_26-27_Hole-The_Explorer/eYRC_26-27_Hola-The-Explorer/install/task_1b/share/task_1b/environment/path.dsv
[1.141s] -- Installing: /home/jade/Desktop/eYRC_26-27_Hole-The_Explorer/eYRC_26-27_Hola-The-Explorer/install/task_1b/share/task_1b/local_setup.bash
[1.141s] -- Installing: /home/jade/Desktop/eYRC_26-27_Hole-The_Explorer/eYRC_26-27_Hola-The-Explorer/install/task_1b/share/task_1b/local_setup.sh
[1.141s] -- Installing: /home/jade/Desktop/eYRC_26-27_Hole-The_Explorer/eYRC_26-27_Hola-The-Explorer/install/task_1b/share/task_1b/local_setup.zsh
[1.141s] -- Installing: /home/jade/Desktop/eYRC_26-27_Hole-The_Explorer/eYRC_26-27_Hola-The-Explorer/install/task_1b/share/task_1b/local_setup.dsv
[1.142s] -- Installing: /home/jade/Desktop/eYRC_26-27_Hole-The_Explorer/eYRC_26-27_Hola-The-Explorer/install/task_1b/share/task_1b/package.dsv
[1.142s] -- Installing: /home/jade/Desktop/eYRC_26-27_Hole-The_Explorer/eYRC_26-27_Hola-The-Explorer/install/task_1b/share/ament_index/resource_index/packages/task_1b
[1.142s] -- Installing: /home/jade/Desktop/eYRC_26-27_Hole-The_Explorer/eYRC_26-27_Hola-The-Explorer/install/task_1b/share/task_1b/cmake/task_1bConfig.cmake
[1.142s] -- Installing: /home/jade/Desktop/eYRC_26-27_Hole-The_Explorer/eYRC_26-27_Hola-The-Explorer/install/task_1b/share/task_1b/cmake/task_1bConfig-version.cmake
[1.143s] -- Installing: /home/jade/Desktop/eYRC_26-27_Hole-The_Explorer/eYRC_26-27_Hola-The-Explorer/install/task_1b/share/task_1b/package.xml
[1.145s] Invoked command in '/home/jade/Desktop/eYRC_26-27_Hole-The_Explorer/eYRC_26-27_Hola-The-Explorer/build/task_1b' returned '0': CMAKE_PREFIX_PATH=/opt/ros/humble /usr/bin/cmake --install /home/jade/Desktop/eYRC_26-27_Hole-The_Explorer/eYRC_26-27_Hola-The-Explorer/build/task_1b
