[0.011s] Invoking command in '/home/jade/Desktop/eYRC_26-27_Hole-The_Explorer/eYRC_26-27_Hola-The-Explorer/build/task_1c': AMENT_PREFIX_PATH=/home/jade/Desktop/eYRC_26-27_Hole-The_Explorer/eYRC_26-27_Hola-The-Explorer/install/shape_interface:${AMENT_PREFIX_PATH} CMAKE_PREFIX_PATH=/home/jade/Desktop/eYRC_26-27_Hole-The_Explorer/eYRC_26-27_Hola-The-Explorer/install/shape_interface:/opt/ros/humble LD_LIBRARY_PATH=/home/jade/Desktop/eYRC_26-27_Hole-The_Explorer/eYRC_26-27_Hola-The-Explorer/install/shape_interface/lib:${LD_LIBRARY_PATH} PYTHONPATH=/home/jade/Desktop/eYRC_26-27_Hole-The_Explorer/eYRC_26-27_Hola-The-Explorer/install/shape_interface/local/lib/python3.10/dist-packages:${PYTHONPATH} /usr/bin/cmake --build /home/jade/Desktop/eYRC_26-27_Hole-The_Explorer/eYRC_26-27_Hola-The-Explorer/build/task_1c -- -j12 -l12
[0.059s] Invoked command in '/home/jade/Desktop/eYRC_26-27_Hole-The_Explorer/eYRC_26-27_Hola-The-Explorer/build/task_1c' returned '0': AMENT_PREFIX_PATH=/home/jade/Desktop/eYRC_26-27_Hole-The_Explorer/eYRC_26-27_Hola-The-Explorer/install/shape_interface:${AMENT_PREFIX_PATH} CMAKE_PREFIX_PATH=/home/jade/Desktop/eYRC_26-27_Hole-The_Explorer/eYRC_26-27_Hola-The-Explorer/install/shape_interface:/opt/ros/humble LD_LIBRARY_PATH=/home/jade/Desktop/eYRC_26-27_Hole-The_Explorer/eYRC_26-27_Hola-The-Explorer/install/shape_interface/lib:${LD_LIBRARY_PATH} PYTHONPATH=/home/jade/Desktop/eYRC_26-27_Hole-The_Explorer/eYRC_26-27_Hola-The-Explorer/install/shape_interface/local/lib/python3.10/dist-packages:${PYTHONPATH} /usr/bin/cmake --build /home/jade/Desktop/eYRC_26-27_Hole-The_Explorer/eYRC_26-27_Hola-The-Explorer/build/task_1c -- -j12 -l12
[0.061s] Invoking command in '/home/jade/Desktop/eYRC_26-27_Hole-The_Explorer/eYRC_26-27_Hola-The-Explorer/build/task_1c': AMENT_PREFIX_PATH=/home/jade/Desktop/eYRC_26-27_Hole-The_Explorer/eYRC_26-27_Hola-The-Explorer/install/shape_interface:${AMENT_PREFIX_PATH} CMAKE_PREFIX_PATH=/home/jade/Desktop/eYRC_26-27_Hole-The_Explorer/eYRC_26-27_Hola-The-Explorer/install/shape_interface:/opt/ros/humble LD_LIBRARY_PATH=/home/jade/Desktop/eYRC_26-27_Hole-The_Explorer/eYRC_26-27_Hola-The-Explorer/install/shape_interface/lib:${LD_LIBRARY_PATH} PYTHONPATH=/home/jade/Desktop/eYRC_26-27_Hole-The_Explorer/eYRC_26-27_Hola-The-Explorer/install/shape_interface/local/lib/python3.10/dist-packages:${PYTHONPATH} /usr/bin/cmake --install /home/jade/Desktop/eYRC_26-27_Hole-The_Explorer/eYRC_26-27_Hola-The-Explorer/build/task_1c
[0.071s] -- Install configuration: ""
[0.071s] -- Installing: /home/jade/Desktop/eYRC_26-27_Hole-The_Explorer/eYRC_26-27_Hola-The-Explorer/install/task_1c/lib/task_1c/sim_control
[0.071s] -- Up-to-date: /home/jade/Desktop/eYRC_26-27_Hole-The_Explorer/eYRC_26-27_Hola-The-Explorer/install/task_1c/lib/task_1c/shape_service
[0.071s] -- Up-to-date: /home/jade/Desktop/eYRC_26-27_Hole-The_Explorer/eYRC_26-27_Hola-The-Explorer/install/task_1c/share/ament_index/resource_index/package_run_dependencies/task_1c
[0.071s] -- Up-to-date: /home/jade/Desktop/eYRC_26-27_Hole-The_Explorer/eYRC_26-27_Hola-The-Explorer/install/task_1c/share/ament_index/resource_index/parent_prefix_path/task_1c
[0.072s] -- Up-to-date: /home/jade/Desktop/eYRC_26-27_Hole-The_Explorer/eYRC_26-27_Hola-The-Explorer/install/task_1c/share/task_1c/environment/ament_prefix_path.sh
[0.072s] -- Up-to-date: /home/jade/Desktop/eYRC_26-27_Hole-The_Explorer/eYRC_26-27_Hola-The-Explorer/install/task_1c/share/task_1c/environment/ament_prefix_path.dsv
[0.072s] -- Up-to-date: /home/jade/Desktop/eYRC_26-27_Hole-The_Explorer/eYRC_26-27_Hola-The-Explorer/install/task_1c/share/task_1c/environment/path.sh
[0.072s] -- Up-to-date: /home/jade/Desktop/eYRC_26-27_Hole-The_Explorer/eYRC_26-27_Hola-The-Explorer/install/task_1c/share/task_1c/environment/path.dsv
[0.072s] -- Up-to-date: /home/jade/Desktop/eYRC_26-27_Hole-The_Explorer/eYRC_26-27_Hola-The-Explorer/install/task_1c/share/task_1c/local_setup.bash
[0.072s] -- Up-to-date: /home/jade/Desktop/eYRC_26-27_Hole-The_Explorer/eYRC_26-27_Hola-The-Explorer/install/task_1c/share/task_1c/local_setup.sh
[0.072s] -- Up-to-date: /home/jade/Desktop/eYRC_26-27_Hole-The_Explorer/eYRC_26-27_Hola-The-Explorer/install/task_1c/share/task_1c/local_setup.zsh
[0.072s] -- Up-to-date: /home/jade/Desktop/eYRC_26-27_Hole-The_Explorer/eYRC_26-27_Hola-The-Explorer/install/task_1c/share/task_1c/local_setup.dsv
[0.072s] -- Installing: /home/jade/Desktop/eYRC_26-27_Hole-The_Explorer/eYRC_26-27_Hola-The-Explorer/install/task_1c/share/task_1c/package.dsv
[0.072s] -- Up-to-date: /home/jade/Desktop/eYRC_26-27_Hole-The_Explorer/eYRC_26-27_Hola-The-Explorer/install/task_1c/share/ament_index/resource_index/packages/task_1c
[0.073s] -- Up-to-date: /home/jade/Desktop/eYRC_26-27_Hole-The_Explorer/eYRC_26-27_Hola-The-Explorer/install/task_1c/share/task_1c/cmake/task_1cConfig.cmake
[0.073s] -- Up-to-date: /home/jade/Desktop/eYRC_26-27_Hole-The_Explorer/eYRC_26-27_Hola-The-Explorer/install/task_1c/share/task_1c/cmake/task_1cConfig-version.cmake
[0.073s] -- Up-to-date: /home/jade/Desktop/eYRC_26-27_Hole-The_Explorer/eYRC_26-27_Hola-The-Explorer/install/task_1c/share/task_1c/package.xml
[0.075s] Invoked command in '/home/jade/Desktop/eYRC_26-27_Hole-The_Explorer/eYRC_26-27_Hola-The-Explorer/build/task_1c' returned '0': AMENT_PREFIX_PATH=/home/jade/Desktop/eYRC_26-27_Hole-The_Explorer/eYRC_26-27_Hola-The-Explorer/install/shape_interface:${AMENT_PREFIX_PATH} CMAKE_PREFIX_PATH=/home/jade/Desktop/eYRC_26-27_Hole-The_Explorer/eYRC_26-27_Hola-The-Explorer/install/shape_interface:/opt/ros/humble LD_LIBRARY_PATH=/home/jade/Desktop/eYRC_26-27_Hole-The_Explorer/eYRC_26-27_Hola-The-Explorer/install/shape_interface/lib:${LD_LIBRARY_PATH} PYTHONPATH=/home/jade/Desktop/eYRC_26-27_Hole-The_Explorer/eYRC_26-27_Hola-The-Explorer/install/shape_interface/local/lib/python3.10/dist-packages:${PYTHONPATH} /usr/bin/cmake --install /home/jade/Desktop/eYRC_26-27_Hole-The_Explorer/eYRC_26-27_Hola-The-Explorer/build/task_1c
