[0.010s] Invoking command in '/home/jade/Desktop/eYRC_26-27_Hole-The_Explorer/eYRC_26-27_Hola-The-Explorer/build/hb_description': AMENT_PREFIX_PATH=/home/jade/Desktop/eYRC_26-27_Hole-The_Explorer/eYRC_26-27_Hola-The-Explorer/install/task_1a:/home/jade/Desktop/eYRC_26-27_Hole-The_Explorer/eYRC_26-27_Hola-The-Explorer/install/shape_interface:${AMENT_PREFIX_PATH} CMAKE_PREFIX_PATH=/home/jade/Desktop/eYRC_26-27_Hole-The_Explorer/eYRC_26-27_Hola-The-Explorer/install/task_1a:/home/jade/Desktop/eYRC_26-27_Hole-The_Explorer/eYRC_26-27_Hola-The-Explorer/install/shape_interface:/opt/ros/humble LD_LIBRARY_PATH=/home/jade/Desktop/eYRC_26-27_Hole-The_Explorer/eYRC_26-27_Hola-The-Explorer/install/shape_interface/lib:${LD_LIBRARY_PATH} PYTHONPATH=/home/jade/Desktop/eYRC_26-27_Hole-The_Explorer/eYRC_26-27_Hola-The-Explorer/install/task_1a/local/lib/python3.10/dist-packages:/home/jade/Desktop/eYRC_26-27_Hole-The_Explorer/eYRC_26-27_Hola-The-Explorer/install/shape_interface/local/lib/python3.10/dist-packages:${PYTHONPATH} /usr/bin/cmake /home/jade/Desktop/eYRC_26-27_Hole-The_Explorer/eYRC_26-27_Hola-The-Explorer/Software/workspace/src/hb_description -DCMAKE_INSTALL_PREFIX=/home/jade/Desktop/eYRC_26-27_Hole-The_Explorer/eYRC_26-27_Hola-The-Explorer/install/hb_description
[0.075s] -- The C compiler identification is GNU 11.4.0
[0.131s] -- The CXX compiler identification is GNU 11.4.0
[0.138s] -- Detecting C compiler ABI info
[0.215s] -- Detecting C compiler ABI info - done
[0.221s] -- Check for working C compiler: /usr/bin/cc - skipped
[0.221s] -- Detecting C compile features
[0.222s] -- Detecting C compile features - done
[0.224s] -- Detecting CXX compiler ABI info
[0.322s] -- Detecting CXX compiler ABI info - done
[0.330s] -- Check for working CXX compiler: /usr/bin/c++ - skipped
[0.330s] -- Detecting CXX compile features
[0.330s] -- Detecting CXX compile features - done
[0.333s] -- Found ament_cmake: 1.3.14 (/opt/ros/humble/share/ament_cmake/cmake)
[0.487s] -- Found Python3: /usr/bin/python3 (found version "3.10.12") found components: Interpreter 
[0.633s] -- Configuring done
[0.636s] -- Generating done
[0.638s] -- Build files have been written to: /home/jade/Desktop/eYRC_26-27_Hole-The_Explorer/eYRC_26-27_Hola-The-Explorer/build/hb_description
[0.642s] Invoked command in '/home/jade/Desktop/eYRC_26-27_Hole-The_Explorer/eYRC_26-27_Hola-The-Explorer/build/hb_description' returned '0': AMENT_PREFIX_PATH=/home/jade/Desktop/eYRC_26-27_Hole-The_Explorer/eYRC_26-27_Hola-The-Explorer/install/task_1a:/home/jade/Desktop/eYRC_26-27_Hole-The_Explorer/eYRC_26-27_Hola-The-Explorer/install/shape_interface:${AMENT_PREFIX_PATH} CMAKE_PREFIX_PATH=/home/jade/Desktop/eYRC_26-27_Hole-The_Explorer/eYRC_26-27_Hola-The-Explorer/install/task_1a:/home/jade/Desktop/eYRC_26-27_Hole-The_Explorer/eYRC_26-27_Hola-The-Explorer/install/shape_interface:/opt/ros/humble LD_LIBRARY_PATH=/home/jade/Desktop/eYRC_26-27_Hole-The_Explorer/eYRC_26-27_Hola-The-Explorer/install/shape_interface/lib:${LD_LIBRARY_PATH} PYTHONPATH=/home/jade/Desktop/eYRC_26-27_Hole-The_Explorer/eYRC_26-27_Hola-The-Explorer/install/task_1a/local/lib/python3.10/dist-packages:/home/jade/Desktop/eYRC_26-27_Hole-The_Explorer/eYRC_26-27_Hola-The-Explorer/install/shape_interface/local/lib/python3.10/dist-packages:${PYTHONPATH} /usr/bin/cmake /home/jade/Desktop/eYRC_26-27_Hole-The_Explorer/eYRC_26-27_Hola-The-Explorer/Software/workspace/src/hb_description -DCMAKE_INSTALL_PREFIX=/home/jade/Desktop/eYRC_26-27_Hole-The_Explorer/eYRC_26-27_Hola-The-Explorer/install/hb_description
[0.644s] Invoking command in '/home/jade/Desktop/eYRC_26-27_Hole-The_Explorer/eYRC_26-27_Hola-The-Explorer/build/hb_description': AMENT_PREFIX_PATH=/home/jade/Desktop/eYRC_26-27_Hole-The_Explorer/eYRC_26-27_Hola-The-Explorer/install/task_1a:/home/jade/Desktop/eYRC_26-27_Hole-The_Explorer/eYRC_26-27_Hola-The-Explorer/install/shape_interface:${AMENT_PREFIX_PATH} CMAKE_PREFIX_PATH=/home/jade/Desktop/eYRC_26-27_Hole-The_Explorer/eYRC_26-27_Hola-The-Explorer/install/task_1a:/home/jade/Desktop/eYRC_26-27_Hole-The_Explorer/eYRC_26-27_Hola-The-Explorer/install/shape_interface:/opt/ros/humble LD_LIBRARY_PATH=/home/jade/Desktop/eYRC_26-27_Hole-The_Explorer/eYRC_26-27_Hola-The-Explorer/install/shape_interface/lib:${LD_LIBRARY_PATH} PYTHONPATH=/home/jade/Desktop/eYRC_26-27_Hole-The_Explorer/eYRC_26-27_Hola-The-Explorer/install/task_1a/local/lib/python3.10/dist-packages:/home/jade/Desktop/eYRC_26-27_Hole-The_Explorer/eYRC_26-27_Hola-The-Explorer/install/shape_interface/local/lib/python3.10/dist-packages:${PYTHONPATH} /usr/bin/cmake --build /home/jade/Desktop/eYRC_26-27_Hole-The_Explorer/eYRC_26-27_Hola-The-Explorer/build/hb_description -- -j12 -l12
[0.680s] Invoked command in '/home/jade/Desktop/eYRC_26-27_Hole-The_Explorer/eYRC_26-27_Hola-The-Explorer/build/hb_description' returned '0': AMENT_PREFIX_PATH=/home/jade/Desktop/eYRC_26-27_Hole-The_Explorer/eYRC_26-27_Hola-The-Explorer/install/task_1a:/home/jade/Desktop/eYRC_26-27_Hole-The_Explorer/eYRC_26-27_Hola-The-Explorer/install/shape_interface:${AMENT_PREFIX_PATH} CMAKE_PREFIX_PATH=/home/jade/Desktop/eYRC_26-27_Hole-The_Explorer/eYRC_26-27_Hola-The-Explorer/install/task_1a:/home/jade/Desktop/eYRC_26-27_Hole-The_Explorer/eYRC_26-27_Hola-The-Explorer/install/shape_interface:/opt/ros/humble LD_LIBRARY_PATH=/home/jade/Desktop/eYRC_26-27_Hole-The_Explorer/eYRC_26-27_Hola-The-Explorer/install/shape_interface/lib:${LD_LIBRARY_PATH} PYTHONPATH=/home/jade/Desktop/eYRC_26-27_Hole-The_Explorer/eYRC_26-27_Hola-The-Explorer/install/task_1a/local/lib/python3.10/dist-packages:/home/jade/Desktop/eYRC_26-27_Hole-The_Explorer/eYRC_26-27_Hola-The-Explorer/install/shape_interface/local/lib/python3.10/dist-packages:${PYTHONPATH} /usr/bin/cmake --build /home/jade/Desktop/eYRC_26-27_Hole-The_Explorer/eYRC_26-27_Hola-The-Explorer/build/hb_description -- -j12 -l12
[0.681s] Invoking command in '/home/jade/Desktop/eYRC_26-27_Hole-The_Explorer/eYRC_26-27_Hola-The-Explorer/build/hb_description': AMENT_PREFIX_PATH=/home/jade/Desktop/eYRC_26-27_Hole-The_Explorer/eYRC_26-27_Hola-The-Explorer/install/task_1a:/home/jade/Desktop/eYRC_26-27_Hole-The_Explorer/eYRC_26-27_Hola-The-Explorer/install/shape_interface:${AMENT_PREFIX_PATH} CMAKE_PREFIX_PATH=/home/jade/Desktop/eYRC_26-27_Hole-The_Explorer/eYRC_26-27_Hola-The-Explorer/install/task_1a:/home/jade/Desktop/eYRC_26-27_Hole-The_Explorer/eYRC_26-27_Hola-The-Explorer/install/shape_interface:/opt/ros/humble LD_LIBRARY_PATH=/home/jade/Desktop/eYRC_26-27_Hole-The_Explorer/eYRC_26-27_Hola-The-Explorer/install/shape_interface/lib:${LD_LIBRARY_PATH} PYTHONPATH=/home/jade/Desktop/eYRC_26-27_Hole-The_Explorer/eYRC_26-27_Hola-The-Explorer/install/task_1a/local/lib/python3.10/dist-packages:/home/jade/Desktop/eYRC_26-27_Hole-The_Explorer/eYRC_26-27_Hola-The-Explorer/install/shape_interface/local/lib/python3.10/dist-packages:${PYTHONPATH} /usr/bin/cmake --install /home/jade/Desktop/eYRC_26-27_Hole-The_Explorer/eYRC_26-27_Hola-The-Explorer/build/hb_description
[0.689s] -- Install configuration: ""
[0.689s] -- Installing: /home/jade/Desktop/eYRC_26-27_Hole-The_Explorer/eYRC_26-27_Hola-The-Explorer/install/hb_description/lib/hb_description/task1a_bridge
[0.713s] -- Installing: /home/jade/Desktop/eYRC_26-27_Hole-The_Explorer/eYRC_26-27_Hola-The-Explorer/install/hb_description/lib/hb_description/task1a_camera
[0.733s] -- Installing: /home/jade/Desktop/eYRC_26-27_Hole-The_Explorer/eYRC_26-27_Hola-The-Explorer/install/hb_description/lib/hb_description/task1c_bridge
[0.765s] -- Installing: /home/jade/Desktop/eYRC_26-27_Hole-The_Explorer/eYRC_26-27_Hola-The-Explorer/install/hb_description/lib/hb_description/task1c_camera
[0.797s] -- Installing: /home/jade/Desktop/eYRC_26-27_Hole-The_Explorer/eYRC_26-27_Hola-The-Explorer/install/hb_description/lib/hb_description/camera_stream
[0.797s] -- Up-to-date: /home/jade/Desktop/eYRC_26-27_Hole-The_Explorer/eYRC_26-27_Hola-The-Explorer/install/hb_description/lib
[0.797s] -- Installing: /home/jade/Desktop/eYRC_26-27_Hole-The_Explorer/eYRC_26-27_Hola-The-Explorer/install/hb_description/lib/libhb_source__rosidl_typesupport_fastrtps_cpp.so
[0.798s] -- Installing: /home/jade/Desktop/eYRC_26-27_Hole-The_Explorer/eYRC_26-27_Hola-The-Explorer/install/hb_description/lib/libmujoco.so.3.4.0
[0.806s] -- Installing: /home/jade/Desktop/eYRC_26-27_Hole-The_Explorer/eYRC_26-27_Hola-The-Explorer/install/hb_description/lib/libhb_source__rosidl_typesupport_cpp.so
[0.807s] -- Installing: /home/jade/Desktop/eYRC_26-27_Hole-The_Explorer/eYRC_26-27_Hola-The-Explorer/install/hb_description/lib/libhb_source__rosidl_typesupport_fastrtps_c.so
[0.807s] -- Installing: /home/jade/Desktop/eYRC_26-27_Hole-The_Explorer/eYRC_26-27_Hola-The-Explorer/install/hb_description/lib/libhb_source__rosidl_generator_py.so
[0.807s] -- Installing: /home/jade/Desktop/eYRC_26-27_Hole-The_Explorer/eYRC_26-27_Hola-The-Explorer/install/hb_description/lib/libhb_source__rosidl_typesupport_introspection_c.so
[0.808s] -- Installing: /home/jade/Desktop/eYRC_26-27_Hole-The_Explorer/eYRC_26-27_Hola-The-Explorer/install/hb_description/lib/libhb_source__rosidl_generator_c.so
[0.808s] -- Installing: /home/jade/Desktop/eYRC_26-27_Hole-The_Explorer/eYRC_26-27_Hola-The-Explorer/install/hb_description/lib/libmujoco.so
[0.808s] -- Installing: /home/jade/Desktop/eYRC_26-27_Hole-The_Explorer/eYRC_26-27_Hola-The-Explorer/install/hb_description/lib/libhb_source__rosidl_typesupport_introspection_cpp.so
[0.808s] -- Installing: /home/jade/Desktop/eYRC_26-27_Hole-The_Explorer/eYRC_26-27_Hola-The-Explorer/install/hb_description/lib/libhb_source__rosidl_typesupport_c.so
[0.809s] -- Installing: /home/jade/Desktop/eYRC_26-27_Hole-The_Explorer/eYRC_26-27_Hola-The-Explorer/install/hb_description/share/hb_description/launch
[0.809s] -- Installing: /home/jade/Desktop/eYRC_26-27_Hole-The_Explorer/eYRC_26-27_Hola-The-Explorer/install/hb_description/share/hb_description/launch/task1c.launch.py
[0.809s] -- Installing: /home/jade/Desktop/eYRC_26-27_Hole-The_Explorer/eYRC_26-27_Hola-The-Explorer/install/hb_description/share/hb_description/launch/task1a.launch.py
[0.809s] -- Installing: /home/jade/Desktop/eYRC_26-27_Hole-The_Explorer/eYRC_26-27_Hola-The-Explorer/install/hb_description/share/hb_description/launch/task1b.launch.py
[0.809s] -- Installing: /home/jade/Desktop/eYRC_26-27_Hole-The_Explorer/eYRC_26-27_Hola-The-Explorer/install/hb_description/share/ament_index/resource_index/package_run_dependencies/hb_description
[0.809s] -- Installing: /home/jade/Desktop/eYRC_26-27_Hole-The_Explorer/eYRC_26-27_Hola-The-Explorer/install/hb_description/share/ament_index/resource_index/parent_prefix_path/hb_description
[0.810s] -- Installing: /home/jade/Desktop/eYRC_26-27_Hole-The_Explorer/eYRC_26-27_Hola-The-Explorer/install/hb_description/share/hb_description/environment/ament_prefix_path.sh
[0.810s] -- Installing: /home/jade/Desktop/eYRC_26-27_Hole-The_Explorer/eYRC_26-27_Hola-The-Explorer/install/hb_description/share/hb_description/environment/ament_prefix_path.dsv
[0.810s] -- Installing: /home/jade/Desktop/eYRC_26-27_Hole-The_Explorer/eYRC_26-27_Hola-The-Explorer/install/hb_description/share/hb_description/environment/path.sh
[0.810s] -- Installing: /home/jade/Desktop/eYRC_26-27_Hole-The_Explorer/eYRC_26-27_Hola-The-Explorer/install/hb_description/share/hb_description/environment/path.dsv
[0.810s] -- Installing: /home/jade/Desktop/eYRC_26-27_Hole-The_Explorer/eYRC_26-27_Hola-The-Explorer/install/hb_description/share/hb_description/local_setup.bash
[0.810s] -- Installing: /home/jade/Desktop/eYRC_26-27_Hole-The_Explorer/eYRC_26-27_Hola-The-Explorer/install/hb_description/share/hb_description/local_setup.sh
[0.811s] -- Installing: /home/jade/Desktop/eYRC_26-27_Hole-The_Explorer/eYRC_26-27_Hola-The-Explorer/install/hb_description/share/hb_description/local_setup.zsh
[0.811s] -- Installing: /home/jade/Desktop/eYRC_26-27_Hole-The_Explorer/eYRC_26-27_Hola-The-Explorer/install/hb_description/share/hb_description/local_setup.dsv
[0.811s] -- Installing: /home/jade/Desktop/eYRC_26-27_Hole-The_Explorer/eYRC_26-27_Hola-The-Explorer/install/hb_description/share/hb_description/package.dsv
[0.811s] -- Installing: /home/jade/Desktop/eYRC_26-27_Hole-The_Explorer/eYRC_26-27_Hola-The-Explorer/install/hb_description/share/ament_index/resource_index/packages/hb_description
[0.811s] -- Installing: /home/jade/Desktop/eYRC_26-27_Hole-The_Explorer/eYRC_26-27_Hola-The-Explorer/install/hb_description/share/hb_description/cmake/hb_descriptionConfig.cmake
[0.811s] -- Installing: /home/jade/Desktop/eYRC_26-27_Hole-The_Explorer/eYRC_26-27_Hola-The-Explorer/install/hb_description/share/hb_description/cmake/hb_descriptionConfig-version.cmake
[0.812s] -- Installing: /home/jade/Desktop/eYRC_26-27_Hole-The_Explorer/eYRC_26-27_Hola-The-Explorer/install/hb_description/share/hb_description/package.xml
[0.814s] Invoked command in '/home/jade/Desktop/eYRC_26-27_Hole-The_Explorer/eYRC_26-27_Hola-The-Explorer/build/hb_description' returned '0': AMENT_PREFIX_PATH=/home/jade/Desktop/eYRC_26-27_Hole-The_Explorer/eYRC_26-27_Hola-The-Explorer/install/task_1a:/home/jade/Desktop/eYRC_26-27_Hole-The_Explorer/eYRC_26-27_Hola-The-Explorer/install/shape_interface:${AMENT_PREFIX_PATH} CMAKE_PREFIX_PATH=/home/jade/Desktop/eYRC_26-27_Hole-The_Explorer/eYRC_26-27_Hola-The-Explorer/install/task_1a:/home/jade/Desktop/eYRC_26-27_Hole-The_Explorer/eYRC_26-27_Hola-The-Explorer/install/shape_interface:/opt/ros/humble LD_LIBRARY_PATH=/home/jade/Desktop/eYRC_26-27_Hole-The_Explorer/eYRC_26-27_Hola-The-Explorer/install/shape_interface/lib:${LD_LIBRARY_PATH} PYTHONPATH=/home/jade/Desktop/eYRC_26-27_Hole-The_Explorer/eYRC_26-27_Hola-The-Explorer/install/task_1a/local/lib/python3.10/dist-packages:/home/jade/Desktop/eYRC_26-27_Hole-The_Explorer/eYRC_26-27_Hola-The-Explorer/install/shape_interface/local/lib/python3.10/dist-packages:${PYTHONPATH} /usr/bin/cmake --install /home/jade/Desktop/eYRC_26-27_Hole-The_Explorer/eYRC_26-27_Hola-The-Explorer/build/hb_description
