[0.098s] DEBUG:colcon:Command line arguments: ['/usr/bin/colcon', 'build']
[0.098s] DEBUG:colcon:Parsed command line arguments: Namespace(log_base=None, log_level=None, verb_name='build', build_base='build', install_base='install', merge_install=False, symlink_install=False, test_result_base=None, continue_on_error=False, executor='parallel', parallel_workers=12, event_handlers=None, ignore_user_meta=False, metas=['./colcon.meta'], base_paths=['.'], packages_ignore=None, packages_ignore_regex=None, paths=None, packages_up_to=None, packages_up_to_regex=None, packages_above=None, packages_above_and_dependencies=None, packages_above_depth=None, packages_select_by_dep=None, packages_skip_by_dep=None, packages_skip_up_to=None, packages_select_build_failed=False, packages_skip_build_finished=False, packages_select_test_failures=False, packages_skip_test_passed=False, packages_select=None, packages_skip=None, packages_select_regex=None, packages_skip_regex=None, packages_start=None, packages_end=None, allow_overriding=[], cmake_args=None, cmake_target=None, cmake_target_skip_unavailable=False, cmake_clean_cache=False, cmake_clean_first=False, cmake_force_configure=False, ament_cmake_args=None, catkin_cmake_args=None, catkin_skip_building_tests=False, mixin_files=None, mixin=None, verb_parser=<colcon_mixin.mixin.mixin_argument.MixinArgumentDecorator object at 0x7b6004269660>, verb_extension=<colcon_core.verb.build.BuildVerb object at 0x7b6004268fd0>, main=<bound method BuildVerb.main of <colcon_core.verb.build.BuildVerb object at 0x7b6004268fd0>>, mixin_verb=('build',))
[0.250s] Level 1:colcon.colcon_core.package_discovery:discover_packages(colcon_meta) check parameters
[0.250s] Level 1:colcon.colcon_core.package_discovery:discover_packages(recursive) check parameters
[0.250s] Level 1:colcon.colcon_core.package_discovery:discover_packages(ignore) check parameters
[0.250s] Level 1:colcon.colcon_core.package_discovery:discover_packages(path) check parameters
[0.250s] Level 1:colcon.colcon_core.package_discovery:discover_packages(colcon_meta) discover
[0.250s] Level 1:colcon.colcon_core.package_discovery:discover_packages(recursive) discover
[0.250s] INFO:colcon.colcon_core.package_discovery:Crawling recursively for packages in '/home/jade/Desktop/eYRC_26-27_Hole-The_Explorer/eYRC_26-27_Hola-The-Explorer'
[0.250s] Level 1:colcon.colcon_core.package_identification:_identify(.) by extensions ['ignore', 'ignore_ament_install']
[0.250s] Level 1:colcon.colcon_core.package_identification:_identify(.) by extension 'ignore'
[0.251s] Level 1:colcon.colcon_core.package_identification:_identify(.) by extension 'ignore_ament_install'
[0.251s] Level 1:colcon.colcon_core.package_identification:_identify(.) by extensions ['colcon_pkg']
[0.251s] Level 1:colcon.colcon_core.package_identification:_identify(.) by extension 'colcon_pkg'
[0.251s] Level 1:colcon.colcon_core.package_identification:_identify(.) by extensions ['colcon_meta']
[0.251s] Level 1:colcon.colcon_core.package_identification:_identify(.) by extension 'colcon_meta'
[0.251s] Level 1:colcon.colcon_core.package_identification:_identify(.) by extensions ['ros']
[0.251s] Level 1:colcon.colcon_core.package_identification:_identify(.) by extension 'ros'
[0.260s] Level 1:colcon.colcon_core.package_identification:_identify(.) by extensions ['cmake', 'python']
[0.260s] Level 1:colcon.colcon_core.package_identification:_identify(.) by extension 'cmake'
[0.260s] Level 1:colcon.colcon_core.package_identification:_identify(.) by extension 'python'
[0.260s] Level 1:colcon.colcon_core.package_identification:_identify(.) by extensions ['python_setup_py']
[0.260s] Level 1:colcon.colcon_core.package_identification:_identify(.) by extension 'python_setup_py'
[0.260s] Level 1:colcon.colcon_core.package_identification:_identify(Software) by extensions ['ignore', 'ignore_ament_install']
[0.260s] Level 1:colcon.colcon_core.package_identification:_identify(Software) by extension 'ignore'
[0.260s] Level 1:colcon.colcon_core.package_identification:_identify(Software) by extension 'ignore_ament_install'
[0.260s] Level 1:colcon.colcon_core.package_identification:_identify(Software) by extensions ['colcon_pkg']
[0.260s] Level 1:colcon.colcon_core.package_identification:_identify(Software) by extension 'colcon_pkg'
[0.260s] Level 1:colcon.colcon_core.package_identification:_identify(Software) by extensions ['colcon_meta']
[0.260s] Level 1:colcon.colcon_core.package_identification:_identify(Software) by extension 'colcon_meta'
[0.260s] Level 1:colcon.colcon_core.package_identification:_identify(Software) by extensions ['ros']
[0.260s] Level 1:colcon.colcon_core.package_identification:_identify(Software) by extension 'ros'
[0.260s] Level 1:colcon.colcon_core.package_identification:_identify(Software) by extensions ['cmake', 'python']
[0.260s] Level 1:colcon.colcon_core.package_identification:_identify(Software) by extension 'cmake'
[0.260s] Level 1:colcon.colcon_core.package_identification:_identify(Software) by extension 'python'
[0.260s] Level 1:colcon.colcon_core.package_identification:_identify(Software) by extensions ['python_setup_py']
[0.261s] Level 1:colcon.colcon_core.package_identification:_identify(Software) by extension 'python_setup_py'
[0.261s] Level 1:colcon.colcon_core.package_identification:_identify(Software/workspace) by extensions ['ignore', 'ignore_ament_install']
[0.261s] Level 1:colcon.colcon_core.package_identification:_identify(Software/workspace) by extension 'ignore'
[0.261s] Level 1:colcon.colcon_core.package_identification:_identify(Software/workspace) by extension 'ignore_ament_install'
[0.261s] Level 1:colcon.colcon_core.package_identification:_identify(Software/workspace) by extensions ['colcon_pkg']
[0.261s] Level 1:colcon.colcon_core.package_identification:_identify(Software/workspace) by extension 'colcon_pkg'
[0.261s] Level 1:colcon.colcon_core.package_identification:_identify(Software/workspace) by extensions ['colcon_meta']
[0.261s] Level 1:colcon.colcon_core.package_identification:_identify(Software/workspace) by extension 'colcon_meta'
[0.261s] Level 1:colcon.colcon_core.package_identification:_identify(Software/workspace) by extensions ['ros']
[0.261s] Level 1:colcon.colcon_core.package_identification:_identify(Software/workspace) by extension 'ros'
[0.261s] Level 1:colcon.colcon_core.package_identification:_identify(Software/workspace) by extensions ['cmake', 'python']
[0.261s] Level 1:colcon.colcon_core.package_identification:_identify(Software/workspace) by extension 'cmake'
[0.261s] Level 1:colcon.colcon_core.package_identification:_identify(Software/workspace) by extension 'python'
[0.261s] Level 1:colcon.colcon_core.package_identification:_identify(Software/workspace) by extensions ['python_setup_py']
[0.261s] Level 1:colcon.colcon_core.package_identification:_identify(Software/workspace) by extension 'python_setup_py'
[0.261s] Level 1:colcon.colcon_core.package_identification:_identify(Software/workspace/src) by extensions ['ignore', 'ignore_ament_install']
[0.261s] Level 1:colcon.colcon_core.package_identification:_identify(Software/workspace/src) by extension 'ignore'
[0.261s] Level 1:colcon.colcon_core.package_identification:_identify(Software/workspace/src) by extension 'ignore_ament_install'
[0.261s] Level 1:colcon.colcon_core.package_identification:_identify(Software/workspace/src) by extensions ['colcon_pkg']
[0.261s] Level 1:colcon.colcon_core.package_identification:_identify(Software/workspace/src) by extension 'colcon_pkg'
[0.261s] Level 1:colcon.colcon_core.package_identification:_identify(Software/workspace/src) by extensions ['colcon_meta']
[0.261s] Level 1:colcon.colcon_core.package_identification:_identify(Software/workspace/src) by extension 'colcon_meta'
[0.262s] Level 1:colcon.colcon_core.package_identification:_identify(Software/workspace/src) by extensions ['ros']
[0.262s] Level 1:colcon.colcon_core.package_identification:_identify(Software/workspace/src) by extension 'ros'
[0.262s] Level 1:colcon.colcon_core.package_identification:_identify(Software/workspace/src) by extensions ['cmake', 'python']
[0.262s] Level 1:colcon.colcon_core.package_identification:_identify(Software/workspace/src) by extension 'cmake'
[0.262s] Level 1:colcon.colcon_core.package_identification:_identify(Software/workspace/src) by extension 'python'
[0.262s] Level 1:colcon.colcon_core.package_identification:_identify(Software/workspace/src) by extensions ['python_setup_py']
[0.262s] Level 1:colcon.colcon_core.package_identification:_identify(Software/workspace/src) by extension 'python_setup_py'
[0.262s] Level 1:colcon.colcon_core.package_identification:_identify(Software/workspace/src/hb_description) by extensions ['ignore', 'ignore_ament_install']
[0.262s] Level 1:colcon.colcon_core.package_identification:_identify(Software/workspace/src/hb_description) by extension 'ignore'
[0.262s] Level 1:colcon.colcon_core.package_identification:_identify(Software/workspace/src/hb_description) by extension 'ignore_ament_install'
[0.262s] Level 1:colcon.colcon_core.package_identification:_identify(Software/workspace/src/hb_description) by extensions ['colcon_pkg']
[0.262s] Level 1:colcon.colcon_core.package_identification:_identify(Software/workspace/src/hb_description) by extension 'colcon_pkg'
[0.262s] Level 1:colcon.colcon_core.package_identification:_identify(Software/workspace/src/hb_description) by extensions ['colcon_meta']
[0.262s] Level 1:colcon.colcon_core.package_identification:_identify(Software/workspace/src/hb_description) by extension 'colcon_meta'
[0.262s] Level 1:colcon.colcon_core.package_identification:_identify(Software/workspace/src/hb_description) by extensions ['ros']
[0.262s] Level 1:colcon.colcon_core.package_identification:_identify(Software/workspace/src/hb_description) by extension 'ros'
[0.264s] DEBUG:colcon.colcon_core.package_identification:Package 'Software/workspace/src/hb_description' with type 'ros.ament_cmake' and name 'hb_description'
[0.265s] Level 1:colcon.colcon_core.package_identification:_identify(Software/workspace/src/shape_interface) by extensions ['ignore', 'ignore_ament_install']
[0.265s] Level 1:colcon.colcon_core.package_identification:_identify(Software/workspace/src/shape_interface) by extension 'ignore'
[0.265s] Level 1:colcon.colcon_core.package_identification:_identify(Software/workspace/src/shape_interface) by extension 'ignore_ament_install'
[0.265s] Level 1:colcon.colcon_core.package_identification:_identify(Software/workspace/src/shape_interface) by extensions ['colcon_pkg']
[0.265s] Level 1:colcon.colcon_core.package_identification:_identify(Software/workspace/src/shape_interface) by extension 'colcon_pkg'
[0.265s] Level 1:colcon.colcon_core.package_identification:_identify(Software/workspace/src/shape_interface) by extensions ['colcon_meta']
[0.265s] Level 1:colcon.colcon_core.package_identification:_identify(Software/workspace/src/shape_interface) by extension 'colcon_meta'
[0.265s] Level 1:colcon.colcon_core.package_identification:_identify(Software/workspace/src/shape_interface) by extensions ['ros']
[0.265s] Level 1:colcon.colcon_core.package_identification:_identify(Software/workspace/src/shape_interface) by extension 'ros'
[0.265s] DEBUG:colcon.colcon_core.package_identification:Package 'Software/workspace/src/shape_interface' with type 'ros.ament_cmake' and name 'shape_interface'
[0.266s] Level 1:colcon.colcon_core.package_identification:_identify(Software/workspace/src/task_1a) by extensions ['ignore', 'ignore_ament_install']
[0.266s] Level 1:colcon.colcon_core.package_identification:_identify(Software/workspace/src/task_1a) by extension 'ignore'
[0.266s] Level 1:colcon.colcon_core.package_identification:_identify(Software/workspace/src/task_1a) by extension 'ignore_ament_install'
[0.266s] Level 1:colcon.colcon_core.package_identification:_identify(Software/workspace/src/task_1a) by extensions ['colcon_pkg']
[0.266s] Level 1:colcon.colcon_core.package_identification:_identify(Software/workspace/src/task_1a) by extension 'colcon_pkg'
[0.266s] Level 1:colcon.colcon_core.package_identification:_identify(Software/workspace/src/task_1a) by extensions ['colcon_meta']
[0.266s] Level 1:colcon.colcon_core.package_identification:_identify(Software/workspace/src/task_1a) by extension 'colcon_meta'
[0.266s] Level 1:colcon.colcon_core.package_identification:_identify(Software/workspace/src/task_1a) by extensions ['ros']
[0.266s] Level 1:colcon.colcon_core.package_identification:_identify(Software/workspace/src/task_1a) by extension 'ros'
[0.267s] DEBUG:colcon.colcon_core.package_identification:Package 'Software/workspace/src/task_1a' with type 'ros.ament_cmake' and name 'task_1a'
[0.267s] Level 1:colcon.colcon_core.package_identification:_identify(Software/workspace/src/task_1b) by extensions ['ignore', 'ignore_ament_install']
[0.267s] Level 1:colcon.colcon_core.package_identification:_identify(Software/workspace/src/task_1b) by extension 'ignore'
[0.267s] Level 1:colcon.colcon_core.package_identification:_identify(Software/workspace/src/task_1b) by extension 'ignore_ament_install'
[0.267s] Level 1:colcon.colcon_core.package_identification:_identify(Software/workspace/src/task_1b) by extensions ['colcon_pkg']
[0.267s] Level 1:colcon.colcon_core.package_identification:_identify(Software/workspace/src/task_1b) by extension 'colcon_pkg'
[0.267s] Level 1:colcon.colcon_core.package_identification:_identify(Software/workspace/src/task_1b) by extensions ['colcon_meta']
[0.267s] Level 1:colcon.colcon_core.package_identification:_identify(Software/workspace/src/task_1b) by extension 'colcon_meta'
[0.267s] Level 1:colcon.colcon_core.package_identification:_identify(Software/workspace/src/task_1b) by extensions ['ros']
[0.267s] Level 1:colcon.colcon_core.package_identification:_identify(Software/workspace/src/task_1b) by extension 'ros'
[0.268s] DEBUG:colcon.colcon_core.package_identification:Package 'Software/workspace/src/task_1b' with type 'ros.ament_cmake' and name 'task_1b'
[0.268s] Level 1:colcon.colcon_core.package_identification:_identify(Software/workspace/src/task_1c) by extensions ['ignore', 'ignore_ament_install']
[0.268s] Level 1:colcon.colcon_core.package_identification:_identify(Software/workspace/src/task_1c) by extension 'ignore'
[0.268s] Level 1:colcon.colcon_core.package_identification:_identify(Software/workspace/src/task_1c) by extension 'ignore_ament_install'
[0.268s] Level 1:colcon.colcon_core.package_identification:_identify(Software/workspace/src/task_1c) by extensions ['colcon_pkg']
[0.268s] Level 1:colcon.colcon_core.package_identification:_identify(Software/workspace/src/task_1c) by extension 'colcon_pkg'
[0.268s] Level 1:colcon.colcon_core.package_identification:_identify(Software/workspace/src/task_1c) by extensions ['colcon_meta']
[0.268s] Level 1:colcon.colcon_core.package_identification:_identify(Software/workspace/src/task_1c) by extension 'colcon_meta'
[0.268s] Level 1:colcon.colcon_core.package_identification:_identify(Software/workspace/src/task_1c) by extensions ['ros']
[0.268s] Level 1:colcon.colcon_core.package_identification:_identify(Software/workspace/src/task_1c) by extension 'ros'
[0.269s] DEBUG:colcon.colcon_core.package_identification:Package 'Software/workspace/src/task_1c' with type 'ros.ament_cmake' and name 'task_1c'
[0.269s] Level 1:colcon.colcon_core.package_identification:_identify(assets) by extensions ['ignore', 'ignore_ament_install']
[0.269s] Level 1:colcon.colcon_core.package_identification:_identify(assets) by extension 'ignore'
[0.269s] Level 1:colcon.colcon_core.package_identification:_identify(assets) by extension 'ignore_ament_install'
[0.269s] Level 1:colcon.colcon_core.package_identification:_identify(assets) by extensions ['colcon_pkg']
[0.269s] Level 1:colcon.colcon_core.package_identification:_identify(assets) by extension 'colcon_pkg'
[0.269s] Level 1:colcon.colcon_core.package_identification:_identify(assets) by extensions ['colcon_meta']
[0.269s] Level 1:colcon.colcon_core.package_identification:_identify(assets) by extension 'colcon_meta'
[0.269s] Level 1:colcon.colcon_core.package_identification:_identify(assets) by extensions ['ros']
[0.269s] Level 1:colcon.colcon_core.package_identification:_identify(assets) by extension 'ros'
[0.269s] Level 1:colcon.colcon_core.package_identification:_identify(assets) by extensions ['cmake', 'python']
[0.269s] Level 1:colcon.colcon_core.package_identification:_identify(assets) by extension 'cmake'
[0.269s] Level 1:colcon.colcon_core.package_identification:_identify(assets) by extension 'python'
[0.269s] Level 1:colcon.colcon_core.package_identification:_identify(assets) by extensions ['python_setup_py']
[0.269s] Level 1:colcon.colcon_core.package_identification:_identify(assets) by extension 'python_setup_py'
[0.269s] Level 1:colcon.colcon_core.package_identification:_identify(bonus_task) by extensions ['ignore', 'ignore_ament_install']
[0.270s] Level 1:colcon.colcon_core.package_identification:_identify(bonus_task) by extension 'ignore'
[0.270s] Level 1:colcon.colcon_core.package_identification:_identify(bonus_task) by extension 'ignore_ament_install'
[0.270s] Level 1:colcon.colcon_core.package_identification:_identify(bonus_task) by extensions ['colcon_pkg']
[0.270s] Level 1:colcon.colcon_core.package_identification:_identify(bonus_task) by extension 'colcon_pkg'
[0.270s] Level 1:colcon.colcon_core.package_identification:_identify(bonus_task) by extensions ['colcon_meta']
[0.270s] Level 1:colcon.colcon_core.package_identification:_identify(bonus_task) by extension 'colcon_meta'
[0.270s] Level 1:colcon.colcon_core.package_identification:_identify(bonus_task) by extensions ['ros']
[0.270s] Level 1:colcon.colcon_core.package_identification:_identify(bonus_task) by extension 'ros'
[0.270s] Level 1:colcon.colcon_core.package_identification:_identify(bonus_task) by extensions ['cmake', 'python']
[0.270s] Level 1:colcon.colcon_core.package_identification:_identify(bonus_task) by extension 'cmake'
[0.270s] Level 1:colcon.colcon_core.package_identification:_identify(bonus_task) by extension 'python'
[0.270s] Level 1:colcon.colcon_core.package_identification:_identify(bonus_task) by extensions ['python_setup_py']
[0.270s] Level 1:colcon.colcon_core.package_identification:_identify(bonus_task) by extension 'python_setup_py'
[0.270s] Level 1:colcon.colcon_core.package_identification:_identify(build) by extensions ['ignore', 'ignore_ament_install']
[0.270s] Level 1:colcon.colcon_core.package_identification:_identify(build) by extension 'ignore'
[0.270s] Level 1:colcon.colcon_core.package_identification:_identify(build) ignored
[0.271s] Level 1:colcon.colcon_core.package_identification:_identify(install) by extensions ['ignore', 'ignore_ament_install']
[0.271s] Level 1:colcon.colcon_core.package_identification:_identify(install) by extension 'ignore'
[0.271s] Level 1:colcon.colcon_core.package_identification:_identify(install) ignored
[0.271s] Level 1:colcon.colcon_core.package_identification:_identify(log) by extensions ['ignore', 'ignore_ament_install']
[0.271s] Level 1:colcon.colcon_core.package_identification:_identify(log) by extension 'ignore'
[0.271s] Level 1:colcon.colcon_core.package_identification:_identify(log) ignored
[0.271s] Level 1:colcon.colcon_core.package_discovery:discover_packages(recursive) using defaults
[0.271s] Level 1:colcon.colcon_core.package_discovery:discover_packages(ignore) discover
[0.271s] Level 1:colcon.colcon_core.package_discovery:discover_packages(ignore) using defaults
[0.271s] Level 1:colcon.colcon_core.package_discovery:discover_packages(path) discover
[0.271s] Level 1:colcon.colcon_core.package_discovery:discover_packages(path) using defaults
[0.308s] Level 1:colcon.colcon_core.package_discovery:discover_packages(prefix_path) check parameters
[0.308s] Level 1:colcon.colcon_core.package_discovery:discover_packages(prefix_path) discover
[0.310s] DEBUG:colcon.colcon_installed_package_information.package_discovery:Found 273 installed packages in /opt/ros/humble
[0.311s] Level 1:colcon.colcon_core.package_discovery:discover_packages(prefix_path) using defaults
[0.343s] Level 5:colcon.colcon_core.verb:set package 'shape_interface' build argument 'cmake_args' from command line to 'None'
[0.343s] Level 5:colcon.colcon_core.verb:set package 'shape_interface' build argument 'cmake_target' from command line to 'None'
[0.343s] Level 5:colcon.colcon_core.verb:set package 'shape_interface' build argument 'cmake_target_skip_unavailable' from command line to 'False'
[0.343s] Level 5:colcon.colcon_core.verb:set package 'shape_interface' build argument 'cmake_clean_cache' from command line to 'False'
[0.343s] Level 5:colcon.colcon_core.verb:set package 'shape_interface' build argument 'cmake_clean_first' from command line to 'False'
[0.343s] Level 5:colcon.colcon_core.verb:set package 'shape_interface' build argument 'cmake_force_configure' from command line to 'False'
[0.343s] Level 5:colcon.colcon_core.verb:set package 'shape_interface' build argument 'ament_cmake_args' from command line to 'None'
[0.343s] Level 5:colcon.colcon_core.verb:set package 'shape_interface' build argument 'catkin_cmake_args' from command line to 'None'
[0.343s] Level 5:colcon.colcon_core.verb:set package 'shape_interface' build argument 'catkin_skip_building_tests' from command line to 'False'
[0.343s] DEBUG:colcon.colcon_core.verb:Building package 'shape_interface' with the following arguments: {'ament_cmake_args': None, 'build_base': '/home/jade/Desktop/eYRC_26-27_Hole-The_Explorer/eYRC_26-27_Hola-The-Explorer/build/shape_interface', 'catkin_cmake_args': None, 'catkin_skip_building_tests': False, 'cmake_args': None, 'cmake_clean_cache': False, 'cmake_clean_first': False, 'cmake_force_configure': False, 'cmake_target': None, 'cmake_target_skip_unavailable': False, 'install_base': '/home/jade/Desktop/eYRC_26-27_Hole-The_Explorer/eYRC_26-27_Hola-The-Explorer/install/shape_interface', 'merge_install': False, 'path': '/home/jade/Desktop/eYRC_26-27_Hole-The_Explorer/eYRC_26-27_Hola-The-Explorer/Software/workspace/src/shape_interface', 'symlink_install': False, 'test_result_base': None}
[0.343s] Level 5:colcon.colcon_core.verb:set package 'task_1b' build argument 'cmake_args' from command line to 'None'
[0.343s] Level 5:colcon.colcon_core.verb:set package 'task_1b' build argument 'cmake_target' from command line to 'None'
[0.343s] Level 5:colcon.colcon_core.verb:set package 'task_1b' build argument 'cmake_target_skip_unavailable' from command line to 'False'
[0.343s] Level 5:colcon.colcon_core.verb:set package 'task_1b' build argument 'cmake_clean_cache' from command line to 'False'
[0.343s] Level 5:colcon.colcon_core.verb:set package 'task_1b' build argument 'cmake_clean_first' from command line to 'False'
[0.343s] Level 5:colcon.colcon_core.verb:set package 'task_1b' build argument 'cmake_force_configure' from command line to 'False'
[0.343s] Level 5:colcon.colcon_core.verb:set package 'task_1b' build argument 'ament_cmake_args' from command line to 'None'
[0.343s] Level 5:colcon.colcon_core.verb:set package 'task_1b' build argument 'catkin_cmake_args' from command line to 'None'
[0.343s] Level 5:colcon.colcon_core.verb:set package 'task_1b' build argument 'catkin_skip_building_tests' from command line to 'False'
[0.343s] DEBUG:colcon.colcon_core.verb:Building package 'task_1b' with the following arguments: {'ament_cmake_args': None, 'build_base': '/home/jade/Desktop/eYRC_26-27_Hole-The_Explorer/eYRC_26-27_Hola-The-Explorer/build/task_1b', 'catkin_cmake_args': None, 'catkin_skip_building_tests': False, 'cmake_args': None, 'cmake_clean_cache': False, 'cmake_clean_first': False, 'cmake_force_configure': False, 'cmake_target': None, 'cmake_target_skip_unavailable': False, 'install_base': '/home/jade/Desktop/eYRC_26-27_Hole-The_Explorer/eYRC_26-27_Hola-The-Explorer/install/task_1b', 'merge_install': False, 'path': '/home/jade/Desktop/eYRC_26-27_Hole-The_Explorer/eYRC_26-27_Hola-The-Explorer/Software/workspace/src/task_1b', 'symlink_install': False, 'test_result_base': None}
[0.344s] Level 5:colcon.colcon_core.verb:set package 'task_1a' build argument 'cmake_args' from command line to 'None'
[0.344s] Level 5:colcon.colcon_core.verb:set package 'task_1a' build argument 'cmake_target' from command line to 'None'
[0.344s] Level 5:colcon.colcon_core.verb:set package 'task_1a' build argument 'cmake_target_skip_unavailable' from command line to 'False'
[0.344s] Level 5:colcon.colcon_core.verb:set package 'task_1a' build argument 'cmake_clean_cache' from command line to 'False'
[0.344s] Level 5:colcon.colcon_core.verb:set package 'task_1a' build argument 'cmake_clean_first' from command line to 'False'
[0.344s] Level 5:colcon.colcon_core.verb:set package 'task_1a' build argument 'cmake_force_configure' from command line to 'False'
[0.344s] Level 5:colcon.colcon_core.verb:set package 'task_1a' build argument 'ament_cmake_args' from command line to 'None'
[0.344s] Level 5:colcon.colcon_core.verb:set package 'task_1a' build argument 'catkin_cmake_args' from command line to 'None'
[0.344s] Level 5:colcon.colcon_core.verb:set package 'task_1a' build argument 'catkin_skip_building_tests' from command line to 'False'
[0.344s] DEBUG:colcon.colcon_core.verb:Building package 'task_1a' with the following arguments: {'ament_cmake_args': None, 'build_base': '/home/jade/Desktop/eYRC_26-27_Hole-The_Explorer/eYRC_26-27_Hola-The-Explorer/build/task_1a', 'catkin_cmake_args': None, 'catkin_skip_building_tests': False, 'cmake_args': None, 'cmake_clean_cache': False, 'cmake_clean_first': False, 'cmake_force_configure': False, 'cmake_target': None, 'cmake_target_skip_unavailable': False, 'install_base': '/home/jade/Desktop/eYRC_26-27_Hole-The_Explorer/eYRC_26-27_Hola-The-Explorer/install/task_1a', 'merge_install': False, 'path': '/home/jade/Desktop/eYRC_26-27_Hole-The_Explorer/eYRC_26-27_Hola-The-Explorer/Software/workspace/src/task_1a', 'symlink_install': False, 'test_result_base': None}
[0.344s] Level 5:colcon.colcon_core.verb:set package 'task_1c' build argument 'cmake_args' from command line to 'None'
[0.344s] Level 5:colcon.colcon_core.verb:set package 'task_1c' build argument 'cmake_target' from command line to 'None'
[0.344s] Level 5:colcon.colcon_core.verb:set package 'task_1c' build argument 'cmake_target_skip_unavailable' from command line to 'False'
[0.344s] Level 5:colcon.colcon_core.verb:set package 'task_1c' build argument 'cmake_clean_cache' from command line to 'False'
[0.344s] Level 5:colcon.colcon_core.verb:set package 'task_1c' build argument 'cmake_clean_first' from command line to 'False'
[0.344s] Level 5:colcon.colcon_core.verb:set package 'task_1c' build argument 'cmake_force_configure' from command line to 'False'
[0.344s] Level 5:colcon.colcon_core.verb:set package 'task_1c' build argument 'ament_cmake_args' from command line to 'None'
[0.344s] Level 5:colcon.colcon_core.verb:set package 'task_1c' build argument 'catkin_cmake_args' from command line to 'None'
[0.344s] Level 5:colcon.colcon_core.verb:set package 'task_1c' build argument 'catkin_skip_building_tests' from command line to 'False'
[0.344s] DEBUG:colcon.colcon_core.verb:Building package 'task_1c' with the following arguments: {'ament_cmake_args': None, 'build_base': '/home/jade/Desktop/eYRC_26-27_Hole-The_Explorer/eYRC_26-27_Hola-The-Explorer/build/task_1c', 'catkin_cmake_args': None, 'catkin_skip_building_tests': False, 'cmake_args': None, 'cmake_clean_cache': False, 'cmake_clean_first': False, 'cmake_force_configure': False, 'cmake_target': None, 'cmake_target_skip_unavailable': False, 'install_base': '/home/jade/Desktop/eYRC_26-27_Hole-The_Explorer/eYRC_26-27_Hola-The-Explorer/install/task_1c', 'merge_install': False, 'path': '/home/jade/Desktop/eYRC_26-27_Hole-The_Explorer/eYRC_26-27_Hola-The-Explorer/Software/workspace/src/task_1c', 'symlink_install': False, 'test_result_base': None}
[0.345s] Level 5:colcon.colcon_core.verb:set package 'hb_description' build argument 'cmake_args' from command line to 'None'
[0.345s] Level 5:colcon.colcon_core.verb:set package 'hb_description' build argument 'cmake_target' from command line to 'None'
[0.345s] Level 5:colcon.colcon_core.verb:set package 'hb_description' build argument 'cmake_target_skip_unavailable' from command line to 'False'
[0.345s] Level 5:colcon.colcon_core.verb:set package 'hb_description' build argument 'cmake_clean_cache' from command line to 'False'
[0.345s] Level 5:colcon.colcon_core.verb:set package 'hb_description' build argument 'cmake_clean_first' from command line to 'False'
[0.345s] Level 5:colcon.colcon_core.verb:set package 'hb_description' build argument 'cmake_force_configure' from command line to 'False'
[0.345s] Level 5:colcon.colcon_core.verb:set package 'hb_description' build argument 'ament_cmake_args' from command line to 'None'
[0.345s] Level 5:colcon.colcon_core.verb:set package 'hb_description' build argument 'catkin_cmake_args' from command line to 'None'
[0.345s] Level 5:colcon.colcon_core.verb:set package 'hb_description' build argument 'catkin_skip_building_tests' from command line to 'False'
[0.345s] DEBUG:colcon.colcon_core.verb:Building package 'hb_description' with the following arguments: {'ament_cmake_args': None, 'build_base': '/home/jade/Desktop/eYRC_26-27_Hole-The_Explorer/eYRC_26-27_Hola-The-Explorer/build/hb_description', 'catkin_cmake_args': None, 'catkin_skip_building_tests': False, 'cmake_args': None, 'cmake_clean_cache': False, 'cmake_clean_first': False, 'cmake_force_configure': False, 'cmake_target': None, 'cmake_target_skip_unavailable': False, 'install_base': '/home/jade/Desktop/eYRC_26-27_Hole-The_Explorer/eYRC_26-27_Hola-The-Explorer/install/hb_description', 'merge_install': False, 'path': '/home/jade/Desktop/eYRC_26-27_Hole-The_Explorer/eYRC_26-27_Hola-The-Explorer/Software/workspace/src/hb_description', 'symlink_install': False, 'test_result_base': None}
[0.345s] INFO:colcon.colcon_core.executor:Executing jobs using 'parallel' executor
[0.346s] DEBUG:colcon.colcon_parallel_executor.executor.parallel:run_until_complete
[0.346s] INFO:colcon.colcon_ros.task.ament_cmake.build:Building ROS package in '/home/jade/Desktop/eYRC_26-27_Hole-The_Explorer/eYRC_26-27_Hola-The-Explorer/Software/workspace/src/shape_interface' with build type 'ament_cmake'
[0.346s] INFO:colcon.colcon_cmake.task.cmake.build:Building CMake package in '/home/jade/Desktop/eYRC_26-27_Hole-The_Explorer/eYRC_26-27_Hola-The-Explorer/Software/workspace/src/shape_interface'
[0.348s] INFO:colcon.colcon_core.plugin_system:Skipping extension 'colcon_core.shell.bat': Not used on non-Windows systems
[0.348s] INFO:colcon.colcon_core.shell:Skip shell extension 'powershell' for command environment: Not usable outside of PowerShell
[0.348s] DEBUG:colcon.colcon_core.shell:Skip shell extension 'dsv' for command environment
[0.350s] INFO:colcon.colcon_ros.task.ament_cmake.build:Building ROS package in '/home/jade/Desktop/eYRC_26-27_Hole-The_Explorer/eYRC_26-27_Hola-The-Explorer/Software/workspace/src/task_1b' with build type 'ament_cmake'
[0.350s] INFO:colcon.colcon_cmake.task.cmake.build:Building CMake package in '/home/jade/Desktop/eYRC_26-27_Hole-The_Explorer/eYRC_26-27_Hola-The-Explorer/Software/workspace/src/task_1b'
[0.351s] INFO:colcon.colcon_core.shell:Skip shell extension 'powershell' for command environment: Not usable outside of PowerShell
[0.351s] DEBUG:colcon.colcon_core.shell:Skip shell extension 'dsv' for command environment
[0.357s] DEBUG:colcon.colcon_core.event_handler.log_command:Invoking command in '/home/jade/Desktop/eYRC_26-27_Hole-The_Explorer/eYRC_26-27_Hola-The-Explorer/build/shape_interface': CMAKE_PREFIX_PATH=/opt/ros/humble /usr/bin/cmake --build /home/jade/Desktop/eYRC_26-27_Hole-The_Explorer/eYRC_26-27_Hola-The-Explorer/build/shape_interface -- -j12 -l12
[0.359s] DEBUG:colcon.colcon_core.event_handler.log_command:Invoking command in '/home/jade/Desktop/eYRC_26-27_Hole-The_Explorer/eYRC_26-27_Hola-The-Explorer/build/task_1b': CMAKE_PREFIX_PATH=/opt/ros/humble /usr/bin/cmake --build /home/jade/Desktop/eYRC_26-27_Hole-The_Explorer/eYRC_26-27_Hola-The-Explorer/build/task_1b -- -j12 -l12
[0.691s] DEBUG:colcon.colcon_core.event_handler.log_command:Invoked command in '/home/jade/Desktop/eYRC_26-27_Hole-The_Explorer/eYRC_26-27_Hola-The-Explorer/build/shape_interface' returned '0': CMAKE_PREFIX_PATH=/opt/ros/humble /usr/bin/cmake --build /home/jade/Desktop/eYRC_26-27_Hole-The_Explorer/eYRC_26-27_Hola-The-Explorer/build/shape_interface -- -j12 -l12
[0.702s] DEBUG:colcon.colcon_core.event_handler.log_command:Invoking command in '/home/jade/Desktop/eYRC_26-27_Hole-The_Explorer/eYRC_26-27_Hola-The-Explorer/build/shape_interface': CMAKE_PREFIX_PATH=/opt/ros/humble /usr/bin/cmake --install /home/jade/Desktop/eYRC_26-27_Hole-The_Explorer/eYRC_26-27_Hola-The-Explorer/build/shape_interface
[0.704s] DEBUG:colcon.colcon_core.event_handler.log_command:Invoked command in '/home/jade/Desktop/eYRC_26-27_Hole-The_Explorer/eYRC_26-27_Hola-The-Explorer/build/task_1b' returned '0': CMAKE_PREFIX_PATH=/opt/ros/humble /usr/bin/cmake --build /home/jade/Desktop/eYRC_26-27_Hole-The_Explorer/eYRC_26-27_Hola-The-Explorer/build/task_1b -- -j12 -l12
[0.705s] DEBUG:colcon.colcon_core.event_handler.log_command:Invoking command in '/home/jade/Desktop/eYRC_26-27_Hole-The_Explorer/eYRC_26-27_Hola-The-Explorer/build/task_1b': CMAKE_PREFIX_PATH=/opt/ros/humble /usr/bin/cmake --install /home/jade/Desktop/eYRC_26-27_Hole-The_Explorer/eYRC_26-27_Hola-The-Explorer/build/task_1b
[0.746s] Level 1:colcon.colcon_core.environment:create_environment_scripts_only(task_1b)
[0.747s] DEBUG:colcon.colcon_core.event_handler.log_command:Invoked command in '/home/jade/Desktop/eYRC_26-27_Hole-The_Explorer/eYRC_26-27_Hola-The-Explorer/build/task_1b' returned '0': CMAKE_PREFIX_PATH=/opt/ros/humble /usr/bin/cmake --install /home/jade/Desktop/eYRC_26-27_Hole-The_Explorer/eYRC_26-27_Hola-The-Explorer/build/task_1b
[0.749s] Level 1:colcon.colcon_core.environment:checking '/home/jade/Desktop/eYRC_26-27_Hole-The_Explorer/eYRC_26-27_Hola-The-Explorer/install/task_1b' for CMake module files
[0.749s] Level 1:colcon.colcon_core.environment:checking '/home/jade/Desktop/eYRC_26-27_Hole-The_Explorer/eYRC_26-27_Hola-The-Explorer/install/task_1b' for CMake config files
[0.749s] Level 1:colcon.colcon_core.shell:create_environment_hook('task_1b', 'cmake_prefix_path')
[0.750s] INFO:colcon.colcon_core.shell:Creating environment hook '/home/jade/Desktop/eYRC_26-27_Hole-The_Explorer/eYRC_26-27_Hola-The-Explorer/install/task_1b/share/task_1b/hook/cmake_prefix_path.ps1'
[0.750s] INFO:colcon.colcon_core.shell:Creating environment descriptor '/home/jade/Desktop/eYRC_26-27_Hole-The_Explorer/eYRC_26-27_Hola-The-Explorer/install/task_1b/share/task_1b/hook/cmake_prefix_path.dsv'
[0.751s] INFO:colcon.colcon_core.shell:Creating environment hook '/home/jade/Desktop/eYRC_26-27_Hole-The_Explorer/eYRC_26-27_Hola-The-Explorer/install/task_1b/share/task_1b/hook/cmake_prefix_path.sh'
[0.753s] Level 1:colcon.colcon_core.environment:checking '/home/jade/Desktop/eYRC_26-27_Hole-The_Explorer/eYRC_26-27_Hola-The-Explorer/install/task_1b/lib'
[0.754s] Level 1:colcon.colcon_core.environment:checking '/home/jade/Desktop/eYRC_26-27_Hole-The_Explorer/eYRC_26-27_Hola-The-Explorer/install/task_1b/bin'
[0.754s] Level 1:colcon.colcon_core.environment:checking '/home/jade/Desktop/eYRC_26-27_Hole-The_Explorer/eYRC_26-27_Hola-The-Explorer/install/task_1b/lib/pkgconfig/task_1b.pc'
[0.755s] Level 1:colcon.colcon_core.environment:checking '/home/jade/Desktop/eYRC_26-27_Hole-The_Explorer/eYRC_26-27_Hola-The-Explorer/install/task_1b/lib/python3.10/site-packages'
[0.755s] Level 1:colcon.colcon_core.environment:checking '/home/jade/Desktop/eYRC_26-27_Hole-The_Explorer/eYRC_26-27_Hola-The-Explorer/install/task_1b/bin'
[0.756s] INFO:colcon.colcon_core.shell:Creating package script '/home/jade/Desktop/eYRC_26-27_Hole-The_Explorer/eYRC_26-27_Hola-The-Explorer/install/task_1b/share/task_1b/package.ps1'
[0.757s] INFO:colcon.colcon_core.shell:Creating package descriptor '/home/jade/Desktop/eYRC_26-27_Hole-The_Explorer/eYRC_26-27_Hola-The-Explorer/install/task_1b/share/task_1b/package.dsv'
[0.758s] INFO:colcon.colcon_core.shell:Creating package script '/home/jade/Desktop/eYRC_26-27_Hole-The_Explorer/eYRC_26-27_Hola-The-Explorer/install/task_1b/share/task_1b/package.sh'
[0.760s] INFO:colcon.colcon_core.shell:Creating package script '/home/jade/Desktop/eYRC_26-27_Hole-The_Explorer/eYRC_26-27_Hola-The-Explorer/install/task_1b/share/task_1b/package.bash'
[0.760s] INFO:colcon.colcon_core.shell:Creating package script '/home/jade/Desktop/eYRC_26-27_Hole-The_Explorer/eYRC_26-27_Hola-The-Explorer/install/task_1b/share/task_1b/package.zsh'
[0.761s] Level 1:colcon.colcon_core.environment:create_file_with_runtime_dependencies(/home/jade/Desktop/eYRC_26-27_Hole-The_Explorer/eYRC_26-27_Hola-The-Explorer/install/task_1b/share/colcon-core/packages/task_1b)
[0.761s] Level 1:colcon.colcon_core.environment:create_environment_scripts_only(task_1b)
[0.761s] Level 1:colcon.colcon_core.environment:checking '/home/jade/Desktop/eYRC_26-27_Hole-The_Explorer/eYRC_26-27_Hola-The-Explorer/install/task_1b' for CMake module files
[0.762s] Level 1:colcon.colcon_core.environment:checking '/home/jade/Desktop/eYRC_26-27_Hole-The_Explorer/eYRC_26-27_Hola-The-Explorer/install/task_1b' for CMake config files
[0.762s] Level 1:colcon.colcon_core.shell:create_environment_hook('task_1b', 'cmake_prefix_path')
[0.762s] INFO:colcon.colcon_core.shell:Creating environment hook '/home/jade/Desktop/eYRC_26-27_Hole-The_Explorer/eYRC_26-27_Hola-The-Explorer/install/task_1b/share/task_1b/hook/cmake_prefix_path.ps1'
[0.762s] INFO:colcon.colcon_core.shell:Creating environment descriptor '/home/jade/Desktop/eYRC_26-27_Hole-The_Explorer/eYRC_26-27_Hola-The-Explorer/install/task_1b/share/task_1b/hook/cmake_prefix_path.dsv'
[0.763s] INFO:colcon.colcon_core.shell:Creating environment hook '/home/jade/Desktop/eYRC_26-27_Hole-The_Explorer/eYRC_26-27_Hola-The-Explorer/install/task_1b/share/task_1b/hook/cmake_prefix_path.sh'
[0.763s] Level 1:colcon.colcon_core.environment:checking '/home/jade/Desktop/eYRC_26-27_Hole-The_Explorer/eYRC_26-27_Hola-The-Explorer/install/task_1b/lib'
[0.763s] Level 1:colcon.colcon_core.environment:checking '/home/jade/Desktop/eYRC_26-27_Hole-The_Explorer/eYRC_26-27_Hola-The-Explorer/install/task_1b/bin'
[0.763s] Level 1:colcon.colcon_core.environment:checking '/home/jade/Desktop/eYRC_26-27_Hole-The_Explorer/eYRC_26-27_Hola-The-Explorer/install/task_1b/lib/pkgconfig/task_1b.pc'
[0.763s] Level 1:colcon.colcon_core.environment:checking '/home/jade/Desktop/eYRC_26-27_Hole-The_Explorer/eYRC_26-27_Hola-The-Explorer/install/task_1b/lib/python3.10/site-packages'
[0.764s] Level 1:colcon.colcon_core.environment:checking '/home/jade/Desktop/eYRC_26-27_Hole-The_Explorer/eYRC_26-27_Hola-The-Explorer/install/task_1b/bin'
[0.764s] INFO:colcon.colcon_core.shell:Creating package script '/home/jade/Desktop/eYRC_26-27_Hole-The_Explorer/eYRC_26-27_Hola-The-Explorer/install/task_1b/share/task_1b/package.ps1'
[0.764s] INFO:colcon.colcon_core.shell:Creating package descriptor '/home/jade/Desktop/eYRC_26-27_Hole-The_Explorer/eYRC_26-27_Hola-The-Explorer/install/task_1b/share/task_1b/package.dsv'
[0.765s] INFO:colcon.colcon_core.shell:Creating package script '/home/jade/Desktop/eYRC_26-27_Hole-The_Explorer/eYRC_26-27_Hola-The-Explorer/install/task_1b/share/task_1b/package.sh'
[0.765s] INFO:colcon.colcon_core.shell:Creating package script '/home/jade/Desktop/eYRC_26-27_Hole-The_Explorer/eYRC_26-27_Hola-The-Explorer/install/task_1b/share/task_1b/package.bash'
[0.765s] INFO:colcon.colcon_core.shell:Creating package script '/home/jade/Desktop/eYRC_26-27_Hole-The_Explorer/eYRC_26-27_Hola-The-Explorer/install/task_1b/share/task_1b/package.zsh'
[0.766s] Level 1:colcon.colcon_core.environment:create_file_with_runtime_dependencies(/home/jade/Desktop/eYRC_26-27_Hole-The_Explorer/eYRC_26-27_Hola-The-Explorer/install/task_1b/share/colcon-core/packages/task_1b)
[0.766s] Level 1:colcon.colcon_core.environment:create_environment_scripts_only(shape_interface)
[0.767s] Level 1:colcon.colcon_core.environment:checking '/home/jade/Desktop/eYRC_26-27_Hole-The_Explorer/eYRC_26-27_Hola-The-Explorer/install/shape_interface' for CMake module files
[0.767s] DEBUG:colcon.colcon_core.event_handler.log_command:Invoked command in '/home/jade/Desktop/eYRC_26-27_Hole-The_Explorer/eYRC_26-27_Hola-The-Explorer/build/shape_interface' returned '0': CMAKE_PREFIX_PATH=/opt/ros/humble /usr/bin/cmake --install /home/jade/Desktop/eYRC_26-27_Hole-The_Explorer/eYRC_26-27_Hola-The-Explorer/build/shape_interface
[0.767s] Level 1:colcon.colcon_core.environment:checking '/home/jade/Desktop/eYRC_26-27_Hole-The_Explorer/eYRC_26-27_Hola-The-Explorer/install/shape_interface' for CMake config files
[0.768s] Level 1:colcon.colcon_core.shell:create_environment_hook('shape_interface', 'cmake_prefix_path')
[0.768s] INFO:colcon.colcon_core.shell:Creating environment hook '/home/jade/Desktop/eYRC_26-27_Hole-The_Explorer/eYRC_26-27_Hola-The-Explorer/install/shape_interface/share/shape_interface/hook/cmake_prefix_path.ps1'
[0.768s] INFO:colcon.colcon_core.shell:Creating environment descriptor '/home/jade/Desktop/eYRC_26-27_Hole-The_Explorer/eYRC_26-27_Hola-The-Explorer/install/shape_interface/share/shape_interface/hook/cmake_prefix_path.dsv'
[0.768s] INFO:colcon.colcon_core.shell:Creating environment hook '/home/jade/Desktop/eYRC_26-27_Hole-The_Explorer/eYRC_26-27_Hola-The-Explorer/install/shape_interface/share/shape_interface/hook/cmake_prefix_path.sh'
[0.769s] Level 1:colcon.colcon_core.environment:checking '/home/jade/Desktop/eYRC_26-27_Hole-The_Explorer/eYRC_26-27_Hola-The-Explorer/install/shape_interface/lib'
[0.769s] Level 1:colcon.colcon_core.shell:create_environment_hook('shape_interface', 'ld_library_path_lib')
[0.769s] INFO:colcon.colcon_core.shell:Creating environment hook '/home/jade/Desktop/eYRC_26-27_Hole-The_Explorer/eYRC_26-27_Hola-The-Explorer/install/shape_interface/share/shape_interface/hook/ld_library_path_lib.ps1'
[0.769s] INFO:colcon.colcon_core.shell:Creating environment descriptor '/home/jade/Desktop/eYRC_26-27_Hole-The_Explorer/eYRC_26-27_Hola-The-Explorer/install/shape_interface/share/shape_interface/hook/ld_library_path_lib.dsv'
[0.770s] INFO:colcon.colcon_core.shell:Creating environment hook '/home/jade/Desktop/eYRC_26-27_Hole-The_Explorer/eYRC_26-27_Hola-The-Explorer/install/shape_interface/share/shape_interface/hook/ld_library_path_lib.sh'
[0.770s] Level 1:colcon.colcon_core.environment:checking '/home/jade/Desktop/eYRC_26-27_Hole-The_Explorer/eYRC_26-27_Hola-The-Explorer/install/shape_interface/bin'
[0.770s] Level 1:colcon.colcon_core.environment:checking '/home/jade/Desktop/eYRC_26-27_Hole-The_Explorer/eYRC_26-27_Hola-The-Explorer/install/shape_interface/lib/pkgconfig/shape_interface.pc'
[0.770s] Level 1:colcon.colcon_core.environment:checking '/home/jade/Desktop/eYRC_26-27_Hole-The_Explorer/eYRC_26-27_Hola-The-Explorer/install/shape_interface/lib/python3.10/site-packages'
[0.771s] Level 1:colcon.colcon_core.environment:checking '/home/jade/Desktop/eYRC_26-27_Hole-The_Explorer/eYRC_26-27_Hola-The-Explorer/install/shape_interface/bin'
[0.771s] INFO:colcon.colcon_core.shell:Creating package script '/home/jade/Desktop/eYRC_26-27_Hole-The_Explorer/eYRC_26-27_Hola-The-Explorer/install/shape_interface/share/shape_interface/package.ps1'
[0.771s] INFO:colcon.colcon_core.shell:Creating package descriptor '/home/jade/Desktop/eYRC_26-27_Hole-The_Explorer/eYRC_26-27_Hola-The-Explorer/install/shape_interface/share/shape_interface/package.dsv'
[0.772s] INFO:colcon.colcon_core.shell:Creating package script '/home/jade/Desktop/eYRC_26-27_Hole-The_Explorer/eYRC_26-27_Hola-The-Explorer/install/shape_interface/share/shape_interface/package.sh'
[0.772s] INFO:colcon.colcon_core.shell:Creating package script '/home/jade/Desktop/eYRC_26-27_Hole-The_Explorer/eYRC_26-27_Hola-The-Explorer/install/shape_interface/share/shape_interface/package.bash'
[0.772s] INFO:colcon.colcon_core.shell:Creating package script '/home/jade/Desktop/eYRC_26-27_Hole-The_Explorer/eYRC_26-27_Hola-The-Explorer/install/shape_interface/share/shape_interface/package.zsh'
[0.773s] Level 1:colcon.colcon_core.environment:create_file_with_runtime_dependencies(/home/jade/Desktop/eYRC_26-27_Hole-The_Explorer/eYRC_26-27_Hola-The-Explorer/install/shape_interface/share/colcon-core/packages/shape_interface)
[0.773s] Level 1:colcon.colcon_core.environment:create_environment_scripts_only(shape_interface)
[0.773s] Level 1:colcon.colcon_core.environment:checking '/home/jade/Desktop/eYRC_26-27_Hole-The_Explorer/eYRC_26-27_Hola-The-Explorer/install/shape_interface' for CMake module files
[0.774s] Level 1:colcon.colcon_core.environment:checking '/home/jade/Desktop/eYRC_26-27_Hole-The_Explorer/eYRC_26-27_Hola-The-Explorer/install/shape_interface' for CMake config files
[0.774s] Level 1:colcon.colcon_core.shell:create_environment_hook('shape_interface', 'cmake_prefix_path')
[0.775s] INFO:colcon.colcon_core.shell:Creating environment hook '/home/jade/Desktop/eYRC_26-27_Hole-The_Explorer/eYRC_26-27_Hola-The-Explorer/install/shape_interface/share/shape_interface/hook/cmake_prefix_path.ps1'
[0.775s] INFO:colcon.colcon_core.shell:Creating environment descriptor '/home/jade/Desktop/eYRC_26-27_Hole-The_Explorer/eYRC_26-27_Hola-The-Explorer/install/shape_interface/share/shape_interface/hook/cmake_prefix_path.dsv'
[0.775s] INFO:colcon.colcon_core.shell:Creating environment hook '/home/jade/Desktop/eYRC_26-27_Hole-The_Explorer/eYRC_26-27_Hola-The-Explorer/install/shape_interface/share/shape_interface/hook/cmake_prefix_path.sh'
[0.776s] Level 1:colcon.colcon_core.environment:checking '/home/jade/Desktop/eYRC_26-27_Hole-The_Explorer/eYRC_26-27_Hola-The-Explorer/install/shape_interface/lib'
[0.776s] Level 1:colcon.colcon_core.shell:create_environment_hook('shape_interface', 'ld_library_path_lib')
[0.776s] INFO:colcon.colcon_core.shell:Creating environment hook '/home/jade/Desktop/eYRC_26-27_Hole-The_Explorer/eYRC_26-27_Hola-The-Explorer/install/shape_interface/share/shape_interface/hook/ld_library_path_lib.ps1'
[0.776s] INFO:colcon.colcon_core.shell:Creating environment descriptor '/home/jade/Desktop/eYRC_26-27_Hole-The_Explorer/eYRC_26-27_Hola-The-Explorer/install/shape_interface/share/shape_interface/hook/ld_library_path_lib.dsv'
[0.776s] INFO:colcon.colcon_core.shell:Creating environment hook '/home/jade/Desktop/eYRC_26-27_Hole-The_Explorer/eYRC_26-27_Hola-The-Explorer/install/shape_interface/share/shape_interface/hook/ld_library_path_lib.sh'
[0.777s] Level 1:colcon.colcon_core.environment:checking '/home/jade/Desktop/eYRC_26-27_Hole-The_Explorer/eYRC_26-27_Hola-The-Explorer/install/shape_interface/bin'
[0.777s] Level 1:colcon.colcon_core.environment:checking '/home/jade/Desktop/eYRC_26-27_Hole-The_Explorer/eYRC_26-27_Hola-The-Explorer/install/shape_interface/lib/pkgconfig/shape_interface.pc'
[0.777s] Level 1:colcon.colcon_core.environment:checking '/home/jade/Desktop/eYRC_26-27_Hole-The_Explorer/eYRC_26-27_Hola-The-Explorer/install/shape_interface/lib/python3.10/site-packages'
[0.777s] Level 1:colcon.colcon_core.environment:checking '/home/jade/Desktop/eYRC_26-27_Hole-The_Explorer/eYRC_26-27_Hola-The-Explorer/install/shape_interface/bin'
[0.777s] INFO:colcon.colcon_core.shell:Creating package script '/home/jade/Desktop/eYRC_26-27_Hole-The_Explorer/eYRC_26-27_Hola-The-Explorer/install/shape_interface/share/shape_interface/package.ps1'
[0.778s] INFO:colcon.colcon_core.shell:Creating package descriptor '/home/jade/Desktop/eYRC_26-27_Hole-The_Explorer/eYRC_26-27_Hola-The-Explorer/install/shape_interface/share/shape_interface/package.dsv'
[0.778s] INFO:colcon.colcon_core.shell:Creating package script '/home/jade/Desktop/eYRC_26-27_Hole-The_Explorer/eYRC_26-27_Hola-The-Explorer/install/shape_interface/share/shape_interface/package.sh'
[0.778s] INFO:colcon.colcon_core.shell:Creating package script '/home/jade/Desktop/eYRC_26-27_Hole-The_Explorer/eYRC_26-27_Hola-The-Explorer/install/shape_interface/share/shape_interface/package.bash'
[0.779s] INFO:colcon.colcon_core.shell:Creating package script '/home/jade/Desktop/eYRC_26-27_Hole-The_Explorer/eYRC_26-27_Hola-The-Explorer/install/shape_interface/share/shape_interface/package.zsh'
[0.779s] Level 1:colcon.colcon_core.environment:create_file_with_runtime_dependencies(/home/jade/Desktop/eYRC_26-27_Hole-The_Explorer/eYRC_26-27_Hola-The-Explorer/install/shape_interface/share/colcon-core/packages/shape_interface)
[0.779s] INFO:colcon.colcon_ros.task.ament_cmake.build:Building ROS package in '/home/jade/Desktop/eYRC_26-27_Hole-The_Explorer/eYRC_26-27_Hola-The-Explorer/Software/workspace/src/task_1a' with build type 'ament_cmake'
[0.779s] INFO:colcon.colcon_cmake.task.cmake.build:Building CMake package in '/home/jade/Desktop/eYRC_26-27_Hole-The_Explorer/eYRC_26-27_Hola-The-Explorer/Software/workspace/src/task_1a'
[0.780s] INFO:colcon.colcon_core.shell:Skip shell extension 'powershell' for command environment: Not usable outside of PowerShell
[0.780s] DEBUG:colcon.colcon_core.shell:Skip shell extension 'dsv' for command environment
[0.783s] INFO:colcon.colcon_ros.task.ament_cmake.build:Building ROS package in '/home/jade/Desktop/eYRC_26-27_Hole-The_Explorer/eYRC_26-27_Hola-The-Explorer/Software/workspace/src/task_1c' with build type 'ament_cmake'
[0.783s] INFO:colcon.colcon_cmake.task.cmake.build:Building CMake package in '/home/jade/Desktop/eYRC_26-27_Hole-The_Explorer/eYRC_26-27_Hola-The-Explorer/Software/workspace/src/task_1c'
[0.783s] INFO:colcon.colcon_core.shell:Skip shell extension 'powershell' for command environment: Not usable outside of PowerShell
[0.783s] DEBUG:colcon.colcon_core.shell:Skip shell extension 'dsv' for command environment
[0.790s] DEBUG:colcon.colcon_core.event_handler.log_command:Invoking command in '/home/jade/Desktop/eYRC_26-27_Hole-The_Explorer/eYRC_26-27_Hola-The-Explorer/build/task_1a': AMENT_PREFIX_PATH=/home/jade/Desktop/eYRC_26-27_Hole-The_Explorer/eYRC_26-27_Hola-The-Explorer/install/shape_interface:${AMENT_PREFIX_PATH} CMAKE_PREFIX_PATH=/home/jade/Desktop/eYRC_26-27_Hole-The_Explorer/eYRC_26-27_Hola-The-Explorer/install/shape_interface:/opt/ros/humble LD_LIBRARY_PATH=/home/jade/Desktop/eYRC_26-27_Hole-The_Explorer/eYRC_26-27_Hola-The-Explorer/install/shape_interface/lib:${LD_LIBRARY_PATH} PYTHONPATH=/home/jade/Desktop/eYRC_26-27_Hole-The_Explorer/eYRC_26-27_Hola-The-Explorer/install/shape_interface/local/lib/python3.10/dist-packages:${PYTHONPATH} /usr/bin/cmake --build /home/jade/Desktop/eYRC_26-27_Hole-The_Explorer/eYRC_26-27_Hola-The-Explorer/build/task_1a -- -j12 -l12
[0.793s] DEBUG:colcon.colcon_core.event_handler.log_command:Invoking command in '/home/jade/Desktop/eYRC_26-27_Hole-The_Explorer/eYRC_26-27_Hola-The-Explorer/build/task_1c': AMENT_PREFIX_PATH=/home/jade/Desktop/eYRC_26-27_Hole-The_Explorer/eYRC_26-27_Hola-The-Explorer/install/shape_interface:${AMENT_PREFIX_PATH} CMAKE_PREFIX_PATH=/home/jade/Desktop/eYRC_26-27_Hole-The_Explorer/eYRC_26-27_Hola-The-Explorer/install/shape_interface:/opt/ros/humble LD_LIBRARY_PATH=/home/jade/Desktop/eYRC_26-27_Hole-The_Explorer/eYRC_26-27_Hola-The-Explorer/install/shape_interface/lib:${LD_LIBRARY_PATH} PYTHONPATH=/home/jade/Desktop/eYRC_26-27_Hole-The_Explorer/eYRC_26-27_Hola-The-Explorer/install/shape_interface/local/lib/python3.10/dist-packages:${PYTHONPATH} /usr/bin/cmake --build /home/jade/Desktop/eYRC_26-27_Hole-The_Explorer/eYRC_26-27_Hola-The-Explorer/build/task_1c -- -j12 -l12
[0.832s] DEBUG:colcon.colcon_core.event_handler.log_command:Invoked command in '/home/jade/Desktop/eYRC_26-27_Hole-The_Explorer/eYRC_26-27_Hola-The-Explorer/build/task_1c' returned '0': AMENT_PREFIX_PATH=/home/jade/Desktop/eYRC_26-27_Hole-The_Explorer/eYRC_26-27_Hola-The-Explorer/install/shape_interface:${AMENT_PREFIX_PATH} CMAKE_PREFIX_PATH=/home/jade/Desktop/eYRC_26-27_Hole-The_Explorer/eYRC_26-27_Hola-The-Explorer/install/shape_interface:/opt/ros/humble LD_LIBRARY_PATH=/home/jade/Desktop/eYRC_26-27_Hole-The_Explorer/eYRC_26-27_Hola-The-Explorer/install/shape_interface/lib:${LD_LIBRARY_PATH} PYTHONPATH=/home/jade/Desktop/eYRC_26-27_Hole-The_Explorer/eYRC_26-27_Hola-The-Explorer/install/shape_interface/local/lib/python3.10/dist-packages:${PYTHONPATH} /usr/bin/cmake --build /home/jade/Desktop/eYRC_26-27_Hole-The_Explorer/eYRC_26-27_Hola-The-Explorer/build/task_1c -- -j12 -l12
[0.834s] DEBUG:colcon.colcon_core.event_handler.log_command:Invoking command in '/home/jade/Desktop/eYRC_26-27_Hole-The_Explorer/eYRC_26-27_Hola-The-Explorer/build/task_1c': AMENT_PREFIX_PATH=/home/jade/Desktop/eYRC_26-27_Hole-The_Explorer/eYRC_26-27_Hola-The-Explorer/install/shape_interface:${AMENT_PREFIX_PATH} CMAKE_PREFIX_PATH=/home/jade/Desktop/eYRC_26-27_Hole-The_Explorer/eYRC_26-27_Hola-The-Explorer/install/shape_interface:/opt/ros/humble LD_LIBRARY_PATH=/home/jade/Desktop/eYRC_26-27_Hole-The_Explorer/eYRC_26-27_Hola-The-Explorer/install/shape_interface/lib:${LD_LIBRARY_PATH} PYTHONPATH=/home/jade/Desktop/eYRC_26-27_Hole-The_Explorer/eYRC_26-27_Hola-The-Explorer/install/shape_interface/local/lib/python3.10/dist-packages:${PYTHONPATH} /usr/bin/cmake --install /home/jade/Desktop/eYRC_26-27_Hole-The_Explorer/eYRC_26-27_Hola-The-Explorer/build/task_1c
[0.842s] Level 1:colcon.colcon_core.environment:create_environment_scripts_only(task_1c)
[0.842s] Level 1:colcon.colcon_core.environment:checking '/home/jade/Desktop/eYRC_26-27_Hole-The_Explorer/eYRC_26-27_Hola-The-Explorer/install/task_1c' for CMake module files
[0.843s] DEBUG:colcon.colcon_core.event_handler.log_command:Invoked command in '/home/jade/Desktop/eYRC_26-27_Hole-The_Explorer/eYRC_26-27_Hola-The-Explorer/build/task_1c' returned '0': AMENT_PREFIX_PATH=/home/jade/Desktop/eYRC_26-27_Hole-The_Explorer/eYRC_26-27_Hola-The-Explorer/install/shape_interface:${AMENT_PREFIX_PATH} CMAKE_PREFIX_PATH=/home/jade/Desktop/eYRC_26-27_Hole-The_Explorer/eYRC_26-27_Hola-The-Explorer/install/shape_interface:/opt/ros/humble LD_LIBRARY_PATH=/home/jade/Desktop/eYRC_26-27_Hole-The_Explorer/eYRC_26-27_Hola-The-Explorer/install/shape_interface/lib:${LD_LIBRARY_PATH} PYTHONPATH=/home/jade/Desktop/eYRC_26-27_Hole-The_Explorer/eYRC_26-27_Hola-The-Explorer/install/shape_interface/local/lib/python3.10/dist-packages:${PYTHONPATH} /usr/bin/cmake --install /home/jade/Desktop/eYRC_26-27_Hole-The_Explorer/eYRC_26-27_Hola-The-Explorer/build/task_1c
[0.843s] Level 1:colcon.colcon_core.environment:checking '/home/jade/Desktop/eYRC_26-27_Hole-The_Explorer/eYRC_26-27_Hola-The-Explorer/install/task_1c' for CMake config files
[0.843s] Level 1:colcon.colcon_core.shell:create_environment_hook('task_1c', 'cmake_prefix_path')
[0.843s] INFO:colcon.colcon_core.shell:Creating environment hook '/home/jade/Desktop/eYRC_26-27_Hole-The_Explorer/eYRC_26-27_Hola-The-Explorer/install/task_1c/share/task_1c/hook/cmake_prefix_path.ps1'
[0.844s] INFO:colcon.colcon_core.shell:Creating environment descriptor '/home/jade/Desktop/eYRC_26-27_Hole-The_Explorer/eYRC_26-27_Hola-The-Explorer/install/task_1c/share/task_1c/hook/cmake_prefix_path.dsv'
[0.844s] INFO:colcon.colcon_core.shell:Creating environment hook '/home/jade/Desktop/eYRC_26-27_Hole-The_Explorer/eYRC_26-27_Hola-The-Explorer/install/task_1c/share/task_1c/hook/cmake_prefix_path.sh'
[0.845s] Level 1:colcon.colcon_core.environment:checking '/home/jade/Desktop/eYRC_26-27_Hole-The_Explorer/eYRC_26-27_Hola-The-Explorer/install/task_1c/lib'
[0.845s] Level 1:colcon.colcon_core.environment:checking '/home/jade/Desktop/eYRC_26-27_Hole-The_Explorer/eYRC_26-27_Hola-The-Explorer/install/task_1c/bin'
[0.845s] Level 1:colcon.colcon_core.environment:checking '/home/jade/Desktop/eYRC_26-27_Hole-The_Explorer/eYRC_26-27_Hola-The-Explorer/install/task_1c/lib/pkgconfig/task_1c.pc'
[0.845s] Level 1:colcon.colcon_core.environment:checking '/home/jade/Desktop/eYRC_26-27_Hole-The_Explorer/eYRC_26-27_Hola-The-Explorer/install/task_1c/lib/python3.10/site-packages'
[0.846s] Level 1:colcon.colcon_core.environment:checking '/home/jade/Desktop/eYRC_26-27_Hole-The_Explorer/eYRC_26-27_Hola-The-Explorer/install/task_1c/bin'
[0.846s] INFO:colcon.colcon_core.shell:Creating package script '/home/jade/Desktop/eYRC_26-27_Hole-The_Explorer/eYRC_26-27_Hola-The-Explorer/install/task_1c/share/task_1c/package.ps1'
[0.846s] INFO:colcon.colcon_core.shell:Creating package descriptor '/home/jade/Desktop/eYRC_26-27_Hole-The_Explorer/eYRC_26-27_Hola-The-Explorer/install/task_1c/share/task_1c/package.dsv'
[0.847s] INFO:colcon.colcon_core.shell:Creating package script '/home/jade/Desktop/eYRC_26-27_Hole-The_Explorer/eYRC_26-27_Hola-The-Explorer/install/task_1c/share/task_1c/package.sh'
[0.847s] INFO:colcon.colcon_core.shell:Creating package script '/home/jade/Desktop/eYRC_26-27_Hole-The_Explorer/eYRC_26-27_Hola-The-Explorer/install/task_1c/share/task_1c/package.bash'
[0.848s] INFO:colcon.colcon_core.shell:Creating package script '/home/jade/Desktop/eYRC_26-27_Hole-The_Explorer/eYRC_26-27_Hola-The-Explorer/install/task_1c/share/task_1c/package.zsh'
[0.848s] Level 1:colcon.colcon_core.environment:create_file_with_runtime_dependencies(/home/jade/Desktop/eYRC_26-27_Hole-The_Explorer/eYRC_26-27_Hola-The-Explorer/install/task_1c/share/colcon-core/packages/task_1c)
[0.848s] Level 1:colcon.colcon_core.environment:create_environment_scripts_only(task_1c)
[0.849s] Level 1:colcon.colcon_core.environment:checking '/home/jade/Desktop/eYRC_26-27_Hole-The_Explorer/eYRC_26-27_Hola-The-Explorer/install/task_1c' for CMake module files
[0.849s] Level 1:colcon.colcon_core.environment:checking '/home/jade/Desktop/eYRC_26-27_Hole-The_Explorer/eYRC_26-27_Hola-The-Explorer/install/task_1c' for CMake config files
[0.849s] Level 1:colcon.colcon_core.shell:create_environment_hook('task_1c', 'cmake_prefix_path')
[0.849s] INFO:colcon.colcon_core.shell:Creating environment hook '/home/jade/Desktop/eYRC_26-27_Hole-The_Explorer/eYRC_26-27_Hola-The-Explorer/install/task_1c/share/task_1c/hook/cmake_prefix_path.ps1'
[0.850s] INFO:colcon.colcon_core.shell:Creating environment descriptor '/home/jade/Desktop/eYRC_26-27_Hole-The_Explorer/eYRC_26-27_Hola-The-Explorer/install/task_1c/share/task_1c/hook/cmake_prefix_path.dsv'
[0.850s] INFO:colcon.colcon_core.shell:Creating environment hook '/home/jade/Desktop/eYRC_26-27_Hole-The_Explorer/eYRC_26-27_Hola-The-Explorer/install/task_1c/share/task_1c/hook/cmake_prefix_path.sh'
[0.851s] Level 1:colcon.colcon_core.environment:checking '/home/jade/Desktop/eYRC_26-27_Hole-The_Explorer/eYRC_26-27_Hola-The-Explorer/install/task_1c/lib'
[0.851s] Level 1:colcon.colcon_core.environment:checking '/home/jade/Desktop/eYRC_26-27_Hole-The_Explorer/eYRC_26-27_Hola-The-Explorer/install/task_1c/bin'
[0.851s] Level 1:colcon.colcon_core.environment:checking '/home/jade/Desktop/eYRC_26-27_Hole-The_Explorer/eYRC_26-27_Hola-The-Explorer/install/task_1c/lib/pkgconfig/task_1c.pc'
[0.851s] Level 1:colcon.colcon_core.environment:checking '/home/jade/Desktop/eYRC_26-27_Hole-The_Explorer/eYRC_26-27_Hola-The-Explorer/install/task_1c/lib/python3.10/site-packages'
[0.851s] Level 1:colcon.colcon_core.environment:checking '/home/jade/Desktop/eYRC_26-27_Hole-The_Explorer/eYRC_26-27_Hola-The-Explorer/install/task_1c/bin'
[0.851s] INFO:colcon.colcon_core.shell:Creating package script '/home/jade/Desktop/eYRC_26-27_Hole-The_Explorer/eYRC_26-27_Hola-The-Explorer/install/task_1c/share/task_1c/package.ps1'
[0.852s] INFO:colcon.colcon_core.shell:Creating package descriptor '/home/jade/Desktop/eYRC_26-27_Hole-The_Explorer/eYRC_26-27_Hola-The-Explorer/install/task_1c/share/task_1c/package.dsv'
[0.852s] INFO:colcon.colcon_core.shell:Creating package script '/home/jade/Desktop/eYRC_26-27_Hole-The_Explorer/eYRC_26-27_Hola-The-Explorer/install/task_1c/share/task_1c/package.sh'
[0.853s] INFO:colcon.colcon_core.shell:Creating package script '/home/jade/Desktop/eYRC_26-27_Hole-The_Explorer/eYRC_26-27_Hola-The-Explorer/install/task_1c/share/task_1c/package.bash'
[0.853s] INFO:colcon.colcon_core.shell:Creating package script '/home/jade/Desktop/eYRC_26-27_Hole-The_Explorer/eYRC_26-27_Hola-The-Explorer/install/task_1c/share/task_1c/package.zsh'
[0.853s] Level 1:colcon.colcon_core.environment:create_file_with_runtime_dependencies(/home/jade/Desktop/eYRC_26-27_Hole-The_Explorer/eYRC_26-27_Hola-The-Explorer/install/task_1c/share/colcon-core/packages/task_1c)
[1.090s] DEBUG:colcon.colcon_core.event_handler.log_command:Invoked command in '/home/jade/Desktop/eYRC_26-27_Hole-The_Explorer/eYRC_26-27_Hola-The-Explorer/build/task_1a' returned '0': AMENT_PREFIX_PATH=/home/jade/Desktop/eYRC_26-27_Hole-The_Explorer/eYRC_26-27_Hola-The-Explorer/install/shape_interface:${AMENT_PREFIX_PATH} CMAKE_PREFIX_PATH=/home/jade/Desktop/eYRC_26-27_Hole-The_Explorer/eYRC_26-27_Hola-The-Explorer/install/shape_interface:/opt/ros/humble LD_LIBRARY_PATH=/home/jade/Desktop/eYRC_26-27_Hole-The_Explorer/eYRC_26-27_Hola-The-Explorer/install/shape_interface/lib:${LD_LIBRARY_PATH} PYTHONPATH=/home/jade/Desktop/eYRC_26-27_Hole-The_Explorer/eYRC_26-27_Hola-The-Explorer/install/shape_interface/local/lib/python3.10/dist-packages:${PYTHONPATH} /usr/bin/cmake --build /home/jade/Desktop/eYRC_26-27_Hole-The_Explorer/eYRC_26-27_Hola-The-Explorer/build/task_1a -- -j12 -l12
[1.091s] DEBUG:colcon.colcon_core.event_handler.log_command:Invoking command in '/home/jade/Desktop/eYRC_26-27_Hole-The_Explorer/eYRC_26-27_Hola-The-Explorer/build/task_1a': AMENT_PREFIX_PATH=/home/jade/Desktop/eYRC_26-27_Hole-The_Explorer/eYRC_26-27_Hola-The-Explorer/install/shape_interface:${AMENT_PREFIX_PATH} CMAKE_PREFIX_PATH=/home/jade/Desktop/eYRC_26-27_Hole-The_Explorer/eYRC_26-27_Hola-The-Explorer/install/shape_interface:/opt/ros/humble LD_LIBRARY_PATH=/home/jade/Desktop/eYRC_26-27_Hole-The_Explorer/eYRC_26-27_Hola-The-Explorer/install/shape_interface/lib:${LD_LIBRARY_PATH} PYTHONPATH=/home/jade/Desktop/eYRC_26-27_Hole-The_Explorer/eYRC_26-27_Hola-The-Explorer/install/shape_interface/local/lib/python3.10/dist-packages:${PYTHONPATH} /usr/bin/cmake --install /home/jade/Desktop/eYRC_26-27_Hole-The_Explorer/eYRC_26-27_Hola-The-Explorer/build/task_1a
[1.128s] Level 1:colcon.colcon_core.environment:create_environment_scripts_only(task_1a)
[1.129s] Level 1:colcon.colcon_core.environment:checking '/home/jade/Desktop/eYRC_26-27_Hole-The_Explorer/eYRC_26-27_Hola-The-Explorer/install/task_1a' for CMake module files
[1.129s] DEBUG:colcon.colcon_core.event_handler.log_command:Invoked command in '/home/jade/Desktop/eYRC_26-27_Hole-The_Explorer/eYRC_26-27_Hola-The-Explorer/build/task_1a' returned '0': AMENT_PREFIX_PATH=/home/jade/Desktop/eYRC_26-27_Hole-The_Explorer/eYRC_26-27_Hola-The-Explorer/install/shape_interface:${AMENT_PREFIX_PATH} CMAKE_PREFIX_PATH=/home/jade/Desktop/eYRC_26-27_Hole-The_Explorer/eYRC_26-27_Hola-The-Explorer/install/shape_interface:/opt/ros/humble LD_LIBRARY_PATH=/home/jade/Desktop/eYRC_26-27_Hole-The_Explorer/eYRC_26-27_Hola-The-Explorer/install/shape_interface/lib:${LD_LIBRARY_PATH} PYTHONPATH=/home/jade/Desktop/eYRC_26-27_Hole-The_Explorer/eYRC_26-27_Hola-The-Explorer/install/shape_interface/local/lib/python3.10/dist-packages:${PYTHONPATH} /usr/bin/cmake --install /home/jade/Desktop/eYRC_26-27_Hole-The_Explorer/eYRC_26-27_Hola-The-Explorer/build/task_1a
[1.129s] Level 1:colcon.colcon_core.environment:checking '/home/jade/Desktop/eYRC_26-27_Hole-The_Explorer/eYRC_26-27_Hola-The-Explorer/install/task_1a' for CMake config files
[1.129s] Level 1:colcon.colcon_core.shell:create_environment_hook('task_1a', 'cmake_prefix_path')
[1.130s] INFO:colcon.colcon_core.shell:Creating environment hook '/home/jade/Desktop/eYRC_26-27_Hole-The_Explorer/eYRC_26-27_Hola-The-Explorer/install/task_1a/share/task_1a/hook/cmake_prefix_path.ps1'
[1.130s] INFO:colcon.colcon_core.shell:Creating environment descriptor '/home/jade/Desktop/eYRC_26-27_Hole-The_Explorer/eYRC_26-27_Hola-The-Explorer/install/task_1a/share/task_1a/hook/cmake_prefix_path.dsv'
[1.130s] INFO:colcon.colcon_core.shell:Creating environment hook '/home/jade/Desktop/eYRC_26-27_Hole-The_Explorer/eYRC_26-27_Hola-The-Explorer/install/task_1a/share/task_1a/hook/cmake_prefix_path.sh'
[1.131s] Level 1:colcon.colcon_core.environment:checking '/home/jade/Desktop/eYRC_26-27_Hole-The_Explorer/eYRC_26-27_Hola-The-Explorer/install/task_1a/lib'
[1.131s] Level 1:colcon.colcon_core.environment:checking '/home/jade/Desktop/eYRC_26-27_Hole-The_Explorer/eYRC_26-27_Hola-The-Explorer/install/task_1a/bin'
[1.131s] Level 1:colcon.colcon_core.environment:checking '/home/jade/Desktop/eYRC_26-27_Hole-The_Explorer/eYRC_26-27_Hola-The-Explorer/install/task_1a/lib/pkgconfig/task_1a.pc'
[1.131s] Level 1:colcon.colcon_core.environment:checking '/home/jade/Desktop/eYRC_26-27_Hole-The_Explorer/eYRC_26-27_Hola-The-Explorer/install/task_1a/lib/python3.10/site-packages'
[1.131s] Level 1:colcon.colcon_core.environment:checking '/home/jade/Desktop/eYRC_26-27_Hole-The_Explorer/eYRC_26-27_Hola-The-Explorer/install/task_1a/bin'
[1.131s] INFO:colcon.colcon_core.shell:Creating package script '/home/jade/Desktop/eYRC_26-27_Hole-The_Explorer/eYRC_26-27_Hola-The-Explorer/install/task_1a/share/task_1a/package.ps1'
[1.132s] INFO:colcon.colcon_core.shell:Creating package descriptor '/home/jade/Desktop/eYRC_26-27_Hole-The_Explorer/eYRC_26-27_Hola-The-Explorer/install/task_1a/share/task_1a/package.dsv'
[1.132s] INFO:colcon.colcon_core.shell:Creating package script '/home/jade/Desktop/eYRC_26-27_Hole-The_Explorer/eYRC_26-27_Hola-The-Explorer/install/task_1a/share/task_1a/package.sh'
[1.132s] INFO:colcon.colcon_core.shell:Creating package script '/home/jade/Desktop/eYRC_26-27_Hole-The_Explorer/eYRC_26-27_Hola-The-Explorer/install/task_1a/share/task_1a/package.bash'
[1.133s] INFO:colcon.colcon_core.shell:Creating package script '/home/jade/Desktop/eYRC_26-27_Hole-The_Explorer/eYRC_26-27_Hola-The-Explorer/install/task_1a/share/task_1a/package.zsh'
[1.133s] Level 1:colcon.colcon_core.environment:create_file_with_runtime_dependencies(/home/jade/Desktop/eYRC_26-27_Hole-The_Explorer/eYRC_26-27_Hola-The-Explorer/install/task_1a/share/colcon-core/packages/task_1a)
[1.133s] Level 1:colcon.colcon_core.environment:create_environment_scripts_only(task_1a)
[1.133s] Level 1:colcon.colcon_core.environment:checking '/home/jade/Desktop/eYRC_26-27_Hole-The_Explorer/eYRC_26-27_Hola-The-Explorer/install/task_1a' for CMake module files
[1.134s] Level 1:colcon.colcon_core.environment:checking '/home/jade/Desktop/eYRC_26-27_Hole-The_Explorer/eYRC_26-27_Hola-The-Explorer/install/task_1a' for CMake config files
[1.134s] Level 1:colcon.colcon_core.shell:create_environment_hook('task_1a', 'cmake_prefix_path')
[1.134s] INFO:colcon.colcon_core.shell:Creating environment hook '/home/jade/Desktop/eYRC_26-27_Hole-The_Explorer/eYRC_26-27_Hola-The-Explorer/install/task_1a/share/task_1a/hook/cmake_prefix_path.ps1'
[1.135s] INFO:colcon.colcon_core.shell:Creating environment descriptor '/home/jade/Desktop/eYRC_26-27_Hole-The_Explorer/eYRC_26-27_Hola-The-Explorer/install/task_1a/share/task_1a/hook/cmake_prefix_path.dsv'
[1.135s] INFO:colcon.colcon_core.shell:Creating environment hook '/home/jade/Desktop/eYRC_26-27_Hole-The_Explorer/eYRC_26-27_Hola-The-Explorer/install/task_1a/share/task_1a/hook/cmake_prefix_path.sh'
[1.135s] Level 1:colcon.colcon_core.environment:checking '/home/jade/Desktop/eYRC_26-27_Hole-The_Explorer/eYRC_26-27_Hola-The-Explorer/install/task_1a/lib'
[1.135s] Level 1:colcon.colcon_core.environment:checking '/home/jade/Desktop/eYRC_26-27_Hole-The_Explorer/eYRC_26-27_Hola-The-Explorer/install/task_1a/bin'
[1.135s] Level 1:colcon.colcon_core.environment:checking '/home/jade/Desktop/eYRC_26-27_Hole-The_Explorer/eYRC_26-27_Hola-The-Explorer/install/task_1a/lib/pkgconfig/task_1a.pc'
[1.135s] Level 1:colcon.colcon_core.environment:checking '/home/jade/Desktop/eYRC_26-27_Hole-The_Explorer/eYRC_26-27_Hola-The-Explorer/install/task_1a/lib/python3.10/site-packages'
[1.136s] Level 1:colcon.colcon_core.environment:checking '/home/jade/Desktop/eYRC_26-27_Hole-The_Explorer/eYRC_26-27_Hola-The-Explorer/install/task_1a/bin'
[1.136s] INFO:colcon.colcon_core.shell:Creating package script '/home/jade/Desktop/eYRC_26-27_Hole-The_Explorer/eYRC_26-27_Hola-The-Explorer/install/task_1a/share/task_1a/package.ps1'
[1.136s] INFO:colcon.colcon_core.shell:Creating package descriptor '/home/jade/Desktop/eYRC_26-27_Hole-The_Explorer/eYRC_26-27_Hola-The-Explorer/install/task_1a/share/task_1a/package.dsv'
[1.137s] INFO:colcon.colcon_core.shell:Creating package script '/home/jade/Desktop/eYRC_26-27_Hole-The_Explorer/eYRC_26-27_Hola-The-Explorer/install/task_1a/share/task_1a/package.sh'
[1.137s] INFO:colcon.colcon_core.shell:Creating package script '/home/jade/Desktop/eYRC_26-27_Hole-The_Explorer/eYRC_26-27_Hola-The-Explorer/install/task_1a/share/task_1a/package.bash'
[1.137s] INFO:colcon.colcon_core.shell:Creating package script '/home/jade/Desktop/eYRC_26-27_Hole-The_Explorer/eYRC_26-27_Hola-The-Explorer/install/task_1a/share/task_1a/package.zsh'
[1.138s] Level 1:colcon.colcon_core.environment:create_file_with_runtime_dependencies(/home/jade/Desktop/eYRC_26-27_Hole-The_Explorer/eYRC_26-27_Hola-The-Explorer/install/task_1a/share/colcon-core/packages/task_1a)
[1.138s] INFO:colcon.colcon_ros.task.ament_cmake.build:Building ROS package in '/home/jade/Desktop/eYRC_26-27_Hole-The_Explorer/eYRC_26-27_Hola-The-Explorer/Software/workspace/src/hb_description' with build type 'ament_cmake'
[1.138s] INFO:colcon.colcon_cmake.task.cmake.build:Building CMake package in '/home/jade/Desktop/eYRC_26-27_Hole-The_Explorer/eYRC_26-27_Hola-The-Explorer/Software/workspace/src/hb_description'
[1.138s] INFO:colcon.colcon_core.shell:Skip shell extension 'powershell' for command environment: Not usable outside of PowerShell
[1.138s] DEBUG:colcon.colcon_core.shell:Skip shell extension 'dsv' for command environment
[1.147s] DEBUG:colcon.colcon_core.event_handler.log_command:Invoking command in '/home/jade/Desktop/eYRC_26-27_Hole-The_Explorer/eYRC_26-27_Hola-The-Explorer/build/hb_description': AMENT_PREFIX_PATH=/home/jade/Desktop/eYRC_26-27_Hole-The_Explorer/eYRC_26-27_Hola-The-Explorer/install/task_1a:/home/jade/Desktop/eYRC_26-27_Hole-The_Explorer/eYRC_26-27_Hola-The-Explorer/install/shape_interface:${AMENT_PREFIX_PATH} CMAKE_PREFIX_PATH=/home/jade/Desktop/eYRC_26-27_Hole-The_Explorer/eYRC_26-27_Hola-The-Explorer/install/task_1a:/home/jade/Desktop/eYRC_26-27_Hole-The_Explorer/eYRC_26-27_Hola-The-Explorer/install/shape_interface:/opt/ros/humble LD_LIBRARY_PATH=/home/jade/Desktop/eYRC_26-27_Hole-The_Explorer/eYRC_26-27_Hola-The-Explorer/install/shape_interface/lib:${LD_LIBRARY_PATH} PYTHONPATH=/home/jade/Desktop/eYRC_26-27_Hole-The_Explorer/eYRC_26-27_Hola-The-Explorer/install/task_1a/local/lib/python3.10/dist-packages:/home/jade/Desktop/eYRC_26-27_Hole-The_Explorer/eYRC_26-27_Hola-The-Explorer/install/shape_interface/local/lib/python3.10/dist-packages:${PYTHONPATH} /usr/bin/cmake --build /home/jade/Desktop/eYRC_26-27_Hole-The_Explorer/eYRC_26-27_Hola-The-Explorer/build/hb_description -- -j12 -l12
[1.186s] DEBUG:colcon.colcon_core.event_handler.log_command:Invoked command in '/home/jade/Desktop/eYRC_26-27_Hole-The_Explorer/eYRC_26-27_Hola-The-Explorer/build/hb_description' returned '0': AMENT_PREFIX_PATH=/home/jade/Desktop/eYRC_26-27_Hole-The_Explorer/eYRC_26-27_Hola-The-Explorer/install/task_1a:/home/jade/Desktop/eYRC_26-27_Hole-The_Explorer/eYRC_26-27_Hola-The-Explorer/install/shape_interface:${AMENT_PREFIX_PATH} CMAKE_PREFIX_PATH=/home/jade/Desktop/eYRC_26-27_Hole-The_Explorer/eYRC_26-27_Hola-The-Explorer/install/task_1a:/home/jade/Desktop/eYRC_26-27_Hole-The_Explorer/eYRC_26-27_Hola-The-Explorer/install/shape_interface:/opt/ros/humble LD_LIBRARY_PATH=/home/jade/Desktop/eYRC_26-27_Hole-The_Explorer/eYRC_26-27_Hola-The-Explorer/install/shape_interface/lib:${LD_LIBRARY_PATH} PYTHONPATH=/home/jade/Desktop/eYRC_26-27_Hole-The_Explorer/eYRC_26-27_Hola-The-Explorer/install/task_1a/local/lib/python3.10/dist-packages:/home/jade/Desktop/eYRC_26-27_Hole-The_Explorer/eYRC_26-27_Hola-The-Explorer/install/shape_interface/local/lib/python3.10/dist-packages:${PYTHONPATH} /usr/bin/cmake --build /home/jade/Desktop/eYRC_26-27_Hole-The_Explorer/eYRC_26-27_Hola-The-Explorer/build/hb_description -- -j12 -l12
[1.188s] DEBUG:colcon.colcon_core.event_handler.log_command:Invoking command in '/home/jade/Desktop/eYRC_26-27_Hole-The_Explorer/eYRC_26-27_Hola-The-Explorer/build/hb_description': AMENT_PREFIX_PATH=/home/jade/Desktop/eYRC_26-27_Hole-The_Explorer/eYRC_26-27_Hola-The-Explorer/install/task_1a:/home/jade/Desktop/eYRC_26-27_Hole-The_Explorer/eYRC_26-27_Hola-The-Explorer/install/shape_interface:${AMENT_PREFIX_PATH} CMAKE_PREFIX_PATH=/home/jade/Desktop/eYRC_26-27_Hole-The_Explorer/eYRC_26-27_Hola-The-Explorer/install/task_1a:/home/jade/Desktop/eYRC_26-27_Hole-The_Explorer/eYRC_26-27_Hola-The-Explorer/install/shape_interface:/opt/ros/humble LD_LIBRARY_PATH=/home/jade/Desktop/eYRC_26-27_Hole-The_Explorer/eYRC_26-27_Hola-The-Explorer/install/shape_interface/lib:${LD_LIBRARY_PATH} PYTHONPATH=/home/jade/Desktop/eYRC_26-27_Hole-The_Explorer/eYRC_26-27_Hola-The-Explorer/install/task_1a/local/lib/python3.10/dist-packages:/home/jade/Desktop/eYRC_26-27_Hole-The_Explorer/eYRC_26-27_Hola-The-Explorer/install/shape_interface/local/lib/python3.10/dist-packages:${PYTHONPATH} /usr/bin/cmake --install /home/jade/Desktop/eYRC_26-27_Hole-The_Explorer/eYRC_26-27_Hola-The-Explorer/build/hb_description
[1.198s] Level 1:colcon.colcon_core.environment:create_environment_scripts_only(hb_description)
[1.198s] Level 1:colcon.colcon_core.environment:checking '/home/jade/Desktop/eYRC_26-27_Hole-The_Explorer/eYRC_26-27_Hola-The-Explorer/install/hb_description' for CMake module files
[1.199s] DEBUG:colcon.colcon_core.event_handler.log_command:Invoked command in '/home/jade/Desktop/eYRC_26-27_Hole-The_Explorer/eYRC_26-27_Hola-The-Explorer/build/hb_description' returned '0': AMENT_PREFIX_PATH=/home/jade/Desktop/eYRC_26-27_Hole-The_Explorer/eYRC_26-27_Hola-The-Explorer/install/task_1a:/home/jade/Desktop/eYRC_26-27_Hole-The_Explorer/eYRC_26-27_Hola-The-Explorer/install/shape_interface:${AMENT_PREFIX_PATH} CMAKE_PREFIX_PATH=/home/jade/Desktop/eYRC_26-27_Hole-The_Explorer/eYRC_26-27_Hola-The-Explorer/install/task_1a:/home/jade/Desktop/eYRC_26-27_Hole-The_Explorer/eYRC_26-27_Hola-The-Explorer/install/shape_interface:/opt/ros/humble LD_LIBRARY_PATH=/home/jade/Desktop/eYRC_26-27_Hole-The_Explorer/eYRC_26-27_Hola-The-Explorer/install/shape_interface/lib:${LD_LIBRARY_PATH} PYTHONPATH=/home/jade/Desktop/eYRC_26-27_Hole-The_Explorer/eYRC_26-27_Hola-The-Explorer/install/task_1a/local/lib/python3.10/dist-packages:/home/jade/Desktop/eYRC_26-27_Hole-The_Explorer/eYRC_26-27_Hola-The-Explorer/install/shape_interface/local/lib/python3.10/dist-packages:${PYTHONPATH} /usr/bin/cmake --install /home/jade/Desktop/eYRC_26-27_Hole-The_Explorer/eYRC_26-27_Hola-The-Explorer/build/hb_description
[1.199s] Level 1:colcon.colcon_core.environment:checking '/home/jade/Desktop/eYRC_26-27_Hole-The_Explorer/eYRC_26-27_Hola-The-Explorer/install/hb_description' for CMake config files
[1.199s] Level 1:colcon.colcon_core.shell:create_environment_hook('hb_description', 'cmake_prefix_path')
[1.199s] INFO:colcon.colcon_core.shell:Creating environment hook '/home/jade/Desktop/eYRC_26-27_Hole-The_Explorer/eYRC_26-27_Hola-The-Explorer/install/hb_description/share/hb_description/hook/cmake_prefix_path.ps1'
[1.200s] INFO:colcon.colcon_core.shell:Creating environment descriptor '/home/jade/Desktop/eYRC_26-27_Hole-The_Explorer/eYRC_26-27_Hola-The-Explorer/install/hb_description/share/hb_description/hook/cmake_prefix_path.dsv'
[1.200s] INFO:colcon.colcon_core.shell:Creating environment hook '/home/jade/Desktop/eYRC_26-27_Hole-The_Explorer/eYRC_26-27_Hola-The-Explorer/install/hb_description/share/hb_description/hook/cmake_prefix_path.sh'
[1.200s] Level 1:colcon.colcon_core.environment:checking '/home/jade/Desktop/eYRC_26-27_Hole-The_Explorer/eYRC_26-27_Hola-The-Explorer/install/hb_description/lib'
[1.200s] Level 1:colcon.colcon_core.shell:create_environment_hook('hb_description', 'ld_library_path_lib')
[1.201s] INFO:colcon.colcon_core.shell:Creating environment hook '/home/jade/Desktop/eYRC_26-27_Hole-The_Explorer/eYRC_26-27_Hola-The-Explorer/install/hb_description/share/hb_description/hook/ld_library_path_lib.ps1'
[1.201s] INFO:colcon.colcon_core.shell:Creating environment descriptor '/home/jade/Desktop/eYRC_26-27_Hole-The_Explorer/eYRC_26-27_Hola-The-Explorer/install/hb_description/share/hb_description/hook/ld_library_path_lib.dsv'
[1.201s] INFO:colcon.colcon_core.shell:Creating environment hook '/home/jade/Desktop/eYRC_26-27_Hole-The_Explorer/eYRC_26-27_Hola-The-Explorer/install/hb_description/share/hb_description/hook/ld_library_path_lib.sh'
[1.201s] Level 1:colcon.colcon_core.environment:checking '/home/jade/Desktop/eYRC_26-27_Hole-The_Explorer/eYRC_26-27_Hola-The-Explorer/install/hb_description/bin'
[1.201s] Level 1:colcon.colcon_core.environment:checking '/home/jade/Desktop/eYRC_26-27_Hole-The_Explorer/eYRC_26-27_Hola-The-Explorer/install/hb_description/lib/pkgconfig/hb_description.pc'
[1.202s] Level 1:colcon.colcon_core.environment:checking '/home/jade/Desktop/eYRC_26-27_Hole-The_Explorer/eYRC_26-27_Hola-The-Explorer/install/hb_description/lib/python3.10/site-packages'
[1.202s] Level 1:colcon.colcon_core.environment:checking '/home/jade/Desktop/eYRC_26-27_Hole-The_Explorer/eYRC_26-27_Hola-The-Explorer/install/hb_description/bin'
[1.202s] INFO:colcon.colcon_core.shell:Creating package script '/home/jade/Desktop/eYRC_26-27_Hole-The_Explorer/eYRC_26-27_Hola-The-Explorer/install/hb_description/share/hb_description/package.ps1'
[1.203s] INFO:colcon.colcon_core.shell:Creating package descriptor '/home/jade/Desktop/eYRC_26-27_Hole-The_Explorer/eYRC_26-27_Hola-The-Explorer/install/hb_description/share/hb_description/package.dsv'
[1.203s] INFO:colcon.colcon_core.shell:Creating package script '/home/jade/Desktop/eYRC_26-27_Hole-The_Explorer/eYRC_26-27_Hola-The-Explorer/install/hb_description/share/hb_description/package.sh'
[1.203s] INFO:colcon.colcon_core.shell:Creating package script '/home/jade/Desktop/eYRC_26-27_Hole-The_Explorer/eYRC_26-27_Hola-The-Explorer/install/hb_description/share/hb_description/package.bash'
[1.203s] INFO:colcon.colcon_core.shell:Creating package script '/home/jade/Desktop/eYRC_26-27_Hole-The_Explorer/eYRC_26-27_Hola-The-Explorer/install/hb_description/share/hb_description/package.zsh'
[1.204s] Level 1:colcon.colcon_core.environment:create_file_with_runtime_dependencies(/home/jade/Desktop/eYRC_26-27_Hole-The_Explorer/eYRC_26-27_Hola-The-Explorer/install/hb_description/share/colcon-core/packages/hb_description)
[1.204s] Level 1:colcon.colcon_core.environment:create_environment_scripts_only(hb_description)
[1.204s] Level 1:colcon.colcon_core.environment:checking '/home/jade/Desktop/eYRC_26-27_Hole-The_Explorer/eYRC_26-27_Hola-The-Explorer/install/hb_description' for CMake module files
[1.205s] Level 1:colcon.colcon_core.environment:checking '/home/jade/Desktop/eYRC_26-27_Hole-The_Explorer/eYRC_26-27_Hola-The-Explorer/install/hb_description' for CMake config files
[1.205s] Level 1:colcon.colcon_core.shell:create_environment_hook('hb_description', 'cmake_prefix_path')
[1.205s] INFO:colcon.colcon_core.shell:Creating environment hook '/home/jade/Desktop/eYRC_26-27_Hole-The_Explorer/eYRC_26-27_Hola-The-Explorer/install/hb_description/share/hb_description/hook/cmake_prefix_path.ps1'
[1.205s] INFO:colcon.colcon_core.shell:Creating environment descriptor '/home/jade/Desktop/eYRC_26-27_Hole-The_Explorer/eYRC_26-27_Hola-The-Explorer/install/hb_description/share/hb_description/hook/cmake_prefix_path.dsv'
[1.205s] INFO:colcon.colcon_core.shell:Creating environment hook '/home/jade/Desktop/eYRC_26-27_Hole-The_Explorer/eYRC_26-27_Hola-The-Explorer/install/hb_description/share/hb_description/hook/cmake_prefix_path.sh'
[1.206s] Level 1:colcon.colcon_core.environment:checking '/home/jade/Desktop/eYRC_26-27_Hole-The_Explorer/eYRC_26-27_Hola-The-Explorer/install/hb_description/lib'
[1.206s] Level 1:colcon.colcon_core.shell:create_environment_hook('hb_description', 'ld_library_path_lib')
[1.206s] INFO:colcon.colcon_core.shell:Creating environment hook '/home/jade/Desktop/eYRC_26-27_Hole-The_Explorer/eYRC_26-27_Hola-The-Explorer/install/hb_description/share/hb_description/hook/ld_library_path_lib.ps1'
[1.206s] INFO:colcon.colcon_core.shell:Creating environment descriptor '/home/jade/Desktop/eYRC_26-27_Hole-The_Explorer/eYRC_26-27_Hola-The-Explorer/install/hb_description/share/hb_description/hook/ld_library_path_lib.dsv'
[1.207s] INFO:colcon.colcon_core.shell:Creating environment hook '/home/jade/Desktop/eYRC_26-27_Hole-The_Explorer/eYRC_26-27_Hola-The-Explorer/install/hb_description/share/hb_description/hook/ld_library_path_lib.sh'
[1.207s] Level 1:colcon.colcon_core.environment:checking '/home/jade/Desktop/eYRC_26-27_Hole-The_Explorer/eYRC_26-27_Hola-The-Explorer/install/hb_description/bin'
[1.207s] Level 1:colcon.colcon_core.environment:checking '/home/jade/Desktop/eYRC_26-27_Hole-The_Explorer/eYRC_26-27_Hola-The-Explorer/install/hb_description/lib/pkgconfig/hb_description.pc'
[1.207s] Level 1:colcon.colcon_core.environment:checking '/home/jade/Desktop/eYRC_26-27_Hole-The_Explorer/eYRC_26-27_Hola-The-Explorer/install/hb_description/lib/python3.10/site-packages'
[1.207s] Level 1:colcon.colcon_core.environment:checking '/home/jade/Desktop/eYRC_26-27_Hole-The_Explorer/eYRC_26-27_Hola-The-Explorer/install/hb_description/bin'
[1.208s] INFO:colcon.colcon_core.shell:Creating package script '/home/jade/Desktop/eYRC_26-27_Hole-The_Explorer/eYRC_26-27_Hola-The-Explorer/install/hb_description/share/hb_description/package.ps1'
[1.208s] INFO:colcon.colcon_core.shell:Creating package descriptor '/home/jade/Desktop/eYRC_26-27_Hole-The_Explorer/eYRC_26-27_Hola-The-Explorer/install/hb_description/share/hb_description/package.dsv'
[1.208s] INFO:colcon.colcon_core.shell:Creating package script '/home/jade/Desktop/eYRC_26-27_Hole-The_Explorer/eYRC_26-27_Hola-The-Explorer/install/hb_description/share/hb_description/package.sh'
[1.209s] INFO:colcon.colcon_core.shell:Creating package script '/home/jade/Desktop/eYRC_26-27_Hole-The_Explorer/eYRC_26-27_Hola-The-Explorer/install/hb_description/share/hb_description/package.bash'
[1.209s] INFO:colcon.colcon_core.shell:Creating package script '/home/jade/Desktop/eYRC_26-27_Hole-The_Explorer/eYRC_26-27_Hola-The-Explorer/install/hb_description/share/hb_description/package.zsh'
[1.209s] Level 1:colcon.colcon_core.environment:create_file_with_runtime_dependencies(/home/jade/Desktop/eYRC_26-27_Hole-The_Explorer/eYRC_26-27_Hola-The-Explorer/install/hb_description/share/colcon-core/packages/hb_description)
[1.209s] DEBUG:colcon.colcon_parallel_executor.executor.parallel:closing loop
[1.210s] DEBUG:colcon.colcon_parallel_executor.executor.parallel:loop closed
[1.210s] DEBUG:colcon.colcon_parallel_executor.executor.parallel:run_until_complete finished with '0'
[1.210s] DEBUG:colcon.colcon_core.event_reactor:joining thread
[1.214s] INFO:colcon.colcon_core.plugin_system:Skipping extension 'colcon_notification.desktop_notification.terminal_notifier': Not used on non-Darwin systems
[1.214s] INFO:colcon.colcon_core.plugin_system:Skipping extension 'colcon_notification.desktop_notification.win32': Not used on non-Windows systems
[1.214s] INFO:colcon.colcon_notification.desktop_notification:Sending desktop notification using 'notify2'
[1.224s] DEBUG:colcon.colcon_core.event_reactor:joined thread
[1.224s] INFO:colcon.colcon_core.shell:Creating prefix script '/home/jade/Desktop/eYRC_26-27_Hole-The_Explorer/eYRC_26-27_Hola-The-Explorer/install/local_setup.ps1'
[1.225s] INFO:colcon.colcon_core.shell:Creating prefix util module '/home/jade/Desktop/eYRC_26-27_Hole-The_Explorer/eYRC_26-27_Hola-The-Explorer/install/_local_setup_util_ps1.py'
[1.226s] INFO:colcon.colcon_core.shell:Creating prefix chain script '/home/jade/Desktop/eYRC_26-27_Hole-The_Explorer/eYRC_26-27_Hola-The-Explorer/install/setup.ps1'
[1.227s] INFO:colcon.colcon_core.shell:Creating prefix script '/home/jade/Desktop/eYRC_26-27_Hole-The_Explorer/eYRC_26-27_Hola-The-Explorer/install/local_setup.sh'
[1.228s] INFO:colcon.colcon_core.shell:Creating prefix util module '/home/jade/Desktop/eYRC_26-27_Hole-The_Explorer/eYRC_26-27_Hola-The-Explorer/install/_local_setup_util_sh.py'
[1.228s] INFO:colcon.colcon_core.shell:Creating prefix chain script '/home/jade/Desktop/eYRC_26-27_Hole-The_Explorer/eYRC_26-27_Hola-The-Explorer/install/setup.sh'
[1.229s] INFO:colcon.colcon_core.shell:Creating prefix script '/home/jade/Desktop/eYRC_26-27_Hole-The_Explorer/eYRC_26-27_Hola-The-Explorer/install/local_setup.bash'
[1.229s] INFO:colcon.colcon_core.shell:Creating prefix chain script '/home/jade/Desktop/eYRC_26-27_Hole-The_Explorer/eYRC_26-27_Hola-The-Explorer/install/setup.bash'
[1.230s] INFO:colcon.colcon_core.shell:Creating prefix script '/home/jade/Desktop/eYRC_26-27_Hole-The_Explorer/eYRC_26-27_Hola-The-Explorer/install/local_setup.zsh'
[1.230s] INFO:colcon.colcon_core.shell:Creating prefix chain script '/home/jade/Desktop/eYRC_26-27_Hole-The_Explorer/eYRC_26-27_Hola-The-Explorer/install/setup.zsh'
