[0.157s] DEBUG:colcon:Command line arguments: ['/usr/bin/colcon', 'build']
[0.157s] DEBUG:colcon:Parsed command line arguments: Namespace(log_base=None, log_level=None, verb_name='build', build_base='build', install_base='install', merge_install=False, symlink_install=False, test_result_base=None, continue_on_error=False, executor='parallel', parallel_workers=12, event_handlers=None, ignore_user_meta=False, metas=['./colcon.meta'], base_paths=['.'], packages_ignore=None, packages_ignore_regex=None, paths=None, packages_up_to=None, packages_up_to_regex=None, packages_above=None, packages_above_and_dependencies=None, packages_above_depth=None, packages_select_by_dep=None, packages_skip_by_dep=None, packages_skip_up_to=None, packages_select_build_failed=False, packages_skip_build_finished=False, packages_select_test_failures=False, packages_skip_test_passed=False, packages_select=None, packages_skip=None, packages_select_regex=None, packages_skip_regex=None, packages_start=None, packages_end=None, allow_overriding=[], cmake_args=None, cmake_target=None, cmake_target_skip_unavailable=False, cmake_clean_cache=False, cmake_clean_first=False, cmake_force_configure=False, ament_cmake_args=None, catkin_cmake_args=None, catkin_skip_building_tests=False, mixin_files=None, mixin=None, verb_parser=<colcon_mixin.mixin.mixin_argument.MixinArgumentDecorator object at 0x79ab459553f0>, verb_extension=<colcon_core.verb.build.BuildVerb object at 0x79ab45954d60>, main=<bound method BuildVerb.main of <colcon_core.verb.build.BuildVerb object at 0x79ab45954d60>>, mixin_verb=('build',))
[0.411s] Level 1:colcon.colcon_core.package_discovery:discover_packages(colcon_meta) check parameters
[0.412s] Level 1:colcon.colcon_core.package_discovery:discover_packages(recursive) check parameters
[0.412s] Level 1:colcon.colcon_core.package_discovery:discover_packages(ignore) check parameters
[0.412s] Level 1:colcon.colcon_core.package_discovery:discover_packages(path) check parameters
[0.412s] Level 1:colcon.colcon_core.package_discovery:discover_packages(colcon_meta) discover
[0.412s] Level 1:colcon.colcon_core.package_discovery:discover_packages(recursive) discover
[0.412s] INFO:colcon.colcon_core.package_discovery:Crawling recursively for packages in '/home/jade/Desktop/eYRC_26-27_Hole-The_Explorer/eYRC_26-27_Hola-The-Explorer'
[0.412s] Level 1:colcon.colcon_core.package_identification:_identify(.) by extensions ['ignore', 'ignore_ament_install']
[0.412s] Level 1:colcon.colcon_core.package_identification:_identify(.) by extension 'ignore'
[0.412s] Level 1:colcon.colcon_core.package_identification:_identify(.) by extension 'ignore_ament_install'
[0.412s] Level 1:colcon.colcon_core.package_identification:_identify(.) by extensions ['colcon_pkg']
[0.412s] Level 1:colcon.colcon_core.package_identification:_identify(.) by extension 'colcon_pkg'
[0.412s] Level 1:colcon.colcon_core.package_identification:_identify(.) by extensions ['colcon_meta']
[0.413s] Level 1:colcon.colcon_core.package_identification:_identify(.) by extension 'colcon_meta'
[0.413s] Level 1:colcon.colcon_core.package_identification:_identify(.) by extensions ['ros']
[0.413s] Level 1:colcon.colcon_core.package_identification:_identify(.) by extension 'ros'
[0.427s] Level 1:colcon.colcon_core.package_identification:_identify(.) by extensions ['cmake', 'python']
[0.428s] Level 1:colcon.colcon_core.package_identification:_identify(.) by extension 'cmake'
[0.428s] Level 1:colcon.colcon_core.package_identification:_identify(.) by extension 'python'
[0.428s] Level 1:colcon.colcon_core.package_identification:_identify(.) by extensions ['python_setup_py']
[0.428s] Level 1:colcon.colcon_core.package_identification:_identify(.) by extension 'python_setup_py'
[0.428s] Level 1:colcon.colcon_core.package_identification:_identify(Software) by extensions ['ignore', 'ignore_ament_install']
[0.428s] Level 1:colcon.colcon_core.package_identification:_identify(Software) by extension 'ignore'
[0.428s] Level 1:colcon.colcon_core.package_identification:_identify(Software) by extension 'ignore_ament_install'
[0.428s] Level 1:colcon.colcon_core.package_identification:_identify(Software) by extensions ['colcon_pkg']
[0.428s] Level 1:colcon.colcon_core.package_identification:_identify(Software) by extension 'colcon_pkg'
[0.428s] Level 1:colcon.colcon_core.package_identification:_identify(Software) by extensions ['colcon_meta']
[0.428s] Level 1:colcon.colcon_core.package_identification:_identify(Software) by extension 'colcon_meta'
[0.428s] Level 1:colcon.colcon_core.package_identification:_identify(Software) by extensions ['ros']
[0.428s] Level 1:colcon.colcon_core.package_identification:_identify(Software) by extension 'ros'
[0.429s] Level 1:colcon.colcon_core.package_identification:_identify(Software) by extensions ['cmake', 'python']
[0.429s] Level 1:colcon.colcon_core.package_identification:_identify(Software) by extension 'cmake'
[0.429s] Level 1:colcon.colcon_core.package_identification:_identify(Software) by extension 'python'
[0.429s] Level 1:colcon.colcon_core.package_identification:_identify(Software) by extensions ['python_setup_py']
[0.429s] Level 1:colcon.colcon_core.package_identification:_identify(Software) by extension 'python_setup_py'
[0.429s] Level 1:colcon.colcon_core.package_identification:_identify(Software/workspace) by extensions ['ignore', 'ignore_ament_install']
[0.429s] Level 1:colcon.colcon_core.package_identification:_identify(Software/workspace) by extension 'ignore'
[0.429s] Level 1:colcon.colcon_core.package_identification:_identify(Software/workspace) by extension 'ignore_ament_install'
[0.429s] Level 1:colcon.colcon_core.package_identification:_identify(Software/workspace) by extensions ['colcon_pkg']
[0.429s] Level 1:colcon.colcon_core.package_identification:_identify(Software/workspace) by extension 'colcon_pkg'
[0.429s] Level 1:colcon.colcon_core.package_identification:_identify(Software/workspace) by extensions ['colcon_meta']
[0.429s] Level 1:colcon.colcon_core.package_identification:_identify(Software/workspace) by extension 'colcon_meta'
[0.429s] Level 1:colcon.colcon_core.package_identification:_identify(Software/workspace) by extensions ['ros']
[0.429s] Level 1:colcon.colcon_core.package_identification:_identify(Software/workspace) by extension 'ros'
[0.430s] Level 1:colcon.colcon_core.package_identification:_identify(Software/workspace) by extensions ['cmake', 'python']
[0.430s] Level 1:colcon.colcon_core.package_identification:_identify(Software/workspace) by extension 'cmake'
[0.430s] Level 1:colcon.colcon_core.package_identification:_identify(Software/workspace) by extension 'python'
[0.430s] Level 1:colcon.colcon_core.package_identification:_identify(Software/workspace) by extensions ['python_setup_py']
[0.430s] Level 1:colcon.colcon_core.package_identification:_identify(Software/workspace) by extension 'python_setup_py'
[0.430s] Level 1:colcon.colcon_core.package_identification:_identify(Software/workspace/src) by extensions ['ignore', 'ignore_ament_install']
[0.430s] Level 1:colcon.colcon_core.package_identification:_identify(Software/workspace/src) by extension 'ignore'
[0.430s] Level 1:colcon.colcon_core.package_identification:_identify(Software/workspace/src) by extension 'ignore_ament_install'
[0.430s] Level 1:colcon.colcon_core.package_identification:_identify(Software/workspace/src) by extensions ['colcon_pkg']
[0.430s] Level 1:colcon.colcon_core.package_identification:_identify(Software/workspace/src) by extension 'colcon_pkg'
[0.430s] Level 1:colcon.colcon_core.package_identification:_identify(Software/workspace/src) by extensions ['colcon_meta']
[0.430s] Level 1:colcon.colcon_core.package_identification:_identify(Software/workspace/src) by extension 'colcon_meta'
[0.430s] Level 1:colcon.colcon_core.package_identification:_identify(Software/workspace/src) by extensions ['ros']
[0.430s] Level 1:colcon.colcon_core.package_identification:_identify(Software/workspace/src) by extension 'ros'
[0.430s] Level 1:colcon.colcon_core.package_identification:_identify(Software/workspace/src) by extensions ['cmake', 'python']
[0.431s] Level 1:colcon.colcon_core.package_identification:_identify(Software/workspace/src) by extension 'cmake'
[0.431s] Level 1:colcon.colcon_core.package_identification:_identify(Software/workspace/src) by extension 'python'
[0.431s] Level 1:colcon.colcon_core.package_identification:_identify(Software/workspace/src) by extensions ['python_setup_py']
[0.431s] Level 1:colcon.colcon_core.package_identification:_identify(Software/workspace/src) by extension 'python_setup_py'
[0.431s] Level 1:colcon.colcon_core.package_identification:_identify(Software/workspace/src/hb_description) by extensions ['ignore', 'ignore_ament_install']
[0.431s] Level 1:colcon.colcon_core.package_identification:_identify(Software/workspace/src/hb_description) by extension 'ignore'
[0.431s] Level 1:colcon.colcon_core.package_identification:_identify(Software/workspace/src/hb_description) by extension 'ignore_ament_install'
[0.431s] Level 1:colcon.colcon_core.package_identification:_identify(Software/workspace/src/hb_description) by extensions ['colcon_pkg']
[0.431s] Level 1:colcon.colcon_core.package_identification:_identify(Software/workspace/src/hb_description) by extension 'colcon_pkg'
[0.431s] Level 1:colcon.colcon_core.package_identification:_identify(Software/workspace/src/hb_description) by extensions ['colcon_meta']
[0.431s] Level 1:colcon.colcon_core.package_identification:_identify(Software/workspace/src/hb_description) by extension 'colcon_meta'
[0.431s] Level 1:colcon.colcon_core.package_identification:_identify(Software/workspace/src/hb_description) by extensions ['ros']
[0.431s] Level 1:colcon.colcon_core.package_identification:_identify(Software/workspace/src/hb_description) by extension 'ros'
[0.436s] DEBUG:colcon.colcon_core.package_identification:Package 'Software/workspace/src/hb_description' with type 'ros.ament_cmake' and name 'hb_description'
[0.436s] Level 1:colcon.colcon_core.package_identification:_identify(Software/workspace/src/shape_interface) by extensions ['ignore', 'ignore_ament_install']
[0.436s] Level 1:colcon.colcon_core.package_identification:_identify(Software/workspace/src/shape_interface) by extension 'ignore'
[0.436s] Level 1:colcon.colcon_core.package_identification:_identify(Software/workspace/src/shape_interface) by extension 'ignore_ament_install'
[0.436s] Level 1:colcon.colcon_core.package_identification:_identify(Software/workspace/src/shape_interface) by extensions ['colcon_pkg']
[0.437s] Level 1:colcon.colcon_core.package_identification:_identify(Software/workspace/src/shape_interface) by extension 'colcon_pkg'
[0.437s] Level 1:colcon.colcon_core.package_identification:_identify(Software/workspace/src/shape_interface) by extensions ['colcon_meta']
[0.437s] Level 1:colcon.colcon_core.package_identification:_identify(Software/workspace/src/shape_interface) by extension 'colcon_meta'
[0.437s] Level 1:colcon.colcon_core.package_identification:_identify(Software/workspace/src/shape_interface) by extensions ['ros']
[0.437s] Level 1:colcon.colcon_core.package_identification:_identify(Software/workspace/src/shape_interface) by extension 'ros'
[0.437s] DEBUG:colcon.colcon_core.package_identification:Package 'Software/workspace/src/shape_interface' with type 'ros.ament_cmake' and name 'shape_interface'
[0.438s] Level 1:colcon.colcon_core.package_identification:_identify(Software/workspace/src/task_1a) by extensions ['ignore', 'ignore_ament_install']
[0.438s] Level 1:colcon.colcon_core.package_identification:_identify(Software/workspace/src/task_1a) by extension 'ignore'
[0.438s] Level 1:colcon.colcon_core.package_identification:_identify(Software/workspace/src/task_1a) by extension 'ignore_ament_install'
[0.438s] Level 1:colcon.colcon_core.package_identification:_identify(Software/workspace/src/task_1a) by extensions ['colcon_pkg']
[0.438s] Level 1:colcon.colcon_core.package_identification:_identify(Software/workspace/src/task_1a) by extension 'colcon_pkg'
[0.438s] Level 1:colcon.colcon_core.package_identification:_identify(Software/workspace/src/task_1a) by extensions ['colcon_meta']
[0.438s] Level 1:colcon.colcon_core.package_identification:_identify(Software/workspace/src/task_1a) by extension 'colcon_meta'
[0.438s] Level 1:colcon.colcon_core.package_identification:_identify(Software/workspace/src/task_1a) by extensions ['ros']
[0.438s] Level 1:colcon.colcon_core.package_identification:_identify(Software/workspace/src/task_1a) by extension 'ros'
[0.439s] DEBUG:colcon.colcon_core.package_identification:Package 'Software/workspace/src/task_1a' with type 'ros.ament_cmake' and name 'task_1a'
[0.439s] Level 1:colcon.colcon_core.package_identification:_identify(Software/workspace/src/task_1b) by extensions ['ignore', 'ignore_ament_install']
[0.439s] Level 1:colcon.colcon_core.package_identification:_identify(Software/workspace/src/task_1b) by extension 'ignore'
[0.439s] Level 1:colcon.colcon_core.package_identification:_identify(Software/workspace/src/task_1b) by extension 'ignore_ament_install'
[0.439s] Level 1:colcon.colcon_core.package_identification:_identify(Software/workspace/src/task_1b) by extensions ['colcon_pkg']
[0.439s] Level 1:colcon.colcon_core.package_identification:_identify(Software/workspace/src/task_1b) by extension 'colcon_pkg'
[0.439s] Level 1:colcon.colcon_core.package_identification:_identify(Software/workspace/src/task_1b) by extensions ['colcon_meta']
[0.439s] Level 1:colcon.colcon_core.package_identification:_identify(Software/workspace/src/task_1b) by extension 'colcon_meta'
[0.439s] Level 1:colcon.colcon_core.package_identification:_identify(Software/workspace/src/task_1b) by extensions ['ros']
[0.439s] Level 1:colcon.colcon_core.package_identification:_identify(Software/workspace/src/task_1b) by extension 'ros'
[0.440s] DEBUG:colcon.colcon_core.package_identification:Package 'Software/workspace/src/task_1b' with type 'ros.ament_cmake' and name 'task_1b'
[0.440s] Level 1:colcon.colcon_core.package_identification:_identify(Software/workspace/src/task_1c) by extensions ['ignore', 'ignore_ament_install']
[0.440s] Level 1:colcon.colcon_core.package_identification:_identify(Software/workspace/src/task_1c) by extension 'ignore'
[0.440s] Level 1:colcon.colcon_core.package_identification:_identify(Software/workspace/src/task_1c) by extension 'ignore_ament_install'
[0.440s] Level 1:colcon.colcon_core.package_identification:_identify(Software/workspace/src/task_1c) by extensions ['colcon_pkg']
[0.440s] Level 1:colcon.colcon_core.package_identification:_identify(Software/workspace/src/task_1c) by extension 'colcon_pkg'
[0.441s] Level 1:colcon.colcon_core.package_identification:_identify(Software/workspace/src/task_1c) by extensions ['colcon_meta']
[0.441s] Level 1:colcon.colcon_core.package_identification:_identify(Software/workspace/src/task_1c) by extension 'colcon_meta'
[0.441s] Level 1:colcon.colcon_core.package_identification:_identify(Software/workspace/src/task_1c) by extensions ['ros']
[0.441s] Level 1:colcon.colcon_core.package_identification:_identify(Software/workspace/src/task_1c) by extension 'ros'
[0.441s] DEBUG:colcon.colcon_core.package_identification:Package 'Software/workspace/src/task_1c' with type 'ros.ament_cmake' and name 'task_1c'
[0.442s] Level 1:colcon.colcon_core.package_identification:_identify(assets) by extensions ['ignore', 'ignore_ament_install']
[0.442s] Level 1:colcon.colcon_core.package_identification:_identify(assets) by extension 'ignore'
[0.442s] Level 1:colcon.colcon_core.package_identification:_identify(assets) by extension 'ignore_ament_install'
[0.442s] Level 1:colcon.colcon_core.package_identification:_identify(assets) by extensions ['colcon_pkg']
[0.442s] Level 1:colcon.colcon_core.package_identification:_identify(assets) by extension 'colcon_pkg'
[0.442s] Level 1:colcon.colcon_core.package_identification:_identify(assets) by extensions ['colcon_meta']
[0.442s] Level 1:colcon.colcon_core.package_identification:_identify(assets) by extension 'colcon_meta'
[0.442s] Level 1:colcon.colcon_core.package_identification:_identify(assets) by extensions ['ros']
[0.442s] Level 1:colcon.colcon_core.package_identification:_identify(assets) by extension 'ros'
[0.442s] Level 1:colcon.colcon_core.package_identification:_identify(assets) by extensions ['cmake', 'python']
[0.442s] Level 1:colcon.colcon_core.package_identification:_identify(assets) by extension 'cmake'
[0.442s] Level 1:colcon.colcon_core.package_identification:_identify(assets) by extension 'python'
[0.442s] Level 1:colcon.colcon_core.package_identification:_identify(assets) by extensions ['python_setup_py']
[0.442s] Level 1:colcon.colcon_core.package_identification:_identify(assets) by extension 'python_setup_py'
[0.442s] Level 1:colcon.colcon_core.package_identification:_identify(bonus_task) by extensions ['ignore', 'ignore_ament_install']
[0.442s] Level 1:colcon.colcon_core.package_identification:_identify(bonus_task) by extension 'ignore'
[0.443s] Level 1:colcon.colcon_core.package_identification:_identify(bonus_task) by extension 'ignore_ament_install'
[0.443s] Level 1:colcon.colcon_core.package_identification:_identify(bonus_task) by extensions ['colcon_pkg']
[0.443s] Level 1:colcon.colcon_core.package_identification:_identify(bonus_task) by extension 'colcon_pkg'
[0.443s] Level 1:colcon.colcon_core.package_identification:_identify(bonus_task) by extensions ['colcon_meta']
[0.443s] Level 1:colcon.colcon_core.package_identification:_identify(bonus_task) by extension 'colcon_meta'
[0.443s] Level 1:colcon.colcon_core.package_identification:_identify(bonus_task) by extensions ['ros']
[0.443s] Level 1:colcon.colcon_core.package_identification:_identify(bonus_task) by extension 'ros'
[0.443s] Level 1:colcon.colcon_core.package_identification:_identify(bonus_task) by extensions ['cmake', 'python']
[0.443s] Level 1:colcon.colcon_core.package_identification:_identify(bonus_task) by extension 'cmake'
[0.443s] Level 1:colcon.colcon_core.package_identification:_identify(bonus_task) by extension 'python'
[0.443s] Level 1:colcon.colcon_core.package_identification:_identify(bonus_task) by extensions ['python_setup_py']
[0.443s] Level 1:colcon.colcon_core.package_identification:_identify(bonus_task) by extension 'python_setup_py'
[0.443s] Level 1:colcon.colcon_core.package_identification:_identify(build) by extensions ['ignore', 'ignore_ament_install']
[0.443s] Level 1:colcon.colcon_core.package_identification:_identify(build) by extension 'ignore'
[0.443s] Level 1:colcon.colcon_core.package_identification:_identify(build) ignored
[0.444s] Level 1:colcon.colcon_core.package_identification:_identify(install) by extensions ['ignore', 'ignore_ament_install']
[0.444s] Level 1:colcon.colcon_core.package_identification:_identify(install) by extension 'ignore'
[0.444s] Level 1:colcon.colcon_core.package_identification:_identify(install) ignored
[0.444s] Level 1:colcon.colcon_core.package_identification:_identify(log) by extensions ['ignore', 'ignore_ament_install']
[0.444s] Level 1:colcon.colcon_core.package_identification:_identify(log) by extension 'ignore'
[0.444s] Level 1:colcon.colcon_core.package_identification:_identify(log) ignored
[0.444s] Level 1:colcon.colcon_core.package_identification:_identify(task_1b) by extensions ['ignore', 'ignore_ament_install']
[0.444s] Level 1:colcon.colcon_core.package_identification:_identify(task_1b) by extension 'ignore'
[0.444s] Level 1:colcon.colcon_core.package_identification:_identify(task_1b) by extension 'ignore_ament_install'
[0.444s] Level 1:colcon.colcon_core.package_identification:_identify(task_1b) by extensions ['colcon_pkg']
[0.444s] Level 1:colcon.colcon_core.package_identification:_identify(task_1b) by extension 'colcon_pkg'
[0.444s] Level 1:colcon.colcon_core.package_identification:_identify(task_1b) by extensions ['colcon_meta']
[0.444s] Level 1:colcon.colcon_core.package_identification:_identify(task_1b) by extension 'colcon_meta'
[0.444s] Level 1:colcon.colcon_core.package_identification:_identify(task_1b) by extensions ['ros']
[0.445s] Level 1:colcon.colcon_core.package_identification:_identify(task_1b) by extension 'ros'
[0.445s] Level 1:colcon.colcon_core.package_identification:_identify(task_1b) by extensions ['cmake', 'python']
[0.445s] Level 1:colcon.colcon_core.package_identification:_identify(task_1b) by extension 'cmake'
[0.445s] Level 1:colcon.colcon_core.package_identification:_identify(task_1b) by extension 'python'
[0.445s] Level 1:colcon.colcon_core.package_identification:_identify(task_1b) by extensions ['python_setup_py']
[0.445s] Level 1:colcon.colcon_core.package_identification:_identify(task_1b) by extension 'python_setup_py'
[0.445s] Level 1:colcon.colcon_core.package_discovery:discover_packages(recursive) using defaults
[0.445s] Level 1:colcon.colcon_core.package_discovery:discover_packages(ignore) discover
[0.445s] Level 1:colcon.colcon_core.package_discovery:discover_packages(ignore) using defaults
[0.445s] Level 1:colcon.colcon_core.package_discovery:discover_packages(path) discover
[0.445s] Level 1:colcon.colcon_core.package_discovery:discover_packages(path) using defaults
[0.484s] Level 1:colcon.colcon_core.package_discovery:discover_packages(prefix_path) check parameters
[0.484s] Level 1:colcon.colcon_core.package_discovery:discover_packages(prefix_path) discover
[0.487s] DEBUG:colcon.colcon_installed_package_information.package_discovery:Found 273 installed packages in /opt/ros/humble
[0.489s] Level 1:colcon.colcon_core.package_discovery:discover_packages(prefix_path) using defaults
[0.531s] Level 5:colcon.colcon_core.verb:set package 'shape_interface' build argument 'cmake_args' from command line to 'None'
[0.531s] Level 5:colcon.colcon_core.verb:set package 'shape_interface' build argument 'cmake_target' from command line to 'None'
[0.531s] Level 5:colcon.colcon_core.verb:set package 'shape_interface' build argument 'cmake_target_skip_unavailable' from command line to 'False'
[0.531s] Level 5:colcon.colcon_core.verb:set package 'shape_interface' build argument 'cmake_clean_cache' from command line to 'False'
[0.531s] Level 5:colcon.colcon_core.verb:set package 'shape_interface' build argument 'cmake_clean_first' from command line to 'False'
[0.531s] Level 5:colcon.colcon_core.verb:set package 'shape_interface' build argument 'cmake_force_configure' from command line to 'False'
[0.531s] Level 5:colcon.colcon_core.verb:set package 'shape_interface' build argument 'ament_cmake_args' from command line to 'None'
[0.531s] Level 5:colcon.colcon_core.verb:set package 'shape_interface' build argument 'catkin_cmake_args' from command line to 'None'
[0.531s] Level 5:colcon.colcon_core.verb:set package 'shape_interface' build argument 'catkin_skip_building_tests' from command line to 'False'
[0.531s] DEBUG:colcon.colcon_core.verb:Building package 'shape_interface' with the following arguments: {'ament_cmake_args': None, 'build_base': '/home/jade/Desktop/eYRC_26-27_Hole-The_Explorer/eYRC_26-27_Hola-The-Explorer/build/shape_interface', 'catkin_cmake_args': None, 'catkin_skip_building_tests': False, 'cmake_args': None, 'cmake_clean_cache': False, 'cmake_clean_first': False, 'cmake_force_configure': False, 'cmake_target': None, 'cmake_target_skip_unavailable': False, 'install_base': '/home/jade/Desktop/eYRC_26-27_Hole-The_Explorer/eYRC_26-27_Hola-The-Explorer/install/shape_interface', 'merge_install': False, 'path': '/home/jade/Desktop/eYRC_26-27_Hole-The_Explorer/eYRC_26-27_Hola-The-Explorer/Software/workspace/src/shape_interface', 'symlink_install': False, 'test_result_base': None}
[0.532s] Level 5:colcon.colcon_core.verb:set package 'task_1b' build argument 'cmake_args' from command line to 'None'
[0.532s] Level 5:colcon.colcon_core.verb:set package 'task_1b' build argument 'cmake_target' from command line to 'None'
[0.532s] Level 5:colcon.colcon_core.verb:set package 'task_1b' build argument 'cmake_target_skip_unavailable' from command line to 'False'
[0.532s] Level 5:colcon.colcon_core.verb:set package 'task_1b' build argument 'cmake_clean_cache' from command line to 'False'
[0.532s] Level 5:colcon.colcon_core.verb:set package 'task_1b' build argument 'cmake_clean_first' from command line to 'False'
[0.532s] Level 5:colcon.colcon_core.verb:set package 'task_1b' build argument 'cmake_force_configure' from command line to 'False'
[0.532s] Level 5:colcon.colcon_core.verb:set package 'task_1b' build argument 'ament_cmake_args' from command line to 'None'
[0.532s] Level 5:colcon.colcon_core.verb:set package 'task_1b' build argument 'catkin_cmake_args' from command line to 'None'
[0.532s] Level 5:colcon.colcon_core.verb:set package 'task_1b' build argument 'catkin_skip_building_tests' from command line to 'False'
[0.532s] DEBUG:colcon.colcon_core.verb:Building package 'task_1b' with the following arguments: {'ament_cmake_args': None, 'build_base': '/home/jade/Desktop/eYRC_26-27_Hole-The_Explorer/eYRC_26-27_Hola-The-Explorer/build/task_1b', 'catkin_cmake_args': None, 'catkin_skip_building_tests': False, 'cmake_args': None, 'cmake_clean_cache': False, 'cmake_clean_first': False, 'cmake_force_configure': False, 'cmake_target': None, 'cmake_target_skip_unavailable': False, 'install_base': '/home/jade/Desktop/eYRC_26-27_Hole-The_Explorer/eYRC_26-27_Hola-The-Explorer/install/task_1b', 'merge_install': False, 'path': '/home/jade/Desktop/eYRC_26-27_Hole-The_Explorer/eYRC_26-27_Hola-The-Explorer/Software/workspace/src/task_1b', 'symlink_install': False, 'test_result_base': None}
[0.532s] Level 5:colcon.colcon_core.verb:set package 'task_1a' build argument 'cmake_args' from command line to 'None'
[0.532s] Level 5:colcon.colcon_core.verb:set package 'task_1a' build argument 'cmake_target' from command line to 'None'
[0.532s] Level 5:colcon.colcon_core.verb:set package 'task_1a' build argument 'cmake_target_skip_unavailable' from command line to 'False'
[0.532s] Level 5:colcon.colcon_core.verb:set package 'task_1a' build argument 'cmake_clean_cache' from command line to 'False'
[0.532s] Level 5:colcon.colcon_core.verb:set package 'task_1a' build argument 'cmake_clean_first' from command line to 'False'
[0.532s] Level 5:colcon.colcon_core.verb:set package 'task_1a' build argument 'cmake_force_configure' from command line to 'False'
[0.532s] Level 5:colcon.colcon_core.verb:set package 'task_1a' build argument 'ament_cmake_args' from command line to 'None'
[0.532s] Level 5:colcon.colcon_core.verb:set package 'task_1a' build argument 'catkin_cmake_args' from command line to 'None'
[0.532s] Level 5:colcon.colcon_core.verb:set package 'task_1a' build argument 'catkin_skip_building_tests' from command line to 'False'
[0.532s] DEBUG:colcon.colcon_core.verb:Building package 'task_1a' with the following arguments: {'ament_cmake_args': None, 'build_base': '/home/jade/Desktop/eYRC_26-27_Hole-The_Explorer/eYRC_26-27_Hola-The-Explorer/build/task_1a', 'catkin_cmake_args': None, 'catkin_skip_building_tests': False, 'cmake_args': None, 'cmake_clean_cache': False, 'cmake_clean_first': False, 'cmake_force_configure': False, 'cmake_target': None, 'cmake_target_skip_unavailable': False, 'install_base': '/home/jade/Desktop/eYRC_26-27_Hole-The_Explorer/eYRC_26-27_Hola-The-Explorer/install/task_1a', 'merge_install': False, 'path': '/home/jade/Desktop/eYRC_26-27_Hole-The_Explorer/eYRC_26-27_Hola-The-Explorer/Software/workspace/src/task_1a', 'symlink_install': False, 'test_result_base': None}
[0.533s] Level 5:colcon.colcon_core.verb:set package 'task_1c' build argument 'cmake_args' from command line to 'None'
[0.533s] Level 5:colcon.colcon_core.verb:set package 'task_1c' build argument 'cmake_target' from command line to 'None'
[0.533s] Level 5:colcon.colcon_core.verb:set package 'task_1c' build argument 'cmake_target_skip_unavailable' from command line to 'False'
[0.533s] Level 5:colcon.colcon_core.verb:set package 'task_1c' build argument 'cmake_clean_cache' from command line to 'False'
[0.533s] Level 5:colcon.colcon_core.verb:set package 'task_1c' build argument 'cmake_clean_first' from command line to 'False'
[0.533s] Level 5:colcon.colcon_core.verb:set package 'task_1c' build argument 'cmake_force_configure' from command line to 'False'
[0.533s] Level 5:colcon.colcon_core.verb:set package 'task_1c' build argument 'ament_cmake_args' from command line to 'None'
[0.533s] Level 5:colcon.colcon_core.verb:set package 'task_1c' build argument 'catkin_cmake_args' from command line to 'None'
[0.533s] Level 5:colcon.colcon_core.verb:set package 'task_1c' build argument 'catkin_skip_building_tests' from command line to 'False'
[0.533s] DEBUG:colcon.colcon_core.verb:Building package 'task_1c' with the following arguments: {'ament_cmake_args': None, 'build_base': '/home/jade/Desktop/eYRC_26-27_Hole-The_Explorer/eYRC_26-27_Hola-The-Explorer/build/task_1c', 'catkin_cmake_args': None, 'catkin_skip_building_tests': False, 'cmake_args': None, 'cmake_clean_cache': False, 'cmake_clean_first': False, 'cmake_force_configure': False, 'cmake_target': None, 'cmake_target_skip_unavailable': False, 'install_base': '/home/jade/Desktop/eYRC_26-27_Hole-The_Explorer/eYRC_26-27_Hola-The-Explorer/install/task_1c', 'merge_install': False, 'path': '/home/jade/Desktop/eYRC_26-27_Hole-The_Explorer/eYRC_26-27_Hola-The-Explorer/Software/workspace/src/task_1c', 'symlink_install': False, 'test_result_base': None}
[0.533s] Level 5:colcon.colcon_core.verb:set package 'hb_description' build argument 'cmake_args' from command line to 'None'
[0.533s] Level 5:colcon.colcon_core.verb:set package 'hb_description' build argument 'cmake_target' from command line to 'None'
[0.533s] Level 5:colcon.colcon_core.verb:set package 'hb_description' build argument 'cmake_target_skip_unavailable' from command line to 'False'
[0.533s] Level 5:colcon.colcon_core.verb:set package 'hb_description' build argument 'cmake_clean_cache' from command line to 'False'
[0.533s] Level 5:colcon.colcon_core.verb:set package 'hb_description' build argument 'cmake_clean_first' from command line to 'False'
[0.533s] Level 5:colcon.colcon_core.verb:set package 'hb_description' build argument 'cmake_force_configure' from command line to 'False'
[0.534s] Level 5:colcon.colcon_core.verb:set package 'hb_description' build argument 'ament_cmake_args' from command line to 'None'
[0.534s] Level 5:colcon.colcon_core.verb:set package 'hb_description' build argument 'catkin_cmake_args' from command line to 'None'
[0.534s] Level 5:colcon.colcon_core.verb:set package 'hb_description' build argument 'catkin_skip_building_tests' from command line to 'False'
[0.534s] DEBUG:colcon.colcon_core.verb:Building package 'hb_description' with the following arguments: {'ament_cmake_args': None, 'build_base': '/home/jade/Desktop/eYRC_26-27_Hole-The_Explorer/eYRC_26-27_Hola-The-Explorer/build/hb_description', 'catkin_cmake_args': None, 'catkin_skip_building_tests': False, 'cmake_args': None, 'cmake_clean_cache': False, 'cmake_clean_first': False, 'cmake_force_configure': False, 'cmake_target': None, 'cmake_target_skip_unavailable': False, 'install_base': '/home/jade/Desktop/eYRC_26-27_Hole-The_Explorer/eYRC_26-27_Hola-The-Explorer/install/hb_description', 'merge_install': False, 'path': '/home/jade/Desktop/eYRC_26-27_Hole-The_Explorer/eYRC_26-27_Hola-The-Explorer/Software/workspace/src/hb_description', 'symlink_install': False, 'test_result_base': None}
[0.534s] INFO:colcon.colcon_core.executor:Executing jobs using 'parallel' executor
[0.535s] DEBUG:colcon.colcon_parallel_executor.executor.parallel:run_until_complete
[0.535s] INFO:colcon.colcon_ros.task.ament_cmake.build:Building ROS package in '/home/jade/Desktop/eYRC_26-27_Hole-The_Explorer/eYRC_26-27_Hola-The-Explorer/Software/workspace/src/shape_interface' with build type 'ament_cmake'
[0.535s] INFO:colcon.colcon_cmake.task.cmake.build:Building CMake package in '/home/jade/Desktop/eYRC_26-27_Hole-The_Explorer/eYRC_26-27_Hola-The-Explorer/Software/workspace/src/shape_interface'
[0.539s] INFO:colcon.colcon_core.plugin_system:Skipping extension 'colcon_core.shell.bat': Not used on non-Windows systems
[0.539s] INFO:colcon.colcon_core.shell:Skip shell extension 'powershell' for command environment: Not usable outside of PowerShell
[0.540s] DEBUG:colcon.colcon_core.shell:Skip shell extension 'dsv' for command environment
[0.543s] INFO:colcon.colcon_ros.task.ament_cmake.build:Building ROS package in '/home/jade/Desktop/eYRC_26-27_Hole-The_Explorer/eYRC_26-27_Hola-The-Explorer/Software/workspace/src/task_1b' with build type 'ament_cmake'
[0.544s] INFO:colcon.colcon_cmake.task.cmake.build:Building CMake package in '/home/jade/Desktop/eYRC_26-27_Hole-The_Explorer/eYRC_26-27_Hola-The-Explorer/Software/workspace/src/task_1b'
[0.544s] INFO:colcon.colcon_core.shell:Skip shell extension 'powershell' for command environment: Not usable outside of PowerShell
[0.544s] DEBUG:colcon.colcon_core.shell:Skip shell extension 'dsv' for command environment
[0.551s] DEBUG:colcon.colcon_core.event_handler.log_command:Invoking command in '/home/jade/Desktop/eYRC_26-27_Hole-The_Explorer/eYRC_26-27_Hola-The-Explorer/build/shape_interface': CMAKE_PREFIX_PATH=/opt/ros/humble /usr/bin/cmake --build /home/jade/Desktop/eYRC_26-27_Hole-The_Explorer/eYRC_26-27_Hola-The-Explorer/build/shape_interface -- -j12 -l12
[0.558s] DEBUG:colcon.colcon_core.event_handler.log_command:Invoking command in '/home/jade/Desktop/eYRC_26-27_Hole-The_Explorer/eYRC_26-27_Hola-The-Explorer/build/task_1b': CMAKE_PREFIX_PATH=/opt/ros/humble /usr/bin/cmake --build /home/jade/Desktop/eYRC_26-27_Hole-The_Explorer/eYRC_26-27_Hola-The-Explorer/build/task_1b -- -j12 -l12
[0.998s] DEBUG:colcon.colcon_core.event_handler.log_command:Invoked command in '/home/jade/Desktop/eYRC_26-27_Hole-The_Explorer/eYRC_26-27_Hola-The-Explorer/build/task_1b' returned '0': CMAKE_PREFIX_PATH=/opt/ros/humble /usr/bin/cmake --build /home/jade/Desktop/eYRC_26-27_Hole-The_Explorer/eYRC_26-27_Hola-The-Explorer/build/task_1b -- -j12 -l12
[1.010s] DEBUG:colcon.colcon_core.event_handler.log_command:Invoking command in '/home/jade/Desktop/eYRC_26-27_Hole-The_Explorer/eYRC_26-27_Hola-The-Explorer/build/task_1b': CMAKE_PREFIX_PATH=/opt/ros/humble /usr/bin/cmake --install /home/jade/Desktop/eYRC_26-27_Hole-The_Explorer/eYRC_26-27_Hola-The-Explorer/build/task_1b
[1.012s] DEBUG:colcon.colcon_core.event_handler.log_command:Invoked command in '/home/jade/Desktop/eYRC_26-27_Hole-The_Explorer/eYRC_26-27_Hola-The-Explorer/build/shape_interface' returned '0': CMAKE_PREFIX_PATH=/opt/ros/humble /usr/bin/cmake --build /home/jade/Desktop/eYRC_26-27_Hole-The_Explorer/eYRC_26-27_Hola-The-Explorer/build/shape_interface -- -j12 -l12
[1.014s] DEBUG:colcon.colcon_core.event_handler.log_command:Invoking command in '/home/jade/Desktop/eYRC_26-27_Hole-The_Explorer/eYRC_26-27_Hola-The-Explorer/build/shape_interface': CMAKE_PREFIX_PATH=/opt/ros/humble /usr/bin/cmake --install /home/jade/Desktop/eYRC_26-27_Hole-The_Explorer/eYRC_26-27_Hola-The-Explorer/build/shape_interface
[1.066s] Level 1:colcon.colcon_core.environment:create_environment_scripts_only(task_1b)
[1.067s] DEBUG:colcon.colcon_core.event_handler.log_command:Invoked command in '/home/jade/Desktop/eYRC_26-27_Hole-The_Explorer/eYRC_26-27_Hola-The-Explorer/build/task_1b' returned '0': CMAKE_PREFIX_PATH=/opt/ros/humble /usr/bin/cmake --install /home/jade/Desktop/eYRC_26-27_Hole-The_Explorer/eYRC_26-27_Hola-The-Explorer/build/task_1b
[1.072s] Level 1:colcon.colcon_core.environment:checking '/home/jade/Desktop/eYRC_26-27_Hole-The_Explorer/eYRC_26-27_Hola-The-Explorer/install/task_1b' for CMake module files
[1.073s] Level 1:colcon.colcon_core.environment:checking '/home/jade/Desktop/eYRC_26-27_Hole-The_Explorer/eYRC_26-27_Hola-The-Explorer/install/task_1b' for CMake config files
[1.074s] Level 1:colcon.colcon_core.shell:create_environment_hook('task_1b', 'cmake_prefix_path')
[1.074s] INFO:colcon.colcon_core.shell:Creating environment hook '/home/jade/Desktop/eYRC_26-27_Hole-The_Explorer/eYRC_26-27_Hola-The-Explorer/install/task_1b/share/task_1b/hook/cmake_prefix_path.ps1'
[1.075s] INFO:colcon.colcon_core.shell:Creating environment descriptor '/home/jade/Desktop/eYRC_26-27_Hole-The_Explorer/eYRC_26-27_Hola-The-Explorer/install/task_1b/share/task_1b/hook/cmake_prefix_path.dsv'
[1.076s] INFO:colcon.colcon_core.shell:Creating environment hook '/home/jade/Desktop/eYRC_26-27_Hole-The_Explorer/eYRC_26-27_Hola-The-Explorer/install/task_1b/share/task_1b/hook/cmake_prefix_path.sh'
[1.077s] Level 1:colcon.colcon_core.environment:checking '/home/jade/Desktop/eYRC_26-27_Hole-The_Explorer/eYRC_26-27_Hola-The-Explorer/install/task_1b/lib'
[1.077s] Level 1:colcon.colcon_core.environment:checking '/home/jade/Desktop/eYRC_26-27_Hole-The_Explorer/eYRC_26-27_Hola-The-Explorer/install/task_1b/bin'
[1.077s] Level 1:colcon.colcon_core.environment:checking '/home/jade/Desktop/eYRC_26-27_Hole-The_Explorer/eYRC_26-27_Hola-The-Explorer/install/task_1b/lib/pkgconfig/task_1b.pc'
[1.078s] Level 1:colcon.colcon_core.environment:checking '/home/jade/Desktop/eYRC_26-27_Hole-The_Explorer/eYRC_26-27_Hola-The-Explorer/install/task_1b/lib/python3.10/site-packages'
[1.078s] Level 1:colcon.colcon_core.environment:checking '/home/jade/Desktop/eYRC_26-27_Hole-The_Explorer/eYRC_26-27_Hola-The-Explorer/install/task_1b/bin'
[1.078s] INFO:colcon.colcon_core.shell:Creating package script '/home/jade/Desktop/eYRC_26-27_Hole-The_Explorer/eYRC_26-27_Hola-The-Explorer/install/task_1b/share/task_1b/package.ps1'
[1.080s] INFO:colcon.colcon_core.shell:Creating package descriptor '/home/jade/Desktop/eYRC_26-27_Hole-The_Explorer/eYRC_26-27_Hola-The-Explorer/install/task_1b/share/task_1b/package.dsv'
[1.082s] INFO:colcon.colcon_core.shell:Creating package script '/home/jade/Desktop/eYRC_26-27_Hole-The_Explorer/eYRC_26-27_Hola-The-Explorer/install/task_1b/share/task_1b/package.sh'
[1.084s] INFO:colcon.colcon_core.shell:Creating package script '/home/jade/Desktop/eYRC_26-27_Hole-The_Explorer/eYRC_26-27_Hola-The-Explorer/install/task_1b/share/task_1b/package.bash'
[1.086s] INFO:colcon.colcon_core.shell:Creating package script '/home/jade/Desktop/eYRC_26-27_Hole-The_Explorer/eYRC_26-27_Hola-The-Explorer/install/task_1b/share/task_1b/package.zsh'
[1.088s] Level 1:colcon.colcon_core.environment:create_file_with_runtime_dependencies(/home/jade/Desktop/eYRC_26-27_Hole-The_Explorer/eYRC_26-27_Hola-The-Explorer/install/task_1b/share/colcon-core/packages/task_1b)
[1.090s] Level 1:colcon.colcon_core.environment:create_environment_scripts_only(task_1b)
[1.090s] Level 1:colcon.colcon_core.environment:checking '/home/jade/Desktop/eYRC_26-27_Hole-The_Explorer/eYRC_26-27_Hola-The-Explorer/install/task_1b' for CMake module files
[1.092s] Level 1:colcon.colcon_core.environment:checking '/home/jade/Desktop/eYRC_26-27_Hole-The_Explorer/eYRC_26-27_Hola-The-Explorer/install/task_1b' for CMake config files
[1.093s] Level 1:colcon.colcon_core.shell:create_environment_hook('task_1b', 'cmake_prefix_path')
[1.093s] INFO:colcon.colcon_core.shell:Creating environment hook '/home/jade/Desktop/eYRC_26-27_Hole-The_Explorer/eYRC_26-27_Hola-The-Explorer/install/task_1b/share/task_1b/hook/cmake_prefix_path.ps1'
[1.094s] INFO:colcon.colcon_core.shell:Creating environment descriptor '/home/jade/Desktop/eYRC_26-27_Hole-The_Explorer/eYRC_26-27_Hola-The-Explorer/install/task_1b/share/task_1b/hook/cmake_prefix_path.dsv'
[1.095s] INFO:colcon.colcon_core.shell:Creating environment hook '/home/jade/Desktop/eYRC_26-27_Hole-The_Explorer/eYRC_26-27_Hola-The-Explorer/install/task_1b/share/task_1b/hook/cmake_prefix_path.sh'
[1.096s] Level 1:colcon.colcon_core.environment:checking '/home/jade/Desktop/eYRC_26-27_Hole-The_Explorer/eYRC_26-27_Hola-The-Explorer/install/task_1b/lib'
[1.096s] Level 1:colcon.colcon_core.environment:checking '/home/jade/Desktop/eYRC_26-27_Hole-The_Explorer/eYRC_26-27_Hola-The-Explorer/install/task_1b/bin'
[1.096s] Level 1:colcon.colcon_core.environment:checking '/home/jade/Desktop/eYRC_26-27_Hole-The_Explorer/eYRC_26-27_Hola-The-Explorer/install/task_1b/lib/pkgconfig/task_1b.pc'
[1.096s] Level 1:colcon.colcon_core.environment:checking '/home/jade/Desktop/eYRC_26-27_Hole-The_Explorer/eYRC_26-27_Hola-The-Explorer/install/task_1b/lib/python3.10/site-packages'
[1.097s] Level 1:colcon.colcon_core.environment:checking '/home/jade/Desktop/eYRC_26-27_Hole-The_Explorer/eYRC_26-27_Hola-The-Explorer/install/task_1b/bin'
[1.097s] INFO:colcon.colcon_core.shell:Creating package script '/home/jade/Desktop/eYRC_26-27_Hole-The_Explorer/eYRC_26-27_Hola-The-Explorer/install/task_1b/share/task_1b/package.ps1'
[1.098s] INFO:colcon.colcon_core.shell:Creating package descriptor '/home/jade/Desktop/eYRC_26-27_Hole-The_Explorer/eYRC_26-27_Hola-The-Explorer/install/task_1b/share/task_1b/package.dsv'
[1.098s] INFO:colcon.colcon_core.shell:Creating package script '/home/jade/Desktop/eYRC_26-27_Hole-The_Explorer/eYRC_26-27_Hola-The-Explorer/install/task_1b/share/task_1b/package.sh'
[1.099s] INFO:colcon.colcon_core.shell:Creating package script '/home/jade/Desktop/eYRC_26-27_Hole-The_Explorer/eYRC_26-27_Hola-The-Explorer/install/task_1b/share/task_1b/package.bash'
[1.099s] INFO:colcon.colcon_core.shell:Creating package script '/home/jade/Desktop/eYRC_26-27_Hole-The_Explorer/eYRC_26-27_Hola-The-Explorer/install/task_1b/share/task_1b/package.zsh'
[1.100s] Level 1:colcon.colcon_core.environment:create_file_with_runtime_dependencies(/home/jade/Desktop/eYRC_26-27_Hole-The_Explorer/eYRC_26-27_Hola-The-Explorer/install/task_1b/share/colcon-core/packages/task_1b)
[1.101s] Level 1:colcon.colcon_core.environment:create_environment_scripts_only(shape_interface)
[1.101s] Level 1:colcon.colcon_core.environment:checking '/home/jade/Desktop/eYRC_26-27_Hole-The_Explorer/eYRC_26-27_Hola-The-Explorer/install/shape_interface' for CMake module files
[1.102s] DEBUG:colcon.colcon_core.event_handler.log_command:Invoked command in '/home/jade/Desktop/eYRC_26-27_Hole-The_Explorer/eYRC_26-27_Hola-The-Explorer/build/shape_interface' returned '0': CMAKE_PREFIX_PATH=/opt/ros/humble /usr/bin/cmake --install /home/jade/Desktop/eYRC_26-27_Hole-The_Explorer/eYRC_26-27_Hola-The-Explorer/build/shape_interface
[1.103s] Level 1:colcon.colcon_core.environment:checking '/home/jade/Desktop/eYRC_26-27_Hole-The_Explorer/eYRC_26-27_Hola-The-Explorer/install/shape_interface' for CMake config files
[1.103s] Level 1:colcon.colcon_core.shell:create_environment_hook('shape_interface', 'cmake_prefix_path')
[1.103s] INFO:colcon.colcon_core.shell:Creating environment hook '/home/jade/Desktop/eYRC_26-27_Hole-The_Explorer/eYRC_26-27_Hola-The-Explorer/install/shape_interface/share/shape_interface/hook/cmake_prefix_path.ps1'
[1.104s] INFO:colcon.colcon_core.shell:Creating environment descriptor '/home/jade/Desktop/eYRC_26-27_Hole-The_Explorer/eYRC_26-27_Hola-The-Explorer/install/shape_interface/share/shape_interface/hook/cmake_prefix_path.dsv'
[1.104s] INFO:colcon.colcon_core.shell:Creating environment hook '/home/jade/Desktop/eYRC_26-27_Hole-The_Explorer/eYRC_26-27_Hola-The-Explorer/install/shape_interface/share/shape_interface/hook/cmake_prefix_path.sh'
[1.105s] Level 1:colcon.colcon_core.environment:checking '/home/jade/Desktop/eYRC_26-27_Hole-The_Explorer/eYRC_26-27_Hola-The-Explorer/install/shape_interface/lib'
[1.105s] Level 1:colcon.colcon_core.shell:create_environment_hook('shape_interface', 'ld_library_path_lib')
[1.105s] INFO:colcon.colcon_core.shell:Creating environment hook '/home/jade/Desktop/eYRC_26-27_Hole-The_Explorer/eYRC_26-27_Hola-The-Explorer/install/shape_interface/share/shape_interface/hook/ld_library_path_lib.ps1'
[1.106s] INFO:colcon.colcon_core.shell:Creating environment descriptor '/home/jade/Desktop/eYRC_26-27_Hole-The_Explorer/eYRC_26-27_Hola-The-Explorer/install/shape_interface/share/shape_interface/hook/ld_library_path_lib.dsv'
[1.106s] INFO:colcon.colcon_core.shell:Creating environment hook '/home/jade/Desktop/eYRC_26-27_Hole-The_Explorer/eYRC_26-27_Hola-The-Explorer/install/shape_interface/share/shape_interface/hook/ld_library_path_lib.sh'
[1.107s] Level 1:colcon.colcon_core.environment:checking '/home/jade/Desktop/eYRC_26-27_Hole-The_Explorer/eYRC_26-27_Hola-The-Explorer/install/shape_interface/bin'
[1.107s] Level 1:colcon.colcon_core.environment:checking '/home/jade/Desktop/eYRC_26-27_Hole-The_Explorer/eYRC_26-27_Hola-The-Explorer/install/shape_interface/lib/pkgconfig/shape_interface.pc'
[1.107s] Level 1:colcon.colcon_core.environment:checking '/home/jade/Desktop/eYRC_26-27_Hole-The_Explorer/eYRC_26-27_Hola-The-Explorer/install/shape_interface/lib/python3.10/site-packages'
[1.107s] Level 1:colcon.colcon_core.environment:checking '/home/jade/Desktop/eYRC_26-27_Hole-The_Explorer/eYRC_26-27_Hola-The-Explorer/install/shape_interface/bin'
[1.108s] INFO:colcon.colcon_core.shell:Creating package script '/home/jade/Desktop/eYRC_26-27_Hole-The_Explorer/eYRC_26-27_Hola-The-Explorer/install/shape_interface/share/shape_interface/package.ps1'
[1.108s] INFO:colcon.colcon_core.shell:Creating package descriptor '/home/jade/Desktop/eYRC_26-27_Hole-The_Explorer/eYRC_26-27_Hola-The-Explorer/install/shape_interface/share/shape_interface/package.dsv'
[1.109s] INFO:colcon.colcon_core.shell:Creating package script '/home/jade/Desktop/eYRC_26-27_Hole-The_Explorer/eYRC_26-27_Hola-The-Explorer/install/shape_interface/share/shape_interface/package.sh'
[1.109s] INFO:colcon.colcon_core.shell:Creating package script '/home/jade/Desktop/eYRC_26-27_Hole-The_Explorer/eYRC_26-27_Hola-The-Explorer/install/shape_interface/share/shape_interface/package.bash'
[1.110s] INFO:colcon.colcon_core.shell:Creating package script '/home/jade/Desktop/eYRC_26-27_Hole-The_Explorer/eYRC_26-27_Hola-The-Explorer/install/shape_interface/share/shape_interface/package.zsh'
[1.110s] Level 1:colcon.colcon_core.environment:create_file_with_runtime_dependencies(/home/jade/Desktop/eYRC_26-27_Hole-The_Explorer/eYRC_26-27_Hola-The-Explorer/install/shape_interface/share/colcon-core/packages/shape_interface)
[1.111s] Level 1:colcon.colcon_core.environment:create_environment_scripts_only(shape_interface)
[1.111s] Level 1:colcon.colcon_core.environment:checking '/home/jade/Desktop/eYRC_26-27_Hole-The_Explorer/eYRC_26-27_Hola-The-Explorer/install/shape_interface' for CMake module files
[1.112s] Level 1:colcon.colcon_core.environment:checking '/home/jade/Desktop/eYRC_26-27_Hole-The_Explorer/eYRC_26-27_Hola-The-Explorer/install/shape_interface' for CMake config files
[1.113s] Level 1:colcon.colcon_core.shell:create_environment_hook('shape_interface', 'cmake_prefix_path')
[1.113s] INFO:colcon.colcon_core.shell:Creating environment hook '/home/jade/Desktop/eYRC_26-27_Hole-The_Explorer/eYRC_26-27_Hola-The-Explorer/install/shape_interface/share/shape_interface/hook/cmake_prefix_path.ps1'
[1.113s] INFO:colcon.colcon_core.shell:Creating environment descriptor '/home/jade/Desktop/eYRC_26-27_Hole-The_Explorer/eYRC_26-27_Hola-The-Explorer/install/shape_interface/share/shape_interface/hook/cmake_prefix_path.dsv'
[1.114s] INFO:colcon.colcon_core.shell:Creating environment hook '/home/jade/Desktop/eYRC_26-27_Hole-The_Explorer/eYRC_26-27_Hola-The-Explorer/install/shape_interface/share/shape_interface/hook/cmake_prefix_path.sh'
[1.114s] Level 1:colcon.colcon_core.environment:checking '/home/jade/Desktop/eYRC_26-27_Hole-The_Explorer/eYRC_26-27_Hola-The-Explorer/install/shape_interface/lib'
[1.114s] Level 1:colcon.colcon_core.shell:create_environment_hook('shape_interface', 'ld_library_path_lib')
[1.115s] INFO:colcon.colcon_core.shell:Creating environment hook '/home/jade/Desktop/eYRC_26-27_Hole-The_Explorer/eYRC_26-27_Hola-The-Explorer/install/shape_interface/share/shape_interface/hook/ld_library_path_lib.ps1'
[1.115s] INFO:colcon.colcon_core.shell:Creating environment descriptor '/home/jade/Desktop/eYRC_26-27_Hole-The_Explorer/eYRC_26-27_Hola-The-Explorer/install/shape_interface/share/shape_interface/hook/ld_library_path_lib.dsv'
[1.116s] INFO:colcon.colcon_core.shell:Creating environment hook '/home/jade/Desktop/eYRC_26-27_Hole-The_Explorer/eYRC_26-27_Hola-The-Explorer/install/shape_interface/share/shape_interface/hook/ld_library_path_lib.sh'
[1.116s] Level 1:colcon.colcon_core.environment:checking '/home/jade/Desktop/eYRC_26-27_Hole-The_Explorer/eYRC_26-27_Hola-The-Explorer/install/shape_interface/bin'
[1.116s] Level 1:colcon.colcon_core.environment:checking '/home/jade/Desktop/eYRC_26-27_Hole-The_Explorer/eYRC_26-27_Hola-The-Explorer/install/shape_interface/lib/pkgconfig/shape_interface.pc'
[1.116s] Level 1:colcon.colcon_core.environment:checking '/home/jade/Desktop/eYRC_26-27_Hole-The_Explorer/eYRC_26-27_Hola-The-Explorer/install/shape_interface/lib/python3.10/site-packages'
[1.117s] Level 1:colcon.colcon_core.environment:checking '/home/jade/Desktop/eYRC_26-27_Hole-The_Explorer/eYRC_26-27_Hola-The-Explorer/install/shape_interface/bin'
[1.117s] INFO:colcon.colcon_core.shell:Creating package script '/home/jade/Desktop/eYRC_26-27_Hole-The_Explorer/eYRC_26-27_Hola-The-Explorer/install/shape_interface/share/shape_interface/package.ps1'
[1.118s] INFO:colcon.colcon_core.shell:Creating package descriptor '/home/jade/Desktop/eYRC_26-27_Hole-The_Explorer/eYRC_26-27_Hola-The-Explorer/install/shape_interface/share/shape_interface/package.dsv'
[1.118s] INFO:colcon.colcon_core.shell:Creating package script '/home/jade/Desktop/eYRC_26-27_Hole-The_Explorer/eYRC_26-27_Hola-The-Explorer/install/shape_interface/share/shape_interface/package.sh'
[1.119s] INFO:colcon.colcon_core.shell:Creating package script '/home/jade/Desktop/eYRC_26-27_Hole-The_Explorer/eYRC_26-27_Hola-The-Explorer/install/shape_interface/share/shape_interface/package.bash'
[1.119s] INFO:colcon.colcon_core.shell:Creating package script '/home/jade/Desktop/eYRC_26-27_Hole-The_Explorer/eYRC_26-27_Hola-The-Explorer/install/shape_interface/share/shape_interface/package.zsh'
[1.120s] Level 1:colcon.colcon_core.environment:create_file_with_runtime_dependencies(/home/jade/Desktop/eYRC_26-27_Hole-The_Explorer/eYRC_26-27_Hola-The-Explorer/install/shape_interface/share/colcon-core/packages/shape_interface)
[1.120s] INFO:colcon.colcon_ros.task.ament_cmake.build:Building ROS package in '/home/jade/Desktop/eYRC_26-27_Hole-The_Explorer/eYRC_26-27_Hola-The-Explorer/Software/workspace/src/task_1a' with build type 'ament_cmake'
[1.121s] INFO:colcon.colcon_cmake.task.cmake.build:Building CMake package in '/home/jade/Desktop/eYRC_26-27_Hole-The_Explorer/eYRC_26-27_Hola-The-Explorer/Software/workspace/src/task_1a'
[1.121s] INFO:colcon.colcon_core.shell:Skip shell extension 'powershell' for command environment: Not usable outside of PowerShell
[1.121s] DEBUG:colcon.colcon_core.shell:Skip shell extension 'dsv' for command environment
[1.125s] INFO:colcon.colcon_ros.task.ament_cmake.build:Building ROS package in '/home/jade/Desktop/eYRC_26-27_Hole-The_Explorer/eYRC_26-27_Hola-The-Explorer/Software/workspace/src/task_1c' with build type 'ament_cmake'
[1.125s] INFO:colcon.colcon_cmake.task.cmake.build:Building CMake package in '/home/jade/Desktop/eYRC_26-27_Hole-The_Explorer/eYRC_26-27_Hola-The-Explorer/Software/workspace/src/task_1c'
[1.125s] INFO:colcon.colcon_core.shell:Skip shell extension 'powershell' for command environment: Not usable outside of PowerShell
[1.125s] DEBUG:colcon.colcon_core.shell:Skip shell extension 'dsv' for command environment
[1.134s] DEBUG:colcon.colcon_core.event_handler.log_command:Invoking command in '/home/jade/Desktop/eYRC_26-27_Hole-The_Explorer/eYRC_26-27_Hola-The-Explorer/build/task_1a': AMENT_PREFIX_PATH=/home/jade/Desktop/eYRC_26-27_Hole-The_Explorer/eYRC_26-27_Hola-The-Explorer/install/shape_interface:${AMENT_PREFIX_PATH} CMAKE_PREFIX_PATH=/home/jade/Desktop/eYRC_26-27_Hole-The_Explorer/eYRC_26-27_Hola-The-Explorer/install/shape_interface:/opt/ros/humble LD_LIBRARY_PATH=/home/jade/Desktop/eYRC_26-27_Hole-The_Explorer/eYRC_26-27_Hola-The-Explorer/install/shape_interface/lib:${LD_LIBRARY_PATH} PYTHONPATH=/home/jade/Desktop/eYRC_26-27_Hole-The_Explorer/eYRC_26-27_Hola-The-Explorer/install/shape_interface/local/lib/python3.10/dist-packages:${PYTHONPATH} /usr/bin/cmake --build /home/jade/Desktop/eYRC_26-27_Hole-The_Explorer/eYRC_26-27_Hola-The-Explorer/build/task_1a -- -j12 -l12
[1.137s] DEBUG:colcon.colcon_core.event_handler.log_command:Invoking command in '/home/jade/Desktop/eYRC_26-27_Hole-The_Explorer/eYRC_26-27_Hola-The-Explorer/build/task_1c': AMENT_PREFIX_PATH=/home/jade/Desktop/eYRC_26-27_Hole-The_Explorer/eYRC_26-27_Hola-The-Explorer/install/shape_interface:${AMENT_PREFIX_PATH} CMAKE_PREFIX_PATH=/home/jade/Desktop/eYRC_26-27_Hole-The_Explorer/eYRC_26-27_Hola-The-Explorer/install/shape_interface:/opt/ros/humble LD_LIBRARY_PATH=/home/jade/Desktop/eYRC_26-27_Hole-The_Explorer/eYRC_26-27_Hola-The-Explorer/install/shape_interface/lib:${LD_LIBRARY_PATH} PYTHONPATH=/home/jade/Desktop/eYRC_26-27_Hole-The_Explorer/eYRC_26-27_Hola-The-Explorer/install/shape_interface/local/lib/python3.10/dist-packages:${PYTHONPATH} /usr/bin/cmake --build /home/jade/Desktop/eYRC_26-27_Hole-The_Explorer/eYRC_26-27_Hola-The-Explorer/build/task_1c -- -j12 -l12
[1.185s] DEBUG:colcon.colcon_core.event_handler.log_command:Invoked command in '/home/jade/Desktop/eYRC_26-27_Hole-The_Explorer/eYRC_26-27_Hola-The-Explorer/build/task_1c' returned '0': AMENT_PREFIX_PATH=/home/jade/Desktop/eYRC_26-27_Hole-The_Explorer/eYRC_26-27_Hola-The-Explorer/install/shape_interface:${AMENT_PREFIX_PATH} CMAKE_PREFIX_PATH=/home/jade/Desktop/eYRC_26-27_Hole-The_Explorer/eYRC_26-27_Hola-The-Explorer/install/shape_interface:/opt/ros/humble LD_LIBRARY_PATH=/home/jade/Desktop/eYRC_26-27_Hole-The_Explorer/eYRC_26-27_Hola-The-Explorer/install/shape_interface/lib:${LD_LIBRARY_PATH} PYTHONPATH=/home/jade/Desktop/eYRC_26-27_Hole-The_Explorer/eYRC_26-27_Hola-The-Explorer/install/shape_interface/local/lib/python3.10/dist-packages:${PYTHONPATH} /usr/bin/cmake --build /home/jade/Desktop/eYRC_26-27_Hole-The_Explorer/eYRC_26-27_Hola-The-Explorer/build/task_1c -- -j12 -l12
[1.187s] DEBUG:colcon.colcon_core.event_handler.log_command:Invoking command in '/home/jade/Desktop/eYRC_26-27_Hole-The_Explorer/eYRC_26-27_Hola-The-Explorer/build/task_1c': AMENT_PREFIX_PATH=/home/jade/Desktop/eYRC_26-27_Hole-The_Explorer/eYRC_26-27_Hola-The-Explorer/install/shape_interface:${AMENT_PREFIX_PATH} CMAKE_PREFIX_PATH=/home/jade/Desktop/eYRC_26-27_Hole-The_Explorer/eYRC_26-27_Hola-The-Explorer/install/shape_interface:/opt/ros/humble LD_LIBRARY_PATH=/home/jade/Desktop/eYRC_26-27_Hole-The_Explorer/eYRC_26-27_Hola-The-Explorer/install/shape_interface/lib:${LD_LIBRARY_PATH} PYTHONPATH=/home/jade/Desktop/eYRC_26-27_Hole-The_Explorer/eYRC_26-27_Hola-The-Explorer/install/shape_interface/local/lib/python3.10/dist-packages:${PYTHONPATH} /usr/bin/cmake --install /home/jade/Desktop/eYRC_26-27_Hole-The_Explorer/eYRC_26-27_Hola-The-Explorer/build/task_1c
[1.200s] Level 1:colcon.colcon_core.environment:create_environment_scripts_only(task_1c)
[1.200s] Level 1:colcon.colcon_core.environment:checking '/home/jade/Desktop/eYRC_26-27_Hole-The_Explorer/eYRC_26-27_Hola-The-Explorer/install/task_1c' for CMake module files
[1.201s] DEBUG:colcon.colcon_core.event_handler.log_command:Invoked command in '/home/jade/Desktop/eYRC_26-27_Hole-The_Explorer/eYRC_26-27_Hola-The-Explorer/build/task_1c' returned '0': AMENT_PREFIX_PATH=/home/jade/Desktop/eYRC_26-27_Hole-The_Explorer/eYRC_26-27_Hola-The-Explorer/install/shape_interface:${AMENT_PREFIX_PATH} CMAKE_PREFIX_PATH=/home/jade/Desktop/eYRC_26-27_Hole-The_Explorer/eYRC_26-27_Hola-The-Explorer/install/shape_interface:/opt/ros/humble LD_LIBRARY_PATH=/home/jade/Desktop/eYRC_26-27_Hole-The_Explorer/eYRC_26-27_Hola-The-Explorer/install/shape_interface/lib:${LD_LIBRARY_PATH} PYTHONPATH=/home/jade/Desktop/eYRC_26-27_Hole-The_Explorer/eYRC_26-27_Hola-The-Explorer/install/shape_interface/local/lib/python3.10/dist-packages:${PYTHONPATH} /usr/bin/cmake --install /home/jade/Desktop/eYRC_26-27_Hole-The_Explorer/eYRC_26-27_Hola-The-Explorer/build/task_1c
[1.201s] Level 1:colcon.colcon_core.environment:checking '/home/jade/Desktop/eYRC_26-27_Hole-The_Explorer/eYRC_26-27_Hola-The-Explorer/install/task_1c' for CMake config files
[1.201s] Level 1:colcon.colcon_core.shell:create_environment_hook('task_1c', 'cmake_prefix_path')
[1.202s] INFO:colcon.colcon_core.shell:Creating environment hook '/home/jade/Desktop/eYRC_26-27_Hole-The_Explorer/eYRC_26-27_Hola-The-Explorer/install/task_1c/share/task_1c/hook/cmake_prefix_path.ps1'
[1.202s] INFO:colcon.colcon_core.shell:Creating environment descriptor '/home/jade/Desktop/eYRC_26-27_Hole-The_Explorer/eYRC_26-27_Hola-The-Explorer/install/task_1c/share/task_1c/hook/cmake_prefix_path.dsv'
[1.203s] INFO:colcon.colcon_core.shell:Creating environment hook '/home/jade/Desktop/eYRC_26-27_Hole-The_Explorer/eYRC_26-27_Hola-The-Explorer/install/task_1c/share/task_1c/hook/cmake_prefix_path.sh'
[1.203s] Level 1:colcon.colcon_core.environment:checking '/home/jade/Desktop/eYRC_26-27_Hole-The_Explorer/eYRC_26-27_Hola-The-Explorer/install/task_1c/lib'
[1.203s] Level 1:colcon.colcon_core.environment:checking '/home/jade/Desktop/eYRC_26-27_Hole-The_Explorer/eYRC_26-27_Hola-The-Explorer/install/task_1c/bin'
[1.204s] Level 1:colcon.colcon_core.environment:checking '/home/jade/Desktop/eYRC_26-27_Hole-The_Explorer/eYRC_26-27_Hola-The-Explorer/install/task_1c/lib/pkgconfig/task_1c.pc'
[1.204s] Level 1:colcon.colcon_core.environment:checking '/home/jade/Desktop/eYRC_26-27_Hole-The_Explorer/eYRC_26-27_Hola-The-Explorer/install/task_1c/lib/python3.10/site-packages'
[1.204s] Level 1:colcon.colcon_core.environment:checking '/home/jade/Desktop/eYRC_26-27_Hole-The_Explorer/eYRC_26-27_Hola-The-Explorer/install/task_1c/bin'
[1.205s] INFO:colcon.colcon_core.shell:Creating package script '/home/jade/Desktop/eYRC_26-27_Hole-The_Explorer/eYRC_26-27_Hola-The-Explorer/install/task_1c/share/task_1c/package.ps1'
[1.205s] INFO:colcon.colcon_core.shell:Creating package descriptor '/home/jade/Desktop/eYRC_26-27_Hole-The_Explorer/eYRC_26-27_Hola-The-Explorer/install/task_1c/share/task_1c/package.dsv'
[1.206s] INFO:colcon.colcon_core.shell:Creating package script '/home/jade/Desktop/eYRC_26-27_Hole-The_Explorer/eYRC_26-27_Hola-The-Explorer/install/task_1c/share/task_1c/package.sh'
[1.206s] INFO:colcon.colcon_core.shell:Creating package script '/home/jade/Desktop/eYRC_26-27_Hole-The_Explorer/eYRC_26-27_Hola-The-Explorer/install/task_1c/share/task_1c/package.bash'
[1.207s] INFO:colcon.colcon_core.shell:Creating package script '/home/jade/Desktop/eYRC_26-27_Hole-The_Explorer/eYRC_26-27_Hola-The-Explorer/install/task_1c/share/task_1c/package.zsh'
[1.207s] Level 1:colcon.colcon_core.environment:create_file_with_runtime_dependencies(/home/jade/Desktop/eYRC_26-27_Hole-The_Explorer/eYRC_26-27_Hola-The-Explorer/install/task_1c/share/colcon-core/packages/task_1c)
[1.208s] Level 1:colcon.colcon_core.environment:create_environment_scripts_only(task_1c)
[1.208s] Level 1:colcon.colcon_core.environment:checking '/home/jade/Desktop/eYRC_26-27_Hole-The_Explorer/eYRC_26-27_Hola-The-Explorer/install/task_1c' for CMake module files
[1.209s] Level 1:colcon.colcon_core.environment:checking '/home/jade/Desktop/eYRC_26-27_Hole-The_Explorer/eYRC_26-27_Hola-The-Explorer/install/task_1c' for CMake config files
[1.209s] Level 1:colcon.colcon_core.shell:create_environment_hook('task_1c', 'cmake_prefix_path')
[1.209s] INFO:colcon.colcon_core.shell:Creating environment hook '/home/jade/Desktop/eYRC_26-27_Hole-The_Explorer/eYRC_26-27_Hola-The-Explorer/install/task_1c/share/task_1c/hook/cmake_prefix_path.ps1'
[1.210s] INFO:colcon.colcon_core.shell:Creating environment descriptor '/home/jade/Desktop/eYRC_26-27_Hole-The_Explorer/eYRC_26-27_Hola-The-Explorer/install/task_1c/share/task_1c/hook/cmake_prefix_path.dsv'
[1.210s] INFO:colcon.colcon_core.shell:Creating environment hook '/home/jade/Desktop/eYRC_26-27_Hole-The_Explorer/eYRC_26-27_Hola-The-Explorer/install/task_1c/share/task_1c/hook/cmake_prefix_path.sh'
[1.211s] Level 1:colcon.colcon_core.environment:checking '/home/jade/Desktop/eYRC_26-27_Hole-The_Explorer/eYRC_26-27_Hola-The-Explorer/install/task_1c/lib'
[1.211s] Level 1:colcon.colcon_core.environment:checking '/home/jade/Desktop/eYRC_26-27_Hole-The_Explorer/eYRC_26-27_Hola-The-Explorer/install/task_1c/bin'
[1.211s] Level 1:colcon.colcon_core.environment:checking '/home/jade/Desktop/eYRC_26-27_Hole-The_Explorer/eYRC_26-27_Hola-The-Explorer/install/task_1c/lib/pkgconfig/task_1c.pc'
[1.211s] Level 1:colcon.colcon_core.environment:checking '/home/jade/Desktop/eYRC_26-27_Hole-The_Explorer/eYRC_26-27_Hola-The-Explorer/install/task_1c/lib/python3.10/site-packages'
[1.212s] Level 1:colcon.colcon_core.environment:checking '/home/jade/Desktop/eYRC_26-27_Hole-The_Explorer/eYRC_26-27_Hola-The-Explorer/install/task_1c/bin'
[1.212s] INFO:colcon.colcon_core.shell:Creating package script '/home/jade/Desktop/eYRC_26-27_Hole-The_Explorer/eYRC_26-27_Hola-The-Explorer/install/task_1c/share/task_1c/package.ps1'
[1.213s] INFO:colcon.colcon_core.shell:Creating package descriptor '/home/jade/Desktop/eYRC_26-27_Hole-The_Explorer/eYRC_26-27_Hola-The-Explorer/install/task_1c/share/task_1c/package.dsv'
[1.213s] INFO:colcon.colcon_core.shell:Creating package script '/home/jade/Desktop/eYRC_26-27_Hole-The_Explorer/eYRC_26-27_Hola-The-Explorer/install/task_1c/share/task_1c/package.sh'
[1.214s] INFO:colcon.colcon_core.shell:Creating package script '/home/jade/Desktop/eYRC_26-27_Hole-The_Explorer/eYRC_26-27_Hola-The-Explorer/install/task_1c/share/task_1c/package.bash'
[1.214s] INFO:colcon.colcon_core.shell:Creating package script '/home/jade/Desktop/eYRC_26-27_Hole-The_Explorer/eYRC_26-27_Hola-The-Explorer/install/task_1c/share/task_1c/package.zsh'
[1.215s] Level 1:colcon.colcon_core.environment:create_file_with_runtime_dependencies(/home/jade/Desktop/eYRC_26-27_Hole-The_Explorer/eYRC_26-27_Hola-The-Explorer/install/task_1c/share/colcon-core/packages/task_1c)
[1.592s] DEBUG:colcon.colcon_core.event_handler.log_command:Invoked command in '/home/jade/Desktop/eYRC_26-27_Hole-The_Explorer/eYRC_26-27_Hola-The-Explorer/build/task_1a' returned '0': AMENT_PREFIX_PATH=/home/jade/Desktop/eYRC_26-27_Hole-The_Explorer/eYRC_26-27_Hola-The-Explorer/install/shape_interface:${AMENT_PREFIX_PATH} CMAKE_PREFIX_PATH=/home/jade/Desktop/eYRC_26-27_Hole-The_Explorer/eYRC_26-27_Hola-The-Explorer/install/shape_interface:/opt/ros/humble LD_LIBRARY_PATH=/home/jade/Desktop/eYRC_26-27_Hole-The_Explorer/eYRC_26-27_Hola-The-Explorer/install/shape_interface/lib:${LD_LIBRARY_PATH} PYTHONPATH=/home/jade/Desktop/eYRC_26-27_Hole-The_Explorer/eYRC_26-27_Hola-The-Explorer/install/shape_interface/local/lib/python3.10/dist-packages:${PYTHONPATH} /usr/bin/cmake --build /home/jade/Desktop/eYRC_26-27_Hole-The_Explorer/eYRC_26-27_Hola-The-Explorer/build/task_1a -- -j12 -l12
[1.594s] DEBUG:colcon.colcon_core.event_handler.log_command:Invoking command in '/home/jade/Desktop/eYRC_26-27_Hole-The_Explorer/eYRC_26-27_Hola-The-Explorer/build/task_1a': AMENT_PREFIX_PATH=/home/jade/Desktop/eYRC_26-27_Hole-The_Explorer/eYRC_26-27_Hola-The-Explorer/install/shape_interface:${AMENT_PREFIX_PATH} CMAKE_PREFIX_PATH=/home/jade/Desktop/eYRC_26-27_Hole-The_Explorer/eYRC_26-27_Hola-The-Explorer/install/shape_interface:/opt/ros/humble LD_LIBRARY_PATH=/home/jade/Desktop/eYRC_26-27_Hole-The_Explorer/eYRC_26-27_Hola-The-Explorer/install/shape_interface/lib:${LD_LIBRARY_PATH} PYTHONPATH=/home/jade/Desktop/eYRC_26-27_Hole-The_Explorer/eYRC_26-27_Hola-The-Explorer/install/shape_interface/local/lib/python3.10/dist-packages:${PYTHONPATH} /usr/bin/cmake --install /home/jade/Desktop/eYRC_26-27_Hole-The_Explorer/eYRC_26-27_Hola-The-Explorer/build/task_1a
[1.657s] Level 1:colcon.colcon_core.environment:create_environment_scripts_only(task_1a)
[1.657s] Level 1:colcon.colcon_core.environment:checking '/home/jade/Desktop/eYRC_26-27_Hole-The_Explorer/eYRC_26-27_Hola-The-Explorer/install/task_1a' for CMake module files
[1.658s] DEBUG:colcon.colcon_core.event_handler.log_command:Invoked command in '/home/jade/Desktop/eYRC_26-27_Hole-The_Explorer/eYRC_26-27_Hola-The-Explorer/build/task_1a' returned '0': AMENT_PREFIX_PATH=/home/jade/Desktop/eYRC_26-27_Hole-The_Explorer/eYRC_26-27_Hola-The-Explorer/install/shape_interface:${AMENT_PREFIX_PATH} CMAKE_PREFIX_PATH=/home/jade/Desktop/eYRC_26-27_Hole-The_Explorer/eYRC_26-27_Hola-The-Explorer/install/shape_interface:/opt/ros/humble LD_LIBRARY_PATH=/home/jade/Desktop/eYRC_26-27_Hole-The_Explorer/eYRC_26-27_Hola-The-Explorer/install/shape_interface/lib:${LD_LIBRARY_PATH} PYTHONPATH=/home/jade/Desktop/eYRC_26-27_Hole-The_Explorer/eYRC_26-27_Hola-The-Explorer/install/shape_interface/local/lib/python3.10/dist-packages:${PYTHONPATH} /usr/bin/cmake --install /home/jade/Desktop/eYRC_26-27_Hole-The_Explorer/eYRC_26-27_Hola-The-Explorer/build/task_1a
[1.658s] Level 1:colcon.colcon_core.environment:checking '/home/jade/Desktop/eYRC_26-27_Hole-The_Explorer/eYRC_26-27_Hola-The-Explorer/install/task_1a' for CMake config files
[1.658s] Level 1:colcon.colcon_core.shell:create_environment_hook('task_1a', 'cmake_prefix_path')
[1.659s] INFO:colcon.colcon_core.shell:Creating environment hook '/home/jade/Desktop/eYRC_26-27_Hole-The_Explorer/eYRC_26-27_Hola-The-Explorer/install/task_1a/share/task_1a/hook/cmake_prefix_path.ps1'
[1.659s] INFO:colcon.colcon_core.shell:Creating environment descriptor '/home/jade/Desktop/eYRC_26-27_Hole-The_Explorer/eYRC_26-27_Hola-The-Explorer/install/task_1a/share/task_1a/hook/cmake_prefix_path.dsv'
[1.660s] INFO:colcon.colcon_core.shell:Creating environment hook '/home/jade/Desktop/eYRC_26-27_Hole-The_Explorer/eYRC_26-27_Hola-The-Explorer/install/task_1a/share/task_1a/hook/cmake_prefix_path.sh'
[1.661s] Level 1:colcon.colcon_core.environment:checking '/home/jade/Desktop/eYRC_26-27_Hole-The_Explorer/eYRC_26-27_Hola-The-Explorer/install/task_1a/lib'
[1.661s] Level 1:colcon.colcon_core.environment:checking '/home/jade/Desktop/eYRC_26-27_Hole-The_Explorer/eYRC_26-27_Hola-The-Explorer/install/task_1a/bin'
[1.661s] Level 1:colcon.colcon_core.environment:checking '/home/jade/Desktop/eYRC_26-27_Hole-The_Explorer/eYRC_26-27_Hola-The-Explorer/install/task_1a/lib/pkgconfig/task_1a.pc'
[1.661s] Level 1:colcon.colcon_core.environment:checking '/home/jade/Desktop/eYRC_26-27_Hole-The_Explorer/eYRC_26-27_Hola-The-Explorer/install/task_1a/lib/python3.10/site-packages'
[1.661s] Level 1:colcon.colcon_core.environment:checking '/home/jade/Desktop/eYRC_26-27_Hole-The_Explorer/eYRC_26-27_Hola-The-Explorer/install/task_1a/bin'
[1.662s] INFO:colcon.colcon_core.shell:Creating package script '/home/jade/Desktop/eYRC_26-27_Hole-The_Explorer/eYRC_26-27_Hola-The-Explorer/install/task_1a/share/task_1a/package.ps1'
[1.662s] INFO:colcon.colcon_core.shell:Creating package descriptor '/home/jade/Desktop/eYRC_26-27_Hole-The_Explorer/eYRC_26-27_Hola-The-Explorer/install/task_1a/share/task_1a/package.dsv'
[1.663s] INFO:colcon.colcon_core.shell:Creating package script '/home/jade/Desktop/eYRC_26-27_Hole-The_Explorer/eYRC_26-27_Hola-The-Explorer/install/task_1a/share/task_1a/package.sh'
[1.663s] INFO:colcon.colcon_core.shell:Creating package script '/home/jade/Desktop/eYRC_26-27_Hole-The_Explorer/eYRC_26-27_Hola-The-Explorer/install/task_1a/share/task_1a/package.bash'
[1.664s] INFO:colcon.colcon_core.shell:Creating package script '/home/jade/Desktop/eYRC_26-27_Hole-The_Explorer/eYRC_26-27_Hola-The-Explorer/install/task_1a/share/task_1a/package.zsh'
[1.664s] Level 1:colcon.colcon_core.environment:create_file_with_runtime_dependencies(/home/jade/Desktop/eYRC_26-27_Hole-The_Explorer/eYRC_26-27_Hola-The-Explorer/install/task_1a/share/colcon-core/packages/task_1a)
[1.665s] Level 1:colcon.colcon_core.environment:create_environment_scripts_only(task_1a)
[1.665s] Level 1:colcon.colcon_core.environment:checking '/home/jade/Desktop/eYRC_26-27_Hole-The_Explorer/eYRC_26-27_Hola-The-Explorer/install/task_1a' for CMake module files
[1.666s] Level 1:colcon.colcon_core.environment:checking '/home/jade/Desktop/eYRC_26-27_Hole-The_Explorer/eYRC_26-27_Hola-The-Explorer/install/task_1a' for CMake config files
[1.666s] Level 1:colcon.colcon_core.shell:create_environment_hook('task_1a', 'cmake_prefix_path')
[1.666s] INFO:colcon.colcon_core.shell:Creating environment hook '/home/jade/Desktop/eYRC_26-27_Hole-The_Explorer/eYRC_26-27_Hola-The-Explorer/install/task_1a/share/task_1a/hook/cmake_prefix_path.ps1'
[1.667s] INFO:colcon.colcon_core.shell:Creating environment descriptor '/home/jade/Desktop/eYRC_26-27_Hole-The_Explorer/eYRC_26-27_Hola-The-Explorer/install/task_1a/share/task_1a/hook/cmake_prefix_path.dsv'
[1.667s] INFO:colcon.colcon_core.shell:Creating environment hook '/home/jade/Desktop/eYRC_26-27_Hole-The_Explorer/eYRC_26-27_Hola-The-Explorer/install/task_1a/share/task_1a/hook/cmake_prefix_path.sh'
[1.668s] Level 1:colcon.colcon_core.environment:checking '/home/jade/Desktop/eYRC_26-27_Hole-The_Explorer/eYRC_26-27_Hola-The-Explorer/install/task_1a/lib'
[1.668s] Level 1:colcon.colcon_core.environment:checking '/home/jade/Desktop/eYRC_26-27_Hole-The_Explorer/eYRC_26-27_Hola-The-Explorer/install/task_1a/bin'
[1.668s] Level 1:colcon.colcon_core.environment:checking '/home/jade/Desktop/eYRC_26-27_Hole-The_Explorer/eYRC_26-27_Hola-The-Explorer/install/task_1a/lib/pkgconfig/task_1a.pc'
[1.668s] Level 1:colcon.colcon_core.environment:checking '/home/jade/Desktop/eYRC_26-27_Hole-The_Explorer/eYRC_26-27_Hola-The-Explorer/install/task_1a/lib/python3.10/site-packages'
[1.669s] Level 1:colcon.colcon_core.environment:checking '/home/jade/Desktop/eYRC_26-27_Hole-The_Explorer/eYRC_26-27_Hola-The-Explorer/install/task_1a/bin'
[1.669s] INFO:colcon.colcon_core.shell:Creating package script '/home/jade/Desktop/eYRC_26-27_Hole-The_Explorer/eYRC_26-27_Hola-The-Explorer/install/task_1a/share/task_1a/package.ps1'
[1.670s] INFO:colcon.colcon_core.shell:Creating package descriptor '/home/jade/Desktop/eYRC_26-27_Hole-The_Explorer/eYRC_26-27_Hola-The-Explorer/install/task_1a/share/task_1a/package.dsv'
[1.670s] INFO:colcon.colcon_core.shell:Creating package script '/home/jade/Desktop/eYRC_26-27_Hole-The_Explorer/eYRC_26-27_Hola-The-Explorer/install/task_1a/share/task_1a/package.sh'
[1.671s] INFO:colcon.colcon_core.shell:Creating package script '/home/jade/Desktop/eYRC_26-27_Hole-The_Explorer/eYRC_26-27_Hola-The-Explorer/install/task_1a/share/task_1a/package.bash'
[1.671s] INFO:colcon.colcon_core.shell:Creating package script '/home/jade/Desktop/eYRC_26-27_Hole-The_Explorer/eYRC_26-27_Hola-The-Explorer/install/task_1a/share/task_1a/package.zsh'
[1.672s] Level 1:colcon.colcon_core.environment:create_file_with_runtime_dependencies(/home/jade/Desktop/eYRC_26-27_Hole-The_Explorer/eYRC_26-27_Hola-The-Explorer/install/task_1a/share/colcon-core/packages/task_1a)
[1.672s] INFO:colcon.colcon_ros.task.ament_cmake.build:Building ROS package in '/home/jade/Desktop/eYRC_26-27_Hole-The_Explorer/eYRC_26-27_Hola-The-Explorer/Software/workspace/src/hb_description' with build type 'ament_cmake'
[1.673s] INFO:colcon.colcon_cmake.task.cmake.build:Building CMake package in '/home/jade/Desktop/eYRC_26-27_Hole-The_Explorer/eYRC_26-27_Hola-The-Explorer/Software/workspace/src/hb_description'
[1.673s] INFO:colcon.colcon_core.shell:Skip shell extension 'powershell' for command environment: Not usable outside of PowerShell
[1.673s] DEBUG:colcon.colcon_core.shell:Skip shell extension 'dsv' for command environment
[1.687s] DEBUG:colcon.colcon_core.event_handler.log_command:Invoking command in '/home/jade/Desktop/eYRC_26-27_Hole-The_Explorer/eYRC_26-27_Hola-The-Explorer/build/hb_description': AMENT_PREFIX_PATH=/home/jade/Desktop/eYRC_26-27_Hole-The_Explorer/eYRC_26-27_Hola-The-Explorer/install/task_1a:/home/jade/Desktop/eYRC_26-27_Hole-The_Explorer/eYRC_26-27_Hola-The-Explorer/install/shape_interface:${AMENT_PREFIX_PATH} CMAKE_PREFIX_PATH=/home/jade/Desktop/eYRC_26-27_Hole-The_Explorer/eYRC_26-27_Hola-The-Explorer/install/task_1a:/home/jade/Desktop/eYRC_26-27_Hole-The_Explorer/eYRC_26-27_Hola-The-Explorer/install/shape_interface:/opt/ros/humble LD_LIBRARY_PATH=/home/jade/Desktop/eYRC_26-27_Hole-The_Explorer/eYRC_26-27_Hola-The-Explorer/install/shape_interface/lib:${LD_LIBRARY_PATH} PYTHONPATH=/home/jade/Desktop/eYRC_26-27_Hole-The_Explorer/eYRC_26-27_Hola-The-Explorer/install/task_1a/local/lib/python3.10/dist-packages:/home/jade/Desktop/eYRC_26-27_Hole-The_Explorer/eYRC_26-27_Hola-The-Explorer/install/shape_interface/local/lib/python3.10/dist-packages:${PYTHONPATH} /usr/bin/cmake --build /home/jade/Desktop/eYRC_26-27_Hole-The_Explorer/eYRC_26-27_Hola-The-Explorer/build/hb_description -- -j12 -l12
[1.740s] DEBUG:colcon.colcon_core.event_handler.log_command:Invoked command in '/home/jade/Desktop/eYRC_26-27_Hole-The_Explorer/eYRC_26-27_Hola-The-Explorer/build/hb_description' returned '0': AMENT_PREFIX_PATH=/home/jade/Desktop/eYRC_26-27_Hole-The_Explorer/eYRC_26-27_Hola-The-Explorer/install/task_1a:/home/jade/Desktop/eYRC_26-27_Hole-The_Explorer/eYRC_26-27_Hola-The-Explorer/install/shape_interface:${AMENT_PREFIX_PATH} CMAKE_PREFIX_PATH=/home/jade/Desktop/eYRC_26-27_Hole-The_Explorer/eYRC_26-27_Hola-The-Explorer/install/task_1a:/home/jade/Desktop/eYRC_26-27_Hole-The_Explorer/eYRC_26-27_Hola-The-Explorer/install/shape_interface:/opt/ros/humble LD_LIBRARY_PATH=/home/jade/Desktop/eYRC_26-27_Hole-The_Explorer/eYRC_26-27_Hola-The-Explorer/install/shape_interface/lib:${LD_LIBRARY_PATH} PYTHONPATH=/home/jade/Desktop/eYRC_26-27_Hole-The_Explorer/eYRC_26-27_Hola-The-Explorer/install/task_1a/local/lib/python3.10/dist-packages:/home/jade/Desktop/eYRC_26-27_Hole-The_Explorer/eYRC_26-27_Hola-The-Explorer/install/shape_interface/local/lib/python3.10/dist-packages:${PYTHONPATH} /usr/bin/cmake --build /home/jade/Desktop/eYRC_26-27_Hole-The_Explorer/eYRC_26-27_Hola-The-Explorer/build/hb_description -- -j12 -l12
[1.743s] DEBUG:colcon.colcon_core.event_handler.log_command:Invoking command in '/home/jade/Desktop/eYRC_26-27_Hole-The_Explorer/eYRC_26-27_Hola-The-Explorer/build/hb_description': AMENT_PREFIX_PATH=/home/jade/Desktop/eYRC_26-27_Hole-The_Explorer/eYRC_26-27_Hola-The-Explorer/install/task_1a:/home/jade/Desktop/eYRC_26-27_Hole-The_Explorer/eYRC_26-27_Hola-The-Explorer/install/shape_interface:${AMENT_PREFIX_PATH} CMAKE_PREFIX_PATH=/home/jade/Desktop/eYRC_26-27_Hole-The_Explorer/eYRC_26-27_Hola-The-Explorer/install/task_1a:/home/jade/Desktop/eYRC_26-27_Hole-The_Explorer/eYRC_26-27_Hola-The-Explorer/install/shape_interface:/opt/ros/humble LD_LIBRARY_PATH=/home/jade/Desktop/eYRC_26-27_Hole-The_Explorer/eYRC_26-27_Hola-The-Explorer/install/shape_interface/lib:${LD_LIBRARY_PATH} PYTHONPATH=/home/jade/Desktop/eYRC_26-27_Hole-The_Explorer/eYRC_26-27_Hola-The-Explorer/install/task_1a/local/lib/python3.10/dist-packages:/home/jade/Desktop/eYRC_26-27_Hole-The_Explorer/eYRC_26-27_Hola-The-Explorer/install/shape_interface/local/lib/python3.10/dist-packages:${PYTHONPATH} /usr/bin/cmake --install /home/jade/Desktop/eYRC_26-27_Hole-The_Explorer/eYRC_26-27_Hola-The-Explorer/build/hb_description
[1.756s] Level 1:colcon.colcon_core.environment:create_environment_scripts_only(hb_description)
[1.756s] Level 1:colcon.colcon_core.environment:checking '/home/jade/Desktop/eYRC_26-27_Hole-The_Explorer/eYRC_26-27_Hola-The-Explorer/install/hb_description' for CMake module files
[1.757s] DEBUG:colcon.colcon_core.event_handler.log_command:Invoked command in '/home/jade/Desktop/eYRC_26-27_Hole-The_Explorer/eYRC_26-27_Hola-The-Explorer/build/hb_description' returned '0': AMENT_PREFIX_PATH=/home/jade/Desktop/eYRC_26-27_Hole-The_Explorer/eYRC_26-27_Hola-The-Explorer/install/task_1a:/home/jade/Desktop/eYRC_26-27_Hole-The_Explorer/eYRC_26-27_Hola-The-Explorer/install/shape_interface:${AMENT_PREFIX_PATH} CMAKE_PREFIX_PATH=/home/jade/Desktop/eYRC_26-27_Hole-The_Explorer/eYRC_26-27_Hola-The-Explorer/install/task_1a:/home/jade/Desktop/eYRC_26-27_Hole-The_Explorer/eYRC_26-27_Hola-The-Explorer/install/shape_interface:/opt/ros/humble LD_LIBRARY_PATH=/home/jade/Desktop/eYRC_26-27_Hole-The_Explorer/eYRC_26-27_Hola-The-Explorer/install/shape_interface/lib:${LD_LIBRARY_PATH} PYTHONPATH=/home/jade/Desktop/eYRC_26-27_Hole-The_Explorer/eYRC_26-27_Hola-The-Explorer/install/task_1a/local/lib/python3.10/dist-packages:/home/jade/Desktop/eYRC_26-27_Hole-The_Explorer/eYRC_26-27_Hola-The-Explorer/install/shape_interface/local/lib/python3.10/dist-packages:${PYTHONPATH} /usr/bin/cmake --install /home/jade/Desktop/eYRC_26-27_Hole-The_Explorer/eYRC_26-27_Hola-The-Explorer/build/hb_description
[1.757s] Level 1:colcon.colcon_core.environment:checking '/home/jade/Desktop/eYRC_26-27_Hole-The_Explorer/eYRC_26-27_Hola-The-Explorer/install/hb_description' for CMake config files
[1.758s] Level 1:colcon.colcon_core.shell:create_environment_hook('hb_description', 'cmake_prefix_path')
[1.758s] INFO:colcon.colcon_core.shell:Creating environment hook '/home/jade/Desktop/eYRC_26-27_Hole-The_Explorer/eYRC_26-27_Hola-The-Explorer/install/hb_description/share/hb_description/hook/cmake_prefix_path.ps1'
[1.759s] INFO:colcon.colcon_core.shell:Creating environment descriptor '/home/jade/Desktop/eYRC_26-27_Hole-The_Explorer/eYRC_26-27_Hola-The-Explorer/install/hb_description/share/hb_description/hook/cmake_prefix_path.dsv'
[1.759s] INFO:colcon.colcon_core.shell:Creating environment hook '/home/jade/Desktop/eYRC_26-27_Hole-The_Explorer/eYRC_26-27_Hola-The-Explorer/install/hb_description/share/hb_description/hook/cmake_prefix_path.sh'
[1.760s] Level 1:colcon.colcon_core.environment:checking '/home/jade/Desktop/eYRC_26-27_Hole-The_Explorer/eYRC_26-27_Hola-The-Explorer/install/hb_description/lib'
[1.760s] Level 1:colcon.colcon_core.shell:create_environment_hook('hb_description', 'ld_library_path_lib')
[1.760s] INFO:colcon.colcon_core.shell:Creating environment hook '/home/jade/Desktop/eYRC_26-27_Hole-The_Explorer/eYRC_26-27_Hola-The-Explorer/install/hb_description/share/hb_description/hook/ld_library_path_lib.ps1'
[1.761s] INFO:colcon.colcon_core.shell:Creating environment descriptor '/home/jade/Desktop/eYRC_26-27_Hole-The_Explorer/eYRC_26-27_Hola-The-Explorer/install/hb_description/share/hb_description/hook/ld_library_path_lib.dsv'
[1.761s] INFO:colcon.colcon_core.shell:Creating environment hook '/home/jade/Desktop/eYRC_26-27_Hole-The_Explorer/eYRC_26-27_Hola-The-Explorer/install/hb_description/share/hb_description/hook/ld_library_path_lib.sh'
[1.762s] Level 1:colcon.colcon_core.environment:checking '/home/jade/Desktop/eYRC_26-27_Hole-The_Explorer/eYRC_26-27_Hola-The-Explorer/install/hb_description/bin'
[1.762s] Level 1:colcon.colcon_core.environment:checking '/home/jade/Desktop/eYRC_26-27_Hole-The_Explorer/eYRC_26-27_Hola-The-Explorer/install/hb_description/lib/pkgconfig/hb_description.pc'
[1.762s] Level 1:colcon.colcon_core.environment:checking '/home/jade/Desktop/eYRC_26-27_Hole-The_Explorer/eYRC_26-27_Hola-The-Explorer/install/hb_description/lib/python3.10/site-packages'
[1.763s] Level 1:colcon.colcon_core.environment:checking '/home/jade/Desktop/eYRC_26-27_Hole-The_Explorer/eYRC_26-27_Hola-The-Explorer/install/hb_description/bin'
[1.763s] INFO:colcon.colcon_core.shell:Creating package script '/home/jade/Desktop/eYRC_26-27_Hole-The_Explorer/eYRC_26-27_Hola-The-Explorer/install/hb_description/share/hb_description/package.ps1'
[1.764s] INFO:colcon.colcon_core.shell:Creating package descriptor '/home/jade/Desktop/eYRC_26-27_Hole-The_Explorer/eYRC_26-27_Hola-The-Explorer/install/hb_description/share/hb_description/package.dsv'
[1.764s] INFO:colcon.colcon_core.shell:Creating package script '/home/jade/Desktop/eYRC_26-27_Hole-The_Explorer/eYRC_26-27_Hola-The-Explorer/install/hb_description/share/hb_description/package.sh'
[1.765s] INFO:colcon.colcon_core.shell:Creating package script '/home/jade/Desktop/eYRC_26-27_Hole-The_Explorer/eYRC_26-27_Hola-The-Explorer/install/hb_description/share/hb_description/package.bash'
[1.765s] INFO:colcon.colcon_core.shell:Creating package script '/home/jade/Desktop/eYRC_26-27_Hole-The_Explorer/eYRC_26-27_Hola-The-Explorer/install/hb_description/share/hb_description/package.zsh'
[1.766s] Level 1:colcon.colcon_core.environment:create_file_with_runtime_dependencies(/home/jade/Desktop/eYRC_26-27_Hole-The_Explorer/eYRC_26-27_Hola-The-Explorer/install/hb_description/share/colcon-core/packages/hb_description)
[1.766s] Level 1:colcon.colcon_core.environment:create_environment_scripts_only(hb_description)
[1.767s] Level 1:colcon.colcon_core.environment:checking '/home/jade/Desktop/eYRC_26-27_Hole-The_Explorer/eYRC_26-27_Hola-The-Explorer/install/hb_description' for CMake module files
[1.767s] Level 1:colcon.colcon_core.environment:checking '/home/jade/Desktop/eYRC_26-27_Hole-The_Explorer/eYRC_26-27_Hola-The-Explorer/install/hb_description' for CMake config files
[1.767s] Level 1:colcon.colcon_core.shell:create_environment_hook('hb_description', 'cmake_prefix_path')
[1.768s] INFO:colcon.colcon_core.shell:Creating environment hook '/home/jade/Desktop/eYRC_26-27_Hole-The_Explorer/eYRC_26-27_Hola-The-Explorer/install/hb_description/share/hb_description/hook/cmake_prefix_path.ps1'
[1.768s] INFO:colcon.colcon_core.shell:Creating environment descriptor '/home/jade/Desktop/eYRC_26-27_Hole-The_Explorer/eYRC_26-27_Hola-The-Explorer/install/hb_description/share/hb_description/hook/cmake_prefix_path.dsv'
[1.768s] INFO:colcon.colcon_core.shell:Creating environment hook '/home/jade/Desktop/eYRC_26-27_Hole-The_Explorer/eYRC_26-27_Hola-The-Explorer/install/hb_description/share/hb_description/hook/cmake_prefix_path.sh'
[1.769s] Level 1:colcon.colcon_core.environment:checking '/home/jade/Desktop/eYRC_26-27_Hole-The_Explorer/eYRC_26-27_Hola-The-Explorer/install/hb_description/lib'
[1.769s] Level 1:colcon.colcon_core.shell:create_environment_hook('hb_description', 'ld_library_path_lib')
[1.769s] INFO:colcon.colcon_core.shell:Creating environment hook '/home/jade/Desktop/eYRC_26-27_Hole-The_Explorer/eYRC_26-27_Hola-The-Explorer/install/hb_description/share/hb_description/hook/ld_library_path_lib.ps1'
[1.770s] INFO:colcon.colcon_core.shell:Creating environment descriptor '/home/jade/Desktop/eYRC_26-27_Hole-The_Explorer/eYRC_26-27_Hola-The-Explorer/install/hb_description/share/hb_description/hook/ld_library_path_lib.dsv'
[1.770s] INFO:colcon.colcon_core.shell:Creating environment hook '/home/jade/Desktop/eYRC_26-27_Hole-The_Explorer/eYRC_26-27_Hola-The-Explorer/install/hb_description/share/hb_description/hook/ld_library_path_lib.sh'
[1.771s] Level 1:colcon.colcon_core.environment:checking '/home/jade/Desktop/eYRC_26-27_Hole-The_Explorer/eYRC_26-27_Hola-The-Explorer/install/hb_description/bin'
[1.771s] Level 1:colcon.colcon_core.environment:checking '/home/jade/Desktop/eYRC_26-27_Hole-The_Explorer/eYRC_26-27_Hola-The-Explorer/install/hb_description/lib/pkgconfig/hb_description.pc'
[1.771s] Level 1:colcon.colcon_core.environment:checking '/home/jade/Desktop/eYRC_26-27_Hole-The_Explorer/eYRC_26-27_Hola-The-Explorer/install/hb_description/lib/python3.10/site-packages'
[1.772s] Level 1:colcon.colcon_core.environment:checking '/home/jade/Desktop/eYRC_26-27_Hole-The_Explorer/eYRC_26-27_Hola-The-Explorer/install/hb_description/bin'
[1.772s] INFO:colcon.colcon_core.shell:Creating package script '/home/jade/Desktop/eYRC_26-27_Hole-The_Explorer/eYRC_26-27_Hola-The-Explorer/install/hb_description/share/hb_description/package.ps1'
[1.773s] INFO:colcon.colcon_core.shell:Creating package descriptor '/home/jade/Desktop/eYRC_26-27_Hole-The_Explorer/eYRC_26-27_Hola-The-Explorer/install/hb_description/share/hb_description/package.dsv'
[1.773s] INFO:colcon.colcon_core.shell:Creating package script '/home/jade/Desktop/eYRC_26-27_Hole-The_Explorer/eYRC_26-27_Hola-The-Explorer/install/hb_description/share/hb_description/package.sh'
[1.774s] INFO:colcon.colcon_core.shell:Creating package script '/home/jade/Desktop/eYRC_26-27_Hole-The_Explorer/eYRC_26-27_Hola-The-Explorer/install/hb_description/share/hb_description/package.bash'
[1.774s] INFO:colcon.colcon_core.shell:Creating package script '/home/jade/Desktop/eYRC_26-27_Hole-The_Explorer/eYRC_26-27_Hola-The-Explorer/install/hb_description/share/hb_description/package.zsh'
[1.775s] Level 1:colcon.colcon_core.environment:create_file_with_runtime_dependencies(/home/jade/Desktop/eYRC_26-27_Hole-The_Explorer/eYRC_26-27_Hola-The-Explorer/install/hb_description/share/colcon-core/packages/hb_description)
[1.775s] DEBUG:colcon.colcon_parallel_executor.executor.parallel:closing loop
[1.776s] DEBUG:colcon.colcon_parallel_executor.executor.parallel:loop closed
[1.776s] DEBUG:colcon.colcon_parallel_executor.executor.parallel:run_until_complete finished with '0'
[1.776s] DEBUG:colcon.colcon_core.event_reactor:joining thread
[1.783s] INFO:colcon.colcon_core.plugin_system:Skipping extension 'colcon_notification.desktop_notification.terminal_notifier': Not used on non-Darwin systems
[1.783s] INFO:colcon.colcon_core.plugin_system:Skipping extension 'colcon_notification.desktop_notification.win32': Not used on non-Windows systems
[1.783s] INFO:colcon.colcon_notification.desktop_notification:Sending desktop notification using 'notify2'
[1.812s] DEBUG:colcon.colcon_core.event_reactor:joined thread
[1.813s] INFO:colcon.colcon_core.shell:Creating prefix script '/home/jade/Desktop/eYRC_26-27_Hole-The_Explorer/eYRC_26-27_Hola-The-Explorer/install/local_setup.ps1'
[1.815s] INFO:colcon.colcon_core.shell:Creating prefix util module '/home/jade/Desktop/eYRC_26-27_Hole-The_Explorer/eYRC_26-27_Hola-The-Explorer/install/_local_setup_util_ps1.py'
[1.818s] INFO:colcon.colcon_core.shell:Creating prefix chain script '/home/jade/Desktop/eYRC_26-27_Hole-The_Explorer/eYRC_26-27_Hola-The-Explorer/install/setup.ps1'
[1.820s] INFO:colcon.colcon_core.shell:Creating prefix script '/home/jade/Desktop/eYRC_26-27_Hole-The_Explorer/eYRC_26-27_Hola-The-Explorer/install/local_setup.sh'
[1.821s] INFO:colcon.colcon_core.shell:Creating prefix util module '/home/jade/Desktop/eYRC_26-27_Hole-The_Explorer/eYRC_26-27_Hola-The-Explorer/install/_local_setup_util_sh.py'
[1.822s] INFO:colcon.colcon_core.shell:Creating prefix chain script '/home/jade/Desktop/eYRC_26-27_Hole-The_Explorer/eYRC_26-27_Hola-The-Explorer/install/setup.sh'
[1.824s] INFO:colcon.colcon_core.shell:Creating prefix script '/home/jade/Desktop/eYRC_26-27_Hole-The_Explorer/eYRC_26-27_Hola-The-Explorer/install/local_setup.bash'
[1.825s] INFO:colcon.colcon_core.shell:Creating prefix chain script '/home/jade/Desktop/eYRC_26-27_Hole-The_Explorer/eYRC_26-27_Hola-The-Explorer/install/setup.bash'
[1.826s] INFO:colcon.colcon_core.shell:Creating prefix script '/home/jade/Desktop/eYRC_26-27_Hole-The_Explorer/eYRC_26-27_Hola-The-Explorer/install/local_setup.zsh'
[1.827s] INFO:colcon.colcon_core.shell:Creating prefix chain script '/home/jade/Desktop/eYRC_26-27_Hole-The_Explorer/eYRC_26-27_Hola-The-Explorer/install/setup.zsh'
